[
    ControlFlowBlock {
        start_instruction_idx: 0,
        end_instruction_idx: 9,
        last_instruction_branch: true,
    },
]