0x0000: s_load_dwordx4 s[0:3], s[0:1], 0x0
0x0004: s_waitcnt 0xc07f
0x0008: s_buffer_load_dwordx4 s[0:3], s[0:3], 0x0
0x000c: s_waitcnt 0xc07f
0x0010: v_mov_b32 v0, s1
0x0014: v_mov_b32 v1, s3
0x0018: v_cvt_pkrtz_f16_f32 v0, s0, v0
0x001c: v_cvt_pkrtz_f16_f32 v1, s2, v1
0x0020: exp mrt_color0, v0, v1, off, off, compress, done, vm
0x0028: s_endpgm 0x0