[
    Instruction {
        inner: SOP1(
            SOP1Instruction {
                op: s_mov_b32,
                ssrc0: LiteralConstant,
                sdst: VccHi,
            },
        ),
        literal_constant: Some(
            8,
        ),
        program_counter: 0,
    },
    Instruction {
        inner: VOP1(
            VOP1Instruction {
                op: v_mov_b32,
                src0: Scalar(
                    IntegerConstant(
                        InlineIntegerConstant(
                            0,
                        ),
                    ),
                ),
                vdst: VectorGPR {
                    register_idx: 2,
                },
            },
        ),
        literal_constant: None,
        program_counter: 8,
    },
    Instruction {
        inner: SOPK(
            SOPKInstruction {
                op: s_movk_i32,
                simm16: 1920,
                sdst: VccLo,
            },
        ),
        literal_constant: None,
        program_counter: 12,
    },
    Instruction {
        inner: VOP3(
            VOP3Instruction {
                op: VOP3(
                    v_mad_u32_u24,
                ),
                vdst: VectorGPR {
                    register_idx: 1,
                },
                src0: TransformedOperand {
                    operand: VectorGPR(
                        VectorGPR {
                            register_idx: 0,
                        },
                    ),
                    abs: false,
                    neg: false,
                },
                src1: TransformedOperand {
                    operand: Scalar(
                        IntegerConstant(
                            InlineIntegerConstant(
                                4,
                            ),
                        ),
                    ),
                    abs: false,
                    neg: false,
                },
                src2: TransformedOperand {
                    operand: Scalar(
                        Destination(
                            VccLo,
                        ),
                    ),
                    abs: false,
                    neg: false,
                },
                clamp: false,
                output_modifier: None,
            },
        ),
        literal_constant: None,
        program_counter: 16,
    },
    Instruction {
        inner: SOP2(
            SOP2Instruction {
                op: s_bfm_b32,
                ssrc0: IntegerConstant(
                    InlineIntegerConstant(
                        2,
                    ),
                ),
                ssrc1: IntegerConstant(
                    InlineIntegerConstant(
                        14,
                    ),
                ),
                sdst: M0,
            },
        ),
        literal_constant: None,
        program_counter: 24,
    },
    Instruction {
        inner: DS(
            DSInstruction {
                op: ds_write2_b32,
                offset0: 0,
                offset1: 8,
                gds: true,
                addr: VectorGPR {
                    register_idx: 1,
                },
                data0: VectorGPR {
                    register_idx: 2,
                },
                data1: VectorGPR {
                    register_idx: 2,
                },
                vdst: VectorGPR {
                    register_idx: 0,
                },
            },
        ),
        literal_constant: None,
        program_counter: 28,
    },
    Instruction {
        inner: SOPP(
            SOPPInstruction {
                op: s_waitcnt,
                simm16: 3855,
            },
        ),
        literal_constant: None,
        program_counter: 36,
    },
    Instruction {
        inner: VOPC(
            VOPCInstruction {
                op: v_cmpx_eq_u32,
                src0: Scalar(
                    IntegerConstant(
                        InlineIntegerConstant(
                            0,
                        ),
                    ),
                ),
                vsrc1: VectorGPR {
                    register_idx: 0,
                },
            },
        ),
        literal_constant: None,
        program_counter: 40,
    },
    Instruction {
        inner: SOPP(
            SOPPInstruction {
                op: s_cbranch_execz,
                simm16: 3,
            },
        ),
        literal_constant: None,
        program_counter: 44,
    },
    Instruction {
        inner: VOP1(
            VOP1Instruction {
                op: v_mov_b32,
                src0: Scalar(
                    IntegerConstant(
                        InlineIntegerConstant(
                            0,
                        ),
                    ),
                ),
                vdst: VectorGPR {
                    register_idx: 0,
                },
            },
        ),
        literal_constant: None,
        program_counter: 48,
    },
    Instruction {
        inner: DS(
            DSInstruction {
                op: ds_write_b32,
                offset0: 192,
                offset1: 7,
                gds: true,
                addr: VectorGPR {
                    register_idx: 0,
                },
                data0: VectorGPR {
                    register_idx: 0,
                },
                data1: VectorGPR {
                    register_idx: 0,
                },
                vdst: VectorGPR {
                    register_idx: 0,
                },
            },
        ),
        literal_constant: None,
        program_counter: 52,
    },
    Instruction {
        inner: SOPP(
            SOPPInstruction {
                op: s_endpgm,
                simm16: 0,
            },
        ),
        literal_constant: None,
        program_counter: 60,
    },
]