0x0000: s_mov_b32 vcc_hi, 0x25
0x0008: v_mov_b32 v22, 0
0x000c: s_load_dwordx16 s[4:19], s[0:1], 0x0
0x0010: s_load_dwordx4 s[0:3], s[0:1], 0x10
0x0014: s_waitcnt 0x7f
0x0018: s_load_dwordx16 s[20:35], s[8:9], 0xff
0x0020: v_mov_b32 v4, s18
0x0024: s_waitcnt 0x7f
0x0028: v_mov_b32 v8, s24
0x002c: v_mov_b32 v9, s25
0x0030: v_mov_b32 v10, s26
0x0034: v_mov_b32 v11, s27
0x0038: v_mov_b32 v12, s28
0x003c: v_mov_b32 v13, s29
0x0040: v_mov_b32 v14, s30
0x0044: v_mov_b32 v15, s31
0x0048: v_mov_b32 v16, s32
0x004c: v_mov_b32 v17, s33
0x0050: v_mov_b32 v18, s34
0x0054: v_mov_b32 v19, s35
0x0058: v_mov_b32 v5, s19
0x005c: v_mov_b32 v6, s0
0x0060: v_mov_b32 v7, s1
0x0064: v_mov_b32 v20, s2
0x0068: v_mov_b32 v21, s3
0x006c: v_mov_b32 v0, s10
0x0070: v_mov_b32 v1, s11
0x0074: v_mov_b32 v2, s12
0x0078: v_mov_b32 v3, s13
0x007c: buffer_store_dwordx4 v[8:11], v0, s[4:7], offset=0x48, soffset=0x80
0x0084: s_nop 0x0
0x0088: v_mov_b32 v8, s20
0x008c: v_mov_b32 v9, s21
0x0090: v_mov_b32 v10, s22
0x0094: v_mov_b32 v11, s23
0x0098: buffer_store_dwordx4 v[8:11], v0, s[4:7], offset=0x38, soffset=0x80
0x00a0: buffer_store_dwordx4 v[12:15], v0, s[4:7], offset=0x58, soffset=0x80
0x00a8: s_nop 0x0
0x00ac: v_mov_b32 v12, s14
0x00b0: v_mov_b32 v13, s15
0x00b4: v_mov_b32 v14, s16
0x00b8: v_mov_b32 v15, s17
0x00bc: buffer_store_dwordx4 v[16:19], v0, s[4:7], offset=0x68, soffset=0x80
0x00c4: buffer_store_dwordx4 v[4:7], v0, s[4:7], offset=0x20, soffset=0x80
0x00cc: buffer_store_dwordx2 v[20:21], v22, s[4:7], idxen, offset=0x30, soffset=0x80
0x00d4: buffer_store_dwordx4 v[0:3], v0, s[4:7], offset=0x0, soffset=0x80
0x00dc: buffer_store_dwordx4 v[12:15], v0, s[4:7], offset=0x10, soffset=0x80
0x00e4: s_endpgm 0x0