0x0000: s_mov_b32 vcc_hi, 0x13
0x0008: v_mov_b32 v2, 0
0x000c: s_bfm_b32 m0, 2, 14
0x0010: unknown 
0x0018: s_load_dwordx4 s[0:3], s[0:1], 0x0
0x001c: v_mov_b32 v3, 0
0x0020: s_waitcnt 0x7f
0x0024: v_min_u32 v1, 0x300000, v0
0x002c: s_waitcnt 0xf0f
0x0030: v_add_co_u32 v0, 63, v1
0x0034: v_lshrrev_b32 v4, 6, v0
0x0038: v_mov_b32 v0, 0
0x003c: v_mov_b32 v5, 1
0x0040: unknown 
0x0048: s_mov_b64 s[6:7], exec
0x004c: s_waitcnt 0xf0f
0x0050: v_cmpx_gt_u32 exec, s2, v3, s0
0x0058: buffer_store_dword v4, v3, s[0:3], idxen, offset=0x0, soffset=0x80
0x0060: s_mov_b64 exec, s[6:7]
0x0064: v_cmpx_gt_u32 exec, s2, v5, s0
0x006c: buffer_store_dword v3, v5, s[0:3], idxen, offset=0x0, soffset=0x80
0x0074: s_endpgm 0x0