[
    Instruction {
        inner: SOP1(
            SOP1Instruction {
                op: s_mov_b32,
                ssrc0: LiteralConstant,
                sdst: VccHi,
            },
        ),
        literal_constant: Some(
            23,
        ),
        program_counter: 0,
    },
    Instruction {
        inner: SOP2(
            SOP2Instruction {
                op: s_lshl_b32,
                ssrc0: Destination(
                    ScalarGPR(
                        2,
                    ),
                ),
                ssrc1: IntegerConstant(
                    InlineIntegerConstant(
                        3,
                    ),
                ),
                sdst: VccLo,
            },
        ),
        literal_constant: None,
        program_counter: 8,
    },
    Instruction {
        inner: SOP2(
            SOP2Instruction {
                op: s_lshl_b32,
                ssrc0: Destination(
                    ScalarGPR(
                        3,
                    ),
                ),
                ssrc1: IntegerConstant(
                    InlineIntegerConstant(
                        3,
                    ),
                ),
                sdst: ScalarGPR(
                    5,
                ),
            },
        ),
        literal_constant: None,
        program_counter: 12,
    },
    Instruction {
        inner: SMEM(
            SMEMInstruction {
                op: s_load_dwordx2,
                offset: 12,
                imm: true,
                sbase: 0,
                sdst: ScalarGPR(
                    2,
                ),
            },
        ),
        literal_constant: None,
        program_counter: 16,
    },
    Instruction {
        inner: VOP2(
            VOP2Instruction {
                op: v_add_co_u32,
                src0: Scalar(
                    Destination(
                        VccLo,
                    ),
                ),
                vsrc1: VectorGPR {
                    register_idx: 0,
                },
                vdst: VectorGPR {
                    register_idx: 0,
                },
            },
        ),
        literal_constant: None,
        program_counter: 20,
    },
    Instruction {
        inner: VOP3(
            VOP3Instruction {
                op: VOP3(
                    v_sad_u32,
                ),
                vdst: VectorGPR {
                    register_idx: 1,
                },
                src0: TransformedOperand {
                    operand: Scalar(
                        Destination(
                            ScalarGPR(
                                5,
                            ),
                        ),
                    ),
                    abs: false,
                    neg: false,
                },
                src1: TransformedOperand {
                    operand: Scalar(
                        IntegerConstant(
                            InlineIntegerConstant(
                                0,
                            ),
                        ),
                    ),
                    abs: false,
                    neg: false,
                },
                src2: TransformedOperand {
                    operand: VectorGPR(
                        VectorGPR {
                            register_idx: 1,
                        },
                    ),
                    abs: false,
                    neg: false,
                },
                clamp: false,
                output_modifier: None,
            },
        ),
        literal_constant: None,
        program_counter: 24,
    },
    Instruction {
        inner: SOPP(
            SOPPInstruction {
                op: s_waitcnt,
                simm16: 127,
            },
        ),
        literal_constant: None,
        program_counter: 32,
    },
    Instruction {
        inner: VOP3(
            VOP3Instruction {
                op: VOPC(
                    v_cmp_gt_u32,
                ),
                vdst: VectorGPR {
                    register_idx: 6,
                },
                src0: TransformedOperand {
                    operand: Scalar(
                        Destination(
                            ScalarGPR(
                                3,
                            ),
                        ),
                    ),
                    abs: false,
                    neg: false,
                },
                src1: TransformedOperand {
                    operand: VectorGPR(
                        VectorGPR {
                            register_idx: 1,
                        },
                    ),
                    abs: false,
                    neg: false,
                },
                src2: TransformedOperand {
                    operand: Scalar(
                        Destination(
                            ScalarGPR(
                                0,
                            ),
                        ),
                    ),
                    abs: false,
                    neg: false,
                },
                clamp: false,
                output_modifier: None,
            },
        ),
        literal_constant: None,
        program_counter: 36,
    },
    Instruction {
        inner: VOPC(
            VOPCInstruction {
                op: v_cmp_gt_u32,
                src0: Scalar(
                    Destination(
                        ScalarGPR(
                            2,
                        ),
                    ),
                ),
                vsrc1: VectorGPR {
                    register_idx: 0,
                },
            },
        ),
        literal_constant: None,
        program_counter: 44,
    },
    Instruction {
        inner: SOP2(
            SOP2Instruction {
                op: s_and_b64,
                ssrc0: Destination(
                    VccLo,
                ),
                ssrc1: Destination(
                    ScalarGPR(
                        6,
                    ),
                ),
                sdst: VccLo,
            },
        ),
        literal_constant: None,
        program_counter: 48,
    },
    Instruction {
        inner: SOP1(
            SOP1Instruction {
                op: s_and_saveexec_b64,
                ssrc0: Destination(
                    VccLo,
                ),
                sdst: VccLo,
            },
        ),
        literal_constant: None,
        program_counter: 52,
    },
    Instruction {
        inner: SOPP(
            SOPPInstruction {
                op: s_cbranch_execz,
                simm16: 21,
            },
        ),
        literal_constant: None,
        program_counter: 56,
    },
    Instruction {
        inner: VOP1(
            VOP1Instruction {
                op: v_cvt_f32_u32,
                src0: VectorGPR(
                    VectorGPR {
                        register_idx: 0,
                    },
                ),
                vdst: VectorGPR {
                    register_idx: 2,
                },
            },
        ),
        literal_constant: None,
        program_counter: 60,
    },
    Instruction {
        inner: SMEM(
            SMEMInstruction {
                op: s_load_dword,
                offset: 14,
                imm: true,
                sbase: 0,
                sdst: ScalarGPR(
                    2,
                ),
            },
        ),
        literal_constant: None,
        program_counter: 64,
    },
    Instruction {
        inner: VOP1(
            VOP1Instruction {
                op: v_cvt_f32_u32,
                src0: VectorGPR(
                    VectorGPR {
                        register_idx: 1,
                    },
                ),
                vdst: VectorGPR {
                    register_idx: 3,
                },
            },
        ),
        literal_constant: None,
        program_counter: 68,
    },
    Instruction {
        inner: SOPP(
            SOPPInstruction {
                op: s_waitcnt,
                simm16: 127,
            },
        ),
        literal_constant: None,
        program_counter: 72,
    },
    Instruction {
        inner: SOP2(
            SOP2Instruction {
                op: s_add_i32,
                ssrc0: IntegerConstant(
                    InlineIntegerConstant(
                        -1,
                    ),
                ),
                ssrc1: Destination(
                    ScalarGPR(
                        2,
                    ),
                ),
                sdst: VccLo,
            },
        ),
        literal_constant: None,
        program_counter: 76,
    },
    Instruction {
        inner: SMEM(
            SMEMInstruction {
                op: s_load_dwordx4,
                offset: 8,
                imm: true,
                sbase: 0,
                sdst: ScalarGPR(
                    16,
                ),
            },
        ),
        literal_constant: None,
        program_counter: 80,
    },
    Instruction {
        inner: SMEM(
            SMEMInstruction {
                op: s_load_dwordx8,
                offset: 0,
                imm: true,
                sbase: 0,
                sdst: ScalarGPR(
                    8,
                ),
            },
        ),
        literal_constant: None,
        program_counter: 84,
    },
    Instruction {
        inner: VOP1(
            VOP1Instruction {
                op: v_cvt_f32_u32,
                src0: Scalar(
                    Destination(
                        VccLo,
                    ),
                ),
                vdst: VectorGPR {
                    register_idx: 5,
                },
            },
        ),
        literal_constant: None,
        program_counter: 88,
    },
    Instruction {
        inner: VOP3(
            VOP3Instruction {
                op: VOP3(
                    v_mad_f32,
                ),
                vdst: VectorGPR {
                    register_idx: 2,
                },
                src0: TransformedOperand {
                    operand: Scalar(
                        FloatConstant(
                            InlineFloatConstant {
                                value: 244,
                            },
                        ),
                    ),
                    abs: false,
                    neg: false,
                },
                src1: TransformedOperand {
                    operand: VectorGPR(
                        VectorGPR {
                            register_idx: 2,
                        },
                    ),
                    abs: false,
                    neg: false,
                },
                src2: TransformedOperand {
                    operand: Scalar(
                        FloatConstant(
                            InlineFloatConstant {
                                value: 242,
                            },
                        ),
                    ),
                    abs: false,
                    neg: false,
                },
                clamp: false,
                output_modifier: None,
            },
        ),
        literal_constant: None,
        program_counter: 92,
    },
    Instruction {
        inner: VOP3(
            VOP3Instruction {
                op: VOP3(
                    v_mad_f32,
                ),
                vdst: VectorGPR {
                    register_idx: 3,
                },
                src0: TransformedOperand {
                    operand: Scalar(
                        FloatConstant(
                            InlineFloatConstant {
                                value: 244,
                            },
                        ),
                    ),
                    abs: false,
                    neg: false,
                },
                src1: TransformedOperand {
                    operand: VectorGPR(
                        VectorGPR {
                            register_idx: 3,
                        },
                    ),
                    abs: false,
                    neg: false,
                },
                src2: TransformedOperand {
                    operand: Scalar(
                        FloatConstant(
                            InlineFloatConstant {
                                value: 242,
                            },
                        ),
                    ),
                    abs: false,
                    neg: false,
                },
                clamp: false,
                output_modifier: None,
            },
        ),
        literal_constant: None,
        program_counter: 100,
    },
    Instruction {
        inner: VOP1(
            VOP1Instruction {
                op: v_cvt_f32_u32,
                src0: Scalar(
                    Destination(
                        ScalarGPR(
                            4,
                        ),
                    ),
                ),
                vdst: VectorGPR {
                    register_idx: 4,
                },
            },
        ),
        literal_constant: None,
        program_counter: 108,
    },
    Instruction {
        inner: SOPP(
            SOPPInstruction {
                op: s_waitcnt,
                simm16: 127,
            },
        ),
        literal_constant: None,
        program_counter: 112,
    },
    Instruction {
        inner: MIMG(
            MIMGInstruction {
                op: image_sample_l,
                dmask: dmask(r),
                unorm: true,
                glc: false,
                da: true,
                r128: false,
                tfe: false,
                lwe: false,
                slc: false,
                vaddr: VectorGPR {
                    register_idx: 2,
                },
                vdata: VectorGPR {
                    register_idx: 4,
                },
                srsrc: ScalarGeneralPurposeRegisterGroup {
                    value: 2,
                },
                ssamp: ScalarGeneralPurposeRegisterGroup {
                    value: 4,
                },
            },
        ),
        literal_constant: None,
        program_counter: 116,
    },
    Instruction {
        inner: VOP1(
            VOP1Instruction {
                op: v_mov_b32,
                src0: Scalar(
                    Destination(
                        ScalarGPR(
                            4,
                        ),
                    ),
                ),
                vdst: VectorGPR {
                    register_idx: 2,
                },
            },
        ),
        literal_constant: None,
        program_counter: 124,
    },
    Instruction {
        inner: VOP1(
            VOP1Instruction {
                op: v_mov_b32,
                src0: Scalar(
                    Destination(
                        ScalarGPR(
                            2,
                        ),
                    ),
                ),
                vdst: VectorGPR {
                    register_idx: 3,
                },
            },
        ),
        literal_constant: None,
        program_counter: 128,
    },
    Instruction {
        inner: SOPP(
            SOPPInstruction {
                op: s_waitcnt,
                simm16: 3952,
            },
        ),
        literal_constant: None,
        program_counter: 132,
    },
    Instruction {
        inner: MIMG(
            MIMGInstruction {
                op: image_store_mip,
                dmask: dmask(r),
                unorm: false,
                glc: false,
                da: true,
                r128: false,
                tfe: false,
                lwe: false,
                slc: false,
                vaddr: VectorGPR {
                    register_idx: 0,
                },
                vdata: VectorGPR {
                    register_idx: 4,
                },
                srsrc: ScalarGeneralPurposeRegisterGroup {
                    value: 2,
                },
                ssamp: ScalarGeneralPurposeRegisterGroup {
                    value: 0,
                },
            },
        ),
        literal_constant: None,
        program_counter: 136,
    },
    Instruction {
        inner: SOPP(
            SOPPInstruction {
                op: s_endpgm,
                simm16: 0,
            },
        ),
        literal_constant: None,
        program_counter: 144,
    },
]