0x0000: s_mov_b32 vcc_hi, 0x2f
0x0008: s_load_dwordx2 s[6:7], s[0:1], 0xc
0x000c: s_waitcnt 0x7f
0x0010: s_lshr_b32 vcc_lo, s6, 1
0x0014: s_max_u32 s8, 1, vcc_lo
0x0018: s_lshr_b32 vcc_lo, s7, 1
0x001c: s_max_u32 s5, 1, vcc_lo
0x0020: s_lshl_b32 vcc_lo, s2, 3
0x0024: s_lshl_b32 s3, s3, 3
0x0028: v_sad_u32 v0, vcc_lo, 0, v0
0x0030: v_sad_u32 v1, s3, 0, v1
0x0038: v_cmp_gt_u32 vcc, s5, v1, s0
0x0040: v_cmp_gt_u32 s8, v0
0x0044: s_and_b64 vcc, vcc, s[2:3]
0x0048: s_and_saveexec_b64 vcc, vcc
0x004c: s_cbranch_execz 0x40
0x0050: v_lshlrev_b32 v2, 1, v0
0x0054: s_add_i32 vcc_lo, -1, s8
0x0058: v_cmp_eq_u32 vcc_lo, v0
0x005c: v_cndmask_b32 v4, 0, 1, vcc
0x0064: v_lshlrev_b32 v3, 1, v1
0x0068: unknown_1 v6, 1, v2
0x006c: v_mov_b32 v7, 0
0x0070: unknown_1 s13, 0x8006
0x0074: s_cselect_b32 s2, 1, 0
0x0078: s_add_i32 vcc_lo, -1, s5
0x007c: v_cmp_eq_u32 vcc_lo, v1
0x0080: v_cndmask_b32 v2, 0, 1, vcc
0x0088: v_and_b32 v4, s2, v4
0x008c: v_cmp_lg_u32 0, v4
0x0090: v_cndmask_b32 v8, 1, 2, vcc
0x0098: unknown_1 v9, 1, v3
0x009c: v_cvt_f32_u32 v4, s4
0x00a0: unknown_1 s13, 0x8007
0x00a4: s_cselect_b32 vcc_lo, 1, 0
0x00a8: v_and_b32 v2, vcc_lo, v2
0x00ac: v_cmp_lg_u32 0, v2
0x00b0: v_cndmask_b32 v10, 1, 2, vcc
0x00b8: s_mov_b32 s5, 0
0x00bc: s_mov_b64 s[2:3], exec
0x00c0: v_cmpx_lt_u32 s5, v10
0x00c4: s_cbranch_execz 0x1a
0x00c8: v_sad_u32 v2, s5, 0, v9
0x00d0: v_cvt_f32_u32 v3, v2
0x00d4: s_mov_b32 s20, 0
0x00d8: s_mov_b64 s[6:7], exec
0x00dc: v_cmpx_lt_u32 s20, v8
0x00e0: s_cbranch_execz 0x10
0x00e4: v_sad_u32 v2, s20, 0, v6
0x00ec: s_load_dword s8, s[0:1], 0xe
0x00f0: s_load_dwordx4 s[16:19], s[0:1], 0x8
0x00f4: v_cvt_f32_u32 v2, v2
0x00f8: s_waitcnt 0x7f
0x00fc: s_add_i32 vcc_lo, -1, s8
0x0100: s_load_dwordx8 s[8:15], s[0:1], 0x0
0x0104: v_cvt_f32_u32 v5, vcc_lo
0x0108: s_waitcnt 0x7f
0x010c: image_sample_l v2, v[2:3], s[8:15], s[16:19], dmask(r), unorm, da
0x0114: s_add_i32 s20, s20, 1
0x0118: s_waitcnt 0xf70
0x011c: v_max_f32 v7, v7, v2
0x0120: s_branch -0x12
0x0124: s_mov_b64 exec, s[6:7]
0x0128: s_add_i32 s5, s5, 1
0x012c: s_branch -0x1c
0x0130: s_load_dword s5, s[0:1], 0xe
0x0134: s_mov_b64 exec, s[2:3]
0x0138: s_load_dwordx8 s[8:15], s[0:1], 0x0
0x013c: v_mov_b32 v2, s4
0x0140: s_waitcnt 0x7f
0x0144: v_mov_b32 v3, s5
0x0148: image_store_mip v7, v[0:1], s[8:15], s[0:3], dmask(r), da
0x0150: s_endpgm 0x0