0x0000: s_mov_b32 vcc_hi, 0x5e
0x0008: s_lshl_b32 vcc_lo, s3, 3
0x000c: v_sad_u32 v1, vcc_lo, 0, v1
0x0014: s_lshl_b32 vcc_lo, s2, 3
0x0018: v_sad_u32 v8, vcc_lo, 0, v0
0x0020: v_sad_u32 v13, -1, 0, v1
0x0028: v_mov_b32 v11, v13
0x002c: s_load_dwordx16 s[0:15], s[0:1], 0x0
0x0030: v_add_co_u32 v7, -2, v1
0x0034: v_mov_b32 v9, v13
0x0038: v_add_co_u32 v10, -1, v8
0x003c: v_mov_b32 v5, v13
0x0040: v_sad_u32 v2, -2, 0, v8
0x0048: v_mov_b32 v3, v7
0x004c: v_mov_b32 v6, v10
0x0050: s_waitcnt 0x7f
0x0054: image_load v29, v[2:3], s[8:15], s[0:3], dmask(r)
0x005c: image_load v30, v[6:7], s[8:15], s[0:3], dmask(r)
0x0064: image_load v26, v[8:9], s[8:15], s[0:3], dmask(r)
0x006c: image_load v27, v[10:11], s[8:15], s[0:3], dmask(r)
0x0074: v_mov_b32 v11, v1
0x0078: v_bcnt_u32_b32 v4, 1, v8
0x007c: v_bcnt_u32_b32 v6, 3, v8
0x0080: v_mov_b32 v12, v2
0x0084: image_load v17, v[6:7], s[8:15], s[0:3], dmask(r)
0x008c: image_load v18, v[12:13], s[8:15], s[0:3], dmask(r)
0x0094: image_load v24, v[10:11], s[8:15], s[0:3], dmask(r)
0x009c: image_load v28, v[4:5], s[8:15], s[0:3], dmask(r)
0x00a4: v_bcnt_u32_b32 v11, 1, v1
0x00a8: v_mov_b32 v5, v1
0x00ac: v_mov_b32 v9, v11
0x00b0: v_mov_b32 v0, v8
0x00b4: image_load v31, v[0:1], s[8:15], s[0:3], dmask(r)
0x00bc: image_load v22, v[10:11], s[8:15], s[0:3], dmask(r)
0x00c4: image_load v25, v[4:5], s[8:15], s[0:3], dmask(r)
0x00cc: image_load v21, v[8:9], s[8:15], s[0:3], dmask(r)
0x00d4: v_mov_b32 v5, v11
0x00d8: v_mov_b32 v9, v7
0x00dc: v_mov_b32 v3, v1
0x00e0: image_load v20, v[8:9], s[8:15], s[0:3], dmask(r)
0x00e8: image_load v15, v[2:3], s[8:15], s[0:3], dmask(r)
0x00f0: image_load v23, v[4:5], s[8:15], s[0:3], dmask(r)
0x00f8: v_mov_b32 v5, v7
0x00fc: v_mov_b32 v7, v13
0x0100: v_mov_b32 v3, v11
0x0104: image_load v19, v[4:5], s[8:15], s[0:3], dmask(r)
0x010c: image_load v16, v[6:7], s[8:15], s[0:3], dmask(r)
0x0114: image_load v13, v[2:3], s[8:15], s[0:3], dmask(r)
0x011c: v_mov_b32 v7, v1
0x0120: v_bcnt_u32_b32 v3, 3, v1
0x0124: v_mov_b32 v9, v3
0x0128: v_mov_b32 v5, v3
0x012c: image_load v14, v[6:7], s[8:15], s[0:3], dmask(r)
0x0134: image_load v2, v[2:3], s[8:15], s[0:3], dmask(r)
0x013c: image_load v8, v[8:9], s[8:15], s[0:3], dmask(r)
0x0144: image_load v4, v[4:5], s[8:15], s[0:3], dmask(r)
0x014c: v_mov_b32 v7, v11
0x0150: v_mov_b32 v11, v3
0x0154: image_load v12, v[6:7], s[8:15], s[0:3], dmask(r)
0x015c: image_load v10, v[10:11], s[8:15], s[0:3], dmask(r)
0x0164: v_mov_b32 v7, v3
0x0168: image_load v3, v[6:7], s[8:15], s[0:3], dmask(r)
0x0170: s_mov_b32 s16, 0x41300000
0x0178: s_mov_b32 s17, 0x41000000
0x0180: v_cmp_gt_f32 s16, v29
0x0184: v_cndmask_b32 v5, v29, 0, vcc
0x018c: v_cmp_gt_f32 s17, v30
0x0190: v_cndmask_b32 v6, v30, 0, vcc
0x0198: v_max3_f32 v7, v26, v31, v27
0x01a0: v_max3_f32 v7, v24, v7, v28
0x01a8: s_waitcnt 0xf7e
0x01ac: v_max3_f32 v7, v22, v7, v25
0x01b4: s_waitcnt 0xf7c
0x01b8: v_cmp_gt_f32 s17, v20
0x01bc: s_waitcnt 0xf7a
0x01c0: v_max3_f32 v7, v23, v7, v21
0x01c8: v_max3_f32 v5, v6, v7, v5
0x01d0: v_cndmask_b32 v6, v20, 0, vcc
0x01d8: s_waitcnt 0xf79
0x01dc: v_cmp_gt_f32 s17, v19
0x01e0: v_cndmask_b32 v7, v19, 0, vcc
0x01e8: v_cmp_gt_f32 s16, v17
0x01ec: v_max3_f32 v5, v7, v5, v6
0x01f4: v_cndmask_b32 v6, v17, 0, vcc
0x01fc: v_cmp_gt_f32 s17, v18
0x0200: v_cndmask_b32 v7, v18, 0, vcc
0x0208: s_waitcnt 0xf78
0x020c: v_cmp_gt_f32 s17, v16
0x0210: v_max3_f32 v5, v7, v5, v6
0x0218: v_cndmask_b32 v6, v16, 0, vcc
0x0220: v_cmp_gt_f32 s17, v15
0x0224: v_cndmask_b32 v7, v15, 0, vcc
0x022c: s_waitcnt 0xf76
0x0230: v_cmp_gt_f32 s17, v14
0x0234: v_max3_f32 v5, v7, v5, v6
0x023c: v_cndmask_b32 v6, v14, 0, vcc
0x0244: v_cmp_gt_f32 s17, v13
0x0248: v_cndmask_b32 v7, v13, 0, vcc
0x0250: s_waitcnt 0xf72
0x0254: v_cmp_gt_f32 s17, v12
0x0258: v_max3_f32 v5, v7, v5, v6
0x0260: v_cndmask_b32 v6, v12, 0, vcc
0x0268: v_cmp_gt_f32 s16, v2
0x026c: v_cndmask_b32 v2, v2, 0, vcc
0x0274: s_waitcnt 0xf71
0x0278: v_cmp_gt_f32 s17, v10
0x027c: v_max3_f32 v2, v2, v5, v6
0x0284: v_cndmask_b32 v5, v10, 0, vcc
0x028c: v_cmp_gt_f32 s17, v8
0x0290: v_cndmask_b32 v6, v8, 0, vcc
0x0298: v_cmp_gt_f32 s17, v4
0x029c: v_max3_f32 v2, v6, v2, v5
0x02a4: v_cndmask_b32 v4, v4, 0, vcc
0x02ac: s_waitcnt 0xf70
0x02b0: v_cmp_gt_f32 s16, v3
0x02b4: v_cndmask_b32 v3, v3, 0, vcc
0x02bc: v_max3_f32 v2, v3, v2, v4
0x02c4: image_store v2, v[0:1], s[0:7], s[0:3], dmask(r)
0x02cc: s_endpgm 0x0