0x0000: s_mov_b32 vcc_hi, 0x26
0x0008: v_mov_b32 v6, 0
0x000c: s_bfm_b32 m0, 2, 14
0x0010: unknown 
0x0018: unknown 
0x0020: s_load_dwordx4 s[0:3], s[0:1], 0x0
0x0024: s_waitcnt 0xf0f
0x0028: unknown 
0x0030: s_waitcnt 0x17f
0x0034: v_sub_co_u32 v9, v4, v3
0x0038: v_mov_b32 v10, 4
0x003c: s_waitcnt 0x7f
0x0040: v_sub_co_u32 v7, v6, v5
0x0044: v_mov_b32 v8, 6
0x0048: s_mov_b64 s[6:7], exec
0x004c: s_waitcnt 0xf0f
0x0050: v_cmpx_gt_u32 exec, s2, v10, s0
0x0058: buffer_store_dword v9, v10, s[0:3], idxen, offset=0x0, soffset=0x80
0x0060: s_mov_b64 exec, s[6:7]
0x0064: v_sub_co_u32 v2, v3, v2
0x0068: v_mov_b32 v3, 3
0x006c: s_mov_b64 s[6:7], exec
0x0070: v_cmpx_gt_u32 exec, s2, v8, s0
0x0078: buffer_store_dword v7, v8, s[0:3], idxen, offset=0x0, soffset=0x80
0x0080: s_mov_b64 exec, s[6:7]
0x0084: v_sub_co_u32 v4, v5, v4
0x0088: v_mov_b32 v5, 5
0x008c: s_mov_b64 s[6:7], exec
0x0090: v_cmpx_gt_u32 exec, s2, v3, s0
0x0098: buffer_store_dword v2, v3, s[0:3], idxen, offset=0x0, soffset=0x80
0x00a0: s_mov_b64 exec, s[6:7]
0x00a4: v_mov_b32 v2, 0
0x00a8: s_mov_b64 s[6:7], exec
0x00ac: v_cmpx_gt_u32 exec, s2, v5, s0
0x00b4: buffer_store_dword v4, v5, s[0:3], idxen, offset=0x0, soffset=0x80
0x00bc: s_mov_b64 exec, s[6:7]
0x00c0: v_mov_b32 v3, 1
0x00c4: s_mov_b64 s[6:7], exec
0x00c8: v_cmpx_gt_u32 exec, s2, v2, s0
0x00d0: buffer_store_dword v0, v2, s[0:3], idxen, offset=0x0, soffset=0x80
0x00d8: s_mov_b64 exec, s[6:7]
0x00dc: v_mov_b32 v0, 2
0x00e0: s_mov_b64 s[6:7], exec
0x00e4: v_cmpx_gt_u32 exec, s2, v3, s0
0x00ec: buffer_store_dword v1, v3, s[0:3], idxen, offset=0x0, soffset=0x80
0x00f4: s_mov_b64 exec, s[6:7]
0x00f8: v_cmpx_gt_u32 exec, s2, v0, s0
0x0100: buffer_store_dword v6, v0, s[0:3], idxen, offset=0x0, soffset=0x80
0x0108: s_endpgm 0x0