0x0000: s_mov_b32 vcc_hi, 0x2a
0x0008: s_lshl_b32 vcc_lo, s2, 6
0x000c: v_sad_u32 v0, vcc_lo, 0, v0
0x0014: v_cmp_eq_u32 0, v0
0x0018: s_and_saveexec_b64 vcc, vcc
0x001c: s_cbranch_execz 0xc
0x0020: v_mov_b32 v1, 0
0x0024: s_bfm_b32 m0, 2, 14
0x0028: unknown 
0x0030: s_load_dwordx4 s[4:7], s[0:1], 0x0
0x0034: v_mov_b32 v2, 0x4001
0x003c: s_waitcnt 0xf
0x0040: v_cmpx_gt_u32 exec, s6, v2, s0
0x0048: buffer_store_dword v1, v2, s[4:7], idxen, offset=0x0, soffset=0x80
0x0050: s_load_dword s2, s[0:1], 0x8
0x0054: s_mov_b64 exec, vcc
0x0058: s_movk_i32 vcc_lo, 0x4000
0x005c: s_waitcnt 0x7f
0x0060: v_lshlrev_b32 v1, 2, s2, s0
0x0068: v_cmp_gt_u32 vcc, vcc_lo, v0, s0
0x0070: s_bfm_b32 m0, 2, 14
0x0074: unknown 
0x007c: s_waitcnt 0xf0f
0x0080: v_mov_b32 v1, 0
0x0084: s_and_saveexec_b64 vcc, s[8:9]
0x0088: s_cbranch_execz 0x4
0x008c: s_load_dwordx4 s[4:7], s[0:1], 0x4
0x0090: s_waitcnt 0x7f
0x0094: buffer_load_dword v1, v0, s[4:7], idxen, offset=0x0, soffset=0x80
0x009c: s_mov_b64 exec, vcc
0x00a0: s_waitcnt 0xf70
0x00a4: v_lshrrev_b32 v2, s2, v1
0x00a8: v_and_b32 v2, 1, v2
0x00ac: v_cmp_lg_u32 vcc, 0, v2, s0
0x00b4: s_waitcnt 0x7f
0x00b8: s_bcnt1_i32_b64 s6, s[4:5]
0x00bc: s_lshl_b32 vcc_lo, s2, 18
0x00c0: s_add_i32 vcc_hi, 0x7a00000, vcc_lo
0x00c8: s_bfe_u32 vcc_lo, s3, 0xb0006
0x00d0: s_or_b32 m0, vcc_lo, vcc_hi
0x00d4: v_mov_b32 v4, s6
0x00d8: unknown 
0x00e0: s_waitcnt 0x7f
0x00e4: s_waitcnt 0xf0f
0x00e8: s_and_saveexec_b64 vcc, s[8:9]
0x00ec: s_cbranch_execz 0xe
0x00f0: unknown v4, s4, v4
0x00f4: v_mbcnt_hi_u32_b32 v4, s5, v4
0x00f8: v_sub_co_u32 v3, 0x4000, v3
0x0100: v_add_co_u32 v3, v4, v3
0x0104: v_sub_co_u32 v0, v0, v4
0x0108: v_cmp_lg_u32 0, v2
0x010c: v_cndmask_b32 v0, v0, v3
0x0110: s_load_dwordx4 s[0:3], s[0:1], 0x0
0x0114: s_waitcnt 0x7f
0x0118: v_cmpx_gt_u32 exec, s2, v0, s0
0x0120: buffer_store_dword v1, v0, s[0:3], idxen, offset=0x0, soffset=0x80
0x0128: s_endpgm 0x0