[
    Instruction {
        inner: SOP1(
            SOP1Instruction {
                op: s_mov_b32,
                ssrc0: LiteralConstant,
                sdst: VccHi,
            },
        ),
        literal_constant: Some(
            42,
        ),
        program_counter: 0,
    },
    Instruction {
        inner: SOP2(
            SOP2Instruction {
                op: s_lshl_b32,
                ssrc0: Destination(
                    ScalarGPR(
                        2,
                    ),
                ),
                ssrc1: IntegerConstant(
                    InlineIntegerConstant(
                        3,
                    ),
                ),
                sdst: VccLo,
            },
        ),
        literal_constant: None,
        program_counter: 8,
    },
    Instruction {
        inner: SOP2(
            SOP2Instruction {
                op: s_lshl_b32,
                ssrc0: Destination(
                    ScalarGPR(
                        3,
                    ),
                ),
                ssrc1: IntegerConstant(
                    InlineIntegerConstant(
                        3,
                    ),
                ),
                sdst: ScalarGPR(
                    5,
                ),
            },
        ),
        literal_constant: None,
        program_counter: 12,
    },
    Instruction {
        inner: SMEM(
            SMEMInstruction {
                op: s_load_dwordx2,
                offset: 16,
                imm: true,
                sbase: 0,
                sdst: ScalarGPR(
                    2,
                ),
            },
        ),
        literal_constant: None,
        program_counter: 16,
    },
    Instruction {
        inner: VOP2(
            VOP2Instruction {
                op: v_add_co_u32,
                src0: Scalar(
                    Destination(
                        VccLo,
                    ),
                ),
                vsrc1: VectorGPR {
                    register_idx: 0,
                },
                vdst: VectorGPR {
                    register_idx: 4,
                },
            },
        ),
        literal_constant: None,
        program_counter: 20,
    },
    Instruction {
        inner: VOP3(
            VOP3Instruction {
                op: VOP3(
                    v_sad_u32,
                ),
                vdst: VectorGPR {
                    register_idx: 5,
                },
                src0: TransformedOperand {
                    operand: Scalar(
                        Destination(
                            ScalarGPR(
                                5,
                            ),
                        ),
                    ),
                    abs: false,
                    neg: false,
                },
                src1: TransformedOperand {
                    operand: Scalar(
                        IntegerConstant(
                            InlineIntegerConstant(
                                0,
                            ),
                        ),
                    ),
                    abs: false,
                    neg: false,
                },
                src2: TransformedOperand {
                    operand: VectorGPR(
                        VectorGPR {
                            register_idx: 1,
                        },
                    ),
                    abs: false,
                    neg: false,
                },
                clamp: false,
                output_modifier: None,
            },
        ),
        literal_constant: None,
        program_counter: 24,
    },
    Instruction {
        inner: SOPP(
            SOPPInstruction {
                op: s_waitcnt,
                simm16: 127,
            },
        ),
        literal_constant: None,
        program_counter: 32,
    },
    Instruction {
        inner: VOP3(
            VOP3Instruction {
                op: VOPC(
                    v_cmp_lt_u32,
                ),
                vdst: VectorGPR {
                    register_idx: 6,
                },
                src0: TransformedOperand {
                    operand: Scalar(
                        Destination(
                            ScalarGPR(
                                3,
                            ),
                        ),
                    ),
                    abs: false,
                    neg: false,
                },
                src1: TransformedOperand {
                    operand: VectorGPR(
                        VectorGPR {
                            register_idx: 5,
                        },
                    ),
                    abs: false,
                    neg: false,
                },
                src2: TransformedOperand {
                    operand: Scalar(
                        Destination(
                            ScalarGPR(
                                0,
                            ),
                        ),
                    ),
                    abs: false,
                    neg: false,
                },
                clamp: false,
                output_modifier: None,
            },
        ),
        literal_constant: None,
        program_counter: 36,
    },
    Instruction {
        inner: VOPC(
            VOPCInstruction {
                op: v_cmp_lt_u32,
                src0: Scalar(
                    Destination(
                        ScalarGPR(
                            2,
                        ),
                    ),
                ),
                vsrc1: VectorGPR {
                    register_idx: 4,
                },
            },
        ),
        literal_constant: None,
        program_counter: 44,
    },
    Instruction {
        inner: SOP2(
            SOP2Instruction {
                op: s_nor_b64,
                ssrc0: Destination(
                    VccLo,
                ),
                ssrc1: Destination(
                    ScalarGPR(
                        6,
                    ),
                ),
                sdst: VccLo,
            },
        ),
        literal_constant: None,
        program_counter: 48,
    },
    Instruction {
        inner: SOP1(
            SOP1Instruction {
                op: s_and_saveexec_b64,
                ssrc0: Destination(
                    VccLo,
                ),
                sdst: VccLo,
            },
        ),
        literal_constant: None,
        program_counter: 52,
    },
    Instruction {
        inner: SOPP(
            SOPPInstruction {
                op: s_cbranch_execz,
                simm16: 55,
            },
        ),
        literal_constant: None,
        program_counter: 56,
    },
    Instruction {
        inner: VOP1(
            VOP1Instruction {
                op: v_cvt_f32_u32,
                src0: VectorGPR(
                    VectorGPR {
                        register_idx: 4,
                    },
                ),
                vdst: VectorGPR {
                    register_idx: 0,
                },
            },
        ),
        literal_constant: None,
        program_counter: 60,
    },
    Instruction {
        inner: SMEM(
            SMEMInstruction {
                op: s_load_dwordx8,
                offset: 18,
                imm: true,
                sbase: 0,
                sdst: ScalarGPR(
                    12,
                ),
            },
        ),
        literal_constant: None,
        program_counter: 64,
    },
    Instruction {
        inner: SMEM(
            SMEMInstruction {
                op: s_load_dword,
                offset: 42,
                imm: true,
                sbase: 0,
                sdst: ScalarGPR(
                    2,
                ),
            },
        ),
        literal_constant: None,
        program_counter: 68,
    },
    Instruction {
        inner: SOP1(
            SOP1Instruction {
                op: s_mov_b32,
                ssrc0: Destination(
                    ScalarGPR(
                        0,
                    ),
                ),
                sdst: ScalarGPR(
                    8,
                ),
            },
        ),
        literal_constant: None,
        program_counter: 72,
    },
    Instruction {
        inner: SOPP(
            SOPPInstruction {
                op: s_waitcnt,
                simm16: 127,
            },
        ),
        literal_constant: None,
        program_counter: 76,
    },
    Instruction {
        inner: VOP1(
            VOP1Instruction {
                op: v_mov_b32,
                src0: Scalar(
                    Destination(
                        ScalarGPR(
                            14,
                        ),
                    ),
                ),
                vdst: VectorGPR {
                    register_idx: 1,
                },
            },
        ),
        literal_constant: None,
        program_counter: 80,
    },
    Instruction {
        inner: VOP1(
            VOP1Instruction {
                op: v_mov_b32,
                src0: Scalar(
                    Destination(
                        ScalarGPR(
                            15,
                        ),
                    ),
                ),
                vdst: VectorGPR {
                    register_idx: 6,
                },
            },
        ),
        literal_constant: None,
        program_counter: 84,
    },
    Instruction {
        inner: VOP2(
            VOP2Instruction {
                op: v_mac_f32,
                src0: Scalar(
                    Destination(
                        ScalarGPR(
                            12,
                        ),
                    ),
                ),
                vsrc1: VectorGPR {
                    register_idx: 0,
                },
                vdst: VectorGPR {
                    register_idx: 1,
                },
            },
        ),
        literal_constant: None,
        program_counter: 88,
    },
    Instruction {
        inner: VOP1(
            VOP1Instruction {
                op: v_cvt_f32_u32,
                src0: VectorGPR(
                    VectorGPR {
                        register_idx: 5,
                    },
                ),
                vdst: VectorGPR {
                    register_idx: 0,
                },
            },
        ),
        literal_constant: None,
        program_counter: 92,
    },
    Instruction {
        inner: VOP3(
            VOP3Instruction {
                op: VOP3(
                    v_mad_f32,
                ),
                vdst: VectorGPR {
                    register_idx: 2,
                },
                src0: TransformedOperand {
                    operand: VectorGPR(
                        VectorGPR {
                            register_idx: 1,
                        },
                    ),
                    abs: false,
                    neg: false,
                },
                src1: TransformedOperand {
                    operand: Scalar(
                        Destination(
                            ScalarGPR(
                                2,
                            ),
                        ),
                    ),
                    abs: false,
                    neg: true,
                },
                src2: TransformedOperand {
                    operand: Scalar(
                        FloatConstant(
                            InlineFloatConstant {
                                value: 242,
                            },
                        ),
                    ),
                    abs: true,
                    neg: false,
                },
                clamp: false,
                output_modifier: None,
            },
        ),
        literal_constant: None,
        program_counter: 96,
    },
    Instruction {
        inner: VOP2(
            VOP2Instruction {
                op: v_mac_f32,
                src0: Scalar(
                    Destination(
                        ScalarGPR(
                            13,
                        ),
                    ),
                ),
                vsrc1: VectorGPR {
                    register_idx: 0,
                },
                vdst: VectorGPR {
                    register_idx: 6,
                },
            },
        ),
        literal_constant: None,
        program_counter: 104,
    },
    Instruction {
        inner: VOP1(
            VOP1Instruction {
                op: v_rcp_f32,
                src0: VectorGPR(
                    VectorGPR {
                        register_idx: 2,
                    },
                ),
                vdst: VectorGPR {
                    register_idx: 3,
                },
            },
        ),
        literal_constant: None,
        program_counter: 108,
    },
    Instruction {
        inner: VOP3(
            VOP3Instruction {
                op: VOP3(
                    v_mad_f32,
                ),
                vdst: VectorGPR {
                    register_idx: 2,
                },
                src0: TransformedOperand {
                    operand: VectorGPR(
                        VectorGPR {
                            register_idx: 6,
                        },
                    ),
                    abs: false,
                    neg: false,
                },
                src1: TransformedOperand {
                    operand: Scalar(
                        Destination(
                            ScalarGPR(
                                2,
                            ),
                        ),
                    ),
                    abs: false,
                    neg: true,
                },
                src2: TransformedOperand {
                    operand: Scalar(
                        FloatConstant(
                            InlineFloatConstant {
                                value: 242,
                            },
                        ),
                    ),
                    abs: true,
                    neg: false,
                },
                clamp: false,
                output_modifier: None,
            },
        ),
        literal_constant: None,
        program_counter: 112,
    },
    Instruction {
        inner: VOP2(
            VOP2Instruction {
                op: v_mul_f32,
                src0: VectorGPR(
                    VectorGPR {
                        register_idx: 3,
                    },
                ),
                vsrc1: VectorGPR {
                    register_idx: 1,
                },
                vdst: VectorGPR {
                    register_idx: 7,
                },
            },
        ),
        literal_constant: None,
        program_counter: 120,
    },
    Instruction {
        inner: VOP1(
            VOP1Instruction {
                op: v_rcp_f32,
                src0: VectorGPR(
                    VectorGPR {
                        register_idx: 2,
                    },
                ),
                vdst: VectorGPR {
                    register_idx: 2,
                },
            },
        ),
        literal_constant: None,
        program_counter: 124,
    },
    Instruction {
        inner: VOP2(
            VOP2Instruction {
                op: v_mul_f32,
                src0: VectorGPR(
                    VectorGPR {
                        register_idx: 7,
                    },
                ),
                vsrc1: VectorGPR {
                    register_idx: 7,
                },
                vdst: VectorGPR {
                    register_idx: 0,
                },
            },
        ),
        literal_constant: None,
        program_counter: 128,
    },
    Instruction {
        inner: VOP2(
            VOP2Instruction {
                op: v_mul_f32,
                src0: VectorGPR(
                    VectorGPR {
                        register_idx: 2,
                    },
                ),
                vsrc1: VectorGPR {
                    register_idx: 6,
                },
                vdst: VectorGPR {
                    register_idx: 8,
                },
            },
        ),
        literal_constant: None,
        program_counter: 132,
    },
    Instruction {
        inner: VOP2(
            VOP2Instruction {
                op: v_mac_f32,
                src0: VectorGPR(
                    VectorGPR {
                        register_idx: 8,
                    },
                ),
                vsrc1: VectorGPR {
                    register_idx: 8,
                },
                vdst: VectorGPR {
                    register_idx: 0,
                },
            },
        ),
        literal_constant: None,
        program_counter: 136,
    },
    Instruction {
        inner: VOP1(
            VOP1Instruction {
                op: v_sqrt_f32,
                src0: VectorGPR(
                    VectorGPR {
                        register_idx: 0,
                    },
                ),
                vdst: VectorGPR {
                    register_idx: 0,
                },
            },
        ),
        literal_constant: None,
        program_counter: 140,
    },
    Instruction {
        inner: VOP1(
            VOP1Instruction {
                op: v_mov_b32,
                src0: Scalar(
                    Destination(
                        ScalarGPR(
                            19,
                        ),
                    ),
                ),
                vdst: VectorGPR {
                    register_idx: 1,
                },
            },
        ),
        literal_constant: None,
        program_counter: 144,
    },
    Instruction {
        inner: VOP2(
            VOP2Instruction {
                op: v_mac_f32,
                src0: Scalar(
                    Destination(
                        ScalarGPR(
                            18,
                        ),
                    ),
                ),
                vsrc1: VectorGPR {
                    register_idx: 0,
                },
                vdst: VectorGPR {
                    register_idx: 1,
                },
            },
        ),
        literal_constant: None,
        program_counter: 148,
    },
    Instruction {
        inner: VOPC(
            VOPCInstruction {
                op: v_cmp_lt_f32,
                src0: Scalar(
                    FloatConstant(
                        InlineFloatConstant {
                            value: 240,
                        },
                    ),
                ),
                vsrc1: VectorGPR {
                    register_idx: 1,
                },
            },
        ),
        literal_constant: None,
        program_counter: 152,
    },
    Instruction {
        inner: VOP3(
            VOP3Instruction {
                op: VOP2(
                    v_cndmask_b32,
                ),
                vdst: VectorGPR {
                    register_idx: 0,
                },
                src0: TransformedOperand {
                    operand: Scalar(
                        IntegerConstant(
                            InlineIntegerConstant(
                                2,
                            ),
                        ),
                    ),
                    abs: false,
                    neg: false,
                },
                src1: TransformedOperand {
                    operand: Scalar(
                        IntegerConstant(
                            InlineIntegerConstant(
                                0,
                            ),
                        ),
                    ),
                    abs: false,
                    neg: false,
                },
                src2: TransformedOperand {
                    operand: Scalar(
                        Destination(
                            VccLo,
                        ),
                    ),
                    abs: false,
                    neg: false,
                },
                clamp: false,
                output_modifier: None,
            },
        ),
        literal_constant: None,
        program_counter: 156,
    },
    Instruction {
        inner: VOP2(
            VOP2Instruction {
                op: v_or_b32,
                src0: Scalar(
                    Destination(
                        ScalarGPR(
                            4,
                        ),
                    ),
                ),
                vsrc1: VectorGPR {
                    register_idx: 0,
                },
                vdst: VectorGPR {
                    register_idx: 9,
                },
            },
        ),
        literal_constant: None,
        program_counter: 164,
    },
    Instruction {
        inner: VOP2(
            VOP2Instruction {
                op: v_lshlrev_b32,
                src0: Scalar(
                    IntegerConstant(
                        InlineIntegerConstant(
                            4,
                        ),
                    ),
                ),
                vsrc1: VectorGPR {
                    register_idx: 9,
                },
                vdst: VectorGPR {
                    register_idx: 0,
                },
            },
        ),
        literal_constant: None,
        program_counter: 168,
    },
    Instruction {
        inner: VOP1(
            VOP1Instruction {
                op: v_mov_b32,
                src0: Scalar(
                    Destination(
                        ScalarGPR(
                            4,
                        ),
                    ),
                ),
                vdst: VectorGPR {
                    register_idx: 6,
                },
            },
        ),
        literal_constant: None,
        program_counter: 172,
    },
    Instruction {
        inner: SOP1(
            SOP1Instruction {
                op: s_mov_b32,
                ssrc0: Destination(
                    ScalarGPR(
                        1,
                    ),
                ),
                sdst: ScalarGPR(
                    9,
                ),
            },
        ),
        literal_constant: None,
        program_counter: 176,
    },
    Instruction {
        inner: SOP1(
            SOP1Instruction {
                op: s_mov_b32,
                ssrc0: IntegerConstant(
                    InlineIntegerConstant(
                        -1,
                    ),
                ),
                sdst: ScalarGPR(
                    10,
                ),
            },
        ),
        literal_constant: None,
        program_counter: 180,
    },
    Instruction {
        inner: SOP1(
            SOP1Instruction {
                op: s_mov_b32,
                ssrc0: LiteralConstant,
                sdst: ScalarGPR(
                    11,
                ),
            },
        ),
        literal_constant: Some(
            536920068,
        ),
        program_counter: 184,
    },
    Instruction {
        inner: MUBUF(
            MUBUFInstruction {
                op: buffer_load_dwordx4,
                offset: Offset(
                    104,
                ),
                offen: true,
                idxen: false,
                glc: false,
                addr64: false,
                lds: false,
                vaddr: VectorGPR {
                    register_idx: 0,
                },
                vdata: VectorGPR {
                    register_idx: 0,
                },
                srsrc: ScalarGeneralPurposeRegisterGroup {
                    value: 2,
                },
                slc: false,
                tfe: false,
                soffset: 128,
            },
        ),
        literal_constant: None,
        program_counter: 192,
    },
    Instruction {
        inner: SMEM(
            SMEMInstruction {
                op: s_load_dwordx16,
                offset: 0,
                imm: true,
                sbase: 0,
                sdst: ScalarGPR(
                    20,
                ),
            },
        ),
        literal_constant: None,
        program_counter: 200,
    },
    Instruction {
        inner: SOPP(
            SOPPInstruction {
                op: s_waitcnt,
                simm16: 127,
            },
        ),
        literal_constant: None,
        program_counter: 204,
    },
    Instruction {
        inner: MIMG(
            MIMGInstruction {
                op: image_load,
                dmask: dmask(r),
                unorm: false,
                glc: false,
                da: true,
                r128: false,
                tfe: false,
                lwe: false,
                slc: false,
                vaddr: VectorGPR {
                    register_idx: 4,
                },
                vdata: VectorGPR {
                    register_idx: 10,
                },
                srsrc: ScalarGeneralPurposeRegisterGroup {
                    value: 5,
                },
                ssamp: ScalarGeneralPurposeRegisterGroup {
                    value: 0,
                },
            },
        ),
        literal_constant: None,
        program_counter: 208,
    },
    Instruction {
        inner: SOPP(
            SOPPInstruction {
                op: s_waitcnt,
                simm16: 3953,
            },
        ),
        literal_constant: None,
        program_counter: 216,
    },
    Instruction {
        inner: VOP3(
            VOP3Instruction {
                op: VOP3(
                    v_mad_f32,
                ),
                vdst: VectorGPR {
                    register_idx: 0,
                },
                src0: TransformedOperand {
                    operand: VectorGPR(
                        VectorGPR {
                            register_idx: 0,
                        },
                    ),
                    abs: false,
                    neg: false,
                },
                src1: TransformedOperand {
                    operand: VectorGPR(
                        VectorGPR {
                            register_idx: 7,
                        },
                    ),
                    abs: false,
                    neg: false,
                },
                src2: TransformedOperand {
                    operand: VectorGPR(
                        VectorGPR {
                            register_idx: 2,
                        },
                    ),
                    abs: false,
                    neg: false,
                },
                clamp: false,
                output_modifier: None,
            },
        ),
        literal_constant: None,
        program_counter: 220,
    },
    Instruction {
        inner: VOP2(
            VOP2Instruction {
                op: v_mac_f32,
                src0: VectorGPR(
                    VectorGPR {
                        register_idx: 8,
                    },
                ),
                vsrc1: VectorGPR {
                    register_idx: 1,
                },
                vdst: VectorGPR {
                    register_idx: 3,
                },
            },
        ),
        literal_constant: None,
        program_counter: 228,
    },
    Instruction {
        inner: VOP1(
            VOP1Instruction {
                op: v_cvt_u32_f32,
                src0: VectorGPR(
                    VectorGPR {
                        register_idx: 0,
                    },
                ),
                vdst: VectorGPR {
                    register_idx: 0,
                },
            },
        ),
        literal_constant: None,
        program_counter: 232,
    },
    Instruction {
        inner: VOP1(
            VOP1Instruction {
                op: v_cvt_u32_f32,
                src0: VectorGPR(
                    VectorGPR {
                        register_idx: 3,
                    },
                ),
                vdst: VectorGPR {
                    register_idx: 1,
                },
            },
        ),
        literal_constant: None,
        program_counter: 236,
    },
    Instruction {
        inner: VOP2(
            VOP2Instruction {
                op: v_min_u32,
                src0: Scalar(
                    Destination(
                        ScalarGPR(
                            16,
                        ),
                    ),
                ),
                vsrc1: VectorGPR {
                    register_idx: 0,
                },
                vdst: VectorGPR {
                    register_idx: 7,
                },
            },
        ),
        literal_constant: None,
        program_counter: 240,
    },
    Instruction {
        inner: VOP2(
            VOP2Instruction {
                op: v_min_u32,
                src0: Scalar(
                    Destination(
                        ScalarGPR(
                            17,
                        ),
                    ),
                ),
                vsrc1: VectorGPR {
                    register_idx: 1,
                },
                vdst: VectorGPR {
                    register_idx: 8,
                },
            },
        ),
        literal_constant: None,
        program_counter: 244,
    },
    Instruction {
        inner: MIMG(
            MIMGInstruction {
                op: image_load,
                dmask: dmask(ra),
                unorm: false,
                glc: false,
                da: true,
                r128: false,
                tfe: false,
                lwe: false,
                slc: false,
                vaddr: VectorGPR {
                    register_idx: 7,
                },
                vdata: VectorGPR {
                    register_idx: 0,
                },
                srsrc: ScalarGeneralPurposeRegisterGroup {
                    value: 7,
                },
                ssamp: ScalarGeneralPurposeRegisterGroup {
                    value: 0,
                },
            },
        ),
        literal_constant: None,
        program_counter: 248,
    },
    Instruction {
        inner: SOPP(
            SOPPInstruction {
                op: s_waitcnt,
                simm16: 3952,
            },
        ),
        literal_constant: None,
        program_counter: 256,
    },
    Instruction {
        inner: VOP3(
            VOP3Instruction {
                op: VOP2(
                    v_max_f32,
                ),
                vdst: VectorGPR {
                    register_idx: 0,
                },
                src0: TransformedOperand {
                    operand: VectorGPR(
                        VectorGPR {
                            register_idx: 0,
                        },
                    ),
                    abs: false,
                    neg: false,
                },
                src1: TransformedOperand {
                    operand: VectorGPR(
                        VectorGPR {
                            register_idx: 1,
                        },
                    ),
                    abs: false,
                    neg: false,
                },
                src2: TransformedOperand {
                    operand: Scalar(
                        Destination(
                            ScalarGPR(
                                0,
                            ),
                        ),
                    ),
                    abs: true,
                    neg: false,
                },
                clamp: false,
                output_modifier: None,
            },
        ),
        literal_constant: None,
        program_counter: 260,
    },
    Instruction {
        inner: VOP2(
            VOP2Instruction {
                op: v_min_f32,
                src0: VectorGPR(
                    VectorGPR {
                        register_idx: 10,
                    },
                ),
                vsrc1: VectorGPR {
                    register_idx: 0,
                },
                vdst: VectorGPR {
                    register_idx: 0,
                },
            },
        ),
        literal_constant: None,
        program_counter: 268,
    },
    Instruction {
        inner: MIMG(
            MIMGInstruction {
                op: image_store,
                dmask: dmask(r),
                unorm: false,
                glc: false,
                da: true,
                r128: false,
                tfe: false,
                lwe: false,
                slc: false,
                vaddr: VectorGPR {
                    register_idx: 4,
                },
                vdata: VectorGPR {
                    register_idx: 0,
                },
                srsrc: ScalarGeneralPurposeRegisterGroup {
                    value: 5,
                },
                ssamp: ScalarGeneralPurposeRegisterGroup {
                    value: 0,
                },
            },
        ),
        literal_constant: None,
        program_counter: 272,
    },
    Instruction {
        inner: SOPP(
            SOPPInstruction {
                op: s_endpgm,
                simm16: 0,
            },
        ),
        literal_constant: None,
        program_counter: 280,
    },
]