[
    Instruction {
        inner: SOP1(
            SOP1Instruction {
                op: s_mov_b32,
                ssrc0: LiteralConstant,
                sdst: VccHi,
            },
        ),
        literal_constant: Some(
            6,
        ),
        program_counter: 0,
    },
    Instruction {
        inner: SOP2(
            SOP2Instruction {
                op: s_lshl_b32,
                ssrc0: Destination(
                    ScalarGPR(
                        0,
                    ),
                ),
                ssrc1: IntegerConstant(
                    InlineIntegerConstant(
                        6,
                    ),
                ),
                sdst: VccLo,
            },
        ),
        literal_constant: None,
        program_counter: 8,
    },
    Instruction {
        inner: VOP2(
            VOP2Instruction {
                op: v_add_co_u32,
                src0: Scalar(
                    Destination(
                        VccLo,
                    ),
                ),
                vsrc1: VectorGPR {
                    register_idx: 0,
                },
                vdst: VectorGPR {
                    register_idx: 0,
                },
            },
        ),
        literal_constant: None,
        program_counter: 12,
    },
    Instruction {
        inner: VOPC(
            VOPCInstruction {
                op: v_cmpx_gt_u32,
                src0: Scalar(
                    IntegerConstant(
                        InlineIntegerConstant(
                            20,
                        ),
                    ),
                ),
                vsrc1: VectorGPR {
                    register_idx: 0,
                },
            },
        ),
        literal_constant: None,
        program_counter: 16,
    },
    Instruction {
        inner: SOPP(
            SOPPInstruction {
                op: s_cbranch_execz,
                simm16: 5,
            },
        ),
        literal_constant: None,
        program_counter: 20,
    },
    Instruction {
        inner: VOP2(
            VOP2Instruction {
                op: v_lshlrev_b32,
                src0: Scalar(
                    IntegerConstant(
                        InlineIntegerConstant(
                            2,
                        ),
                    ),
                ),
                vsrc1: VectorGPR {
                    register_idx: 0,
                },
                vdst: VectorGPR {
                    register_idx: 0,
                },
            },
        ),
        literal_constant: None,
        program_counter: 24,
    },
    Instruction {
        inner: VOP1(
            VOP1Instruction {
                op: v_mov_b32,
                src0: Scalar(
                    IntegerConstant(
                        InlineIntegerConstant(
                            0,
                        ),
                    ),
                ),
                vdst: VectorGPR {
                    register_idx: 1,
                },
            },
        ),
        literal_constant: None,
        program_counter: 28,
    },
    Instruction {
        inner: SOP2(
            SOP2Instruction {
                op: s_bfm_b32,
                ssrc0: IntegerConstant(
                    InlineIntegerConstant(
                        2,
                    ),
                ),
                ssrc1: IntegerConstant(
                    InlineIntegerConstant(
                        14,
                    ),
                ),
                sdst: M0,
            },
        ),
        literal_constant: None,
        program_counter: 32,
    },
    Instruction {
        inner: DS(
            DSInstruction {
                op: ds_write_b32,
                offset0: 0,
                offset1: 18,
                gds: true,
                addr: VectorGPR {
                    register_idx: 0,
                },
                data0: VectorGPR {
                    register_idx: 1,
                },
                data1: VectorGPR {
                    register_idx: 0,
                },
                vdst: VectorGPR {
                    register_idx: 0,
                },
            },
        ),
        literal_constant: None,
        program_counter: 36,
    },
    Instruction {
        inner: SOPP(
            SOPPInstruction {
                op: s_endpgm,
                simm16: 0,
            },
        ),
        literal_constant: None,
        program_counter: 44,
    },
]