0x0000: s_mov_b32 vcc_hi, 0x305
0x0008: v_mov_b32 v2, 0
0x000c: s_bfm_b32 m0, 2, 14
0x0010: s_lshl_b32 vcc_lo, s2, 6
0x0014: v_add_co_u32 v1, vcc_lo, v0
0x0018: unknown 
0x0020: s_waitcnt 0xf0f
0x0024: unknown 
0x002c: v_mov_b32 v6, 0
0x0030: s_waitcnt 0x7f
0x0034: v_cmp_lt_u32 v1, v2
0x0038: v_mov_b32 v17, 0
0x003c: v_mov_b32 v13, 0
0x0040: v_mov_b32 v7, 0
0x0044: v_mov_b32 v28, 0
0x0048: v_mov_b32 v5, 0
0x004c: s_waitcnt 0xf0f
0x0050: s_and_saveexec_b64 s[2:3], vcc
0x0054: s_cbranch_execz 0x337
0x0058: v_mov_b32 v2, 0
0x005c: unknown 
0x0064: s_load_dwordx4 s[12:15], s[0:1], 0x8
0x0068: s_load_dwordx8 s[4:11], s[0:1], 0x14
0x006c: s_load_dword s16, s[0:1], 0x64
0x0070: s_mov_b32 s17, 0
0x0074: s_waitcnt 0x7f
0x0078: v_sad_u32 v1, v2, 0, v1
0x0080: buffer_load_dwordx2 v[13:14], v1, s[12:15], idxen, offset=0x0, soffset=0x80
0x0088: v_mov_b32 v18, 1
0x008c: s_waitcnt 0xf70
0x0090: buffer_load_dword v20, v13, s[8:11], idxen, offset=0x0, soffset=0x80
0x0098: v_and_b32 v17, 0xffffff, v14
0x00a0: buffer_load_dwordx3 v[7:9], v17, s[4:7], idxen, offset=0x0, soffset=0x80
0x00a8: buffer_load_dwordx3 v[10:12], v17, s[4:7], idxen, offset=0x24, soffset=0x80
0x00b0: buffer_load_dwordx3 v[4:6], v17, s[4:7], idxen, offset=0xc, soffset=0x80
0x00b8: s_waitcnt 0xf0f
0x00bc: buffer_load_dwordx3 v[1:3], v17, s[4:7], idxen, offset=0x18, soffset=0x80
0x00c4: s_waitcnt 0xf74
0x00c8: v_bfe_u32 v27, v20, 27, 4
0x00d0: v_ldexp_f32 v21, 0x40e00000, v27
0x00d8: v_and_b32 v22, 0x1ff, v20
0x00e0: v_mul_f32 v19, 0.5.f, v21
0x00e4: v_cvt_f32_u32 v22, v22
0x00e8: v_bfe_u32 v23, v20, 9, 9
0x00f0: v_mad_f32 v22, v21, v22, v19
0x00f8: v_cvt_f32_u32 v25, v23
0x00fc: v_bfe_u32 v24, v20, 18, 9
0x0104: s_waitcnt 0xf72
0x0108: v_mad_f32 v26, v7, v22, v10
0x0110: v_mad_f32 v10, v21, v25, v19
0x0118: v_cvt_f32_u32 v24, v24
0x011c: v_mac_f32 v11, v22, v8
0x0120: v_mac_f32 v12, v22, v9
0x0124: v_mad_f32 v21, v21, v24, v19
0x012c: s_waitcnt 0xf71
0x0130: v_mad_f32 v23, v5, v10, v11
0x0138: v_mac_f32 v26, v10, v4
0x013c: v_mad_f32 v10, v6, v10, v12
0x0144: s_waitcnt 0xf70
0x0148: v_mad_f32 v11, v1, v21, v26
0x0150: v_mad_f32 v12, v2, v21, v23
0x0158: v_mul_f32 v25, v8, v19
0x015c: v_mul_f32 v22, v9, v19
0x0160: v_mul_f32 v23, v4, v19
0x0164: v_mul_f32 v24, v5, v19
0x0168: v_mul_f32 v5, v1, v19
0x016c: v_mul_f32 v4, v2, v19
0x0170: v_mac_f32 v10, v21, v3
0x0174: v_mul_f32 v21, v7, v19
0x0178: v_mul_f32 v7, v6, v19
0x017c: v_mul_f32 v6, v3, v19
0x0180: unknown_1 s10, 0x1011
0x0184: s_cbranch_scc0 0x1c
0x0188: s_lshl_b32 vcc_lo, s17, 4
0x018c: s_add_i32 s8, vcc_lo, 0xf0
0x0194: s_load_dwordx4 s[8:11], s[0:1], 0x8
0x0198: s_add_i32 s17, s17, 1
0x019c: s_waitcnt 0x7f
0x01a0: v_mul_f32 v2, s8, v23
0x01a4: v_mul_f32 v3, s8, v21
0x01a8: v_mul_f32 v1, s8, v5
0x01ac: v_mac_f32 v2, s9, v24
0x01b0: v_mac_f32 v3, s9, v25
0x01b4: v_mac_f32 v2, s10, v7
0x01b8: v_mac_f32 v3, s10, v22
0x01bc: v_mac_f32 v1, s9, v4
0x01c0: v_add_f32 v2, v3, abs(v2), abs(s0)
0x01c8: v_mac_f32 v1, s10, v6
0x01cc: v_add_f32 v1, v2, abs(v1), s0
0x01d4: v_mac_f32 v1, s8, v11
0x01d8: v_mac_f32 v1, s9, v12
0x01dc: v_mac_f32 v1, s10, v10
0x01e0: v_cmp_gt_f32 v106, v1, -s11, s0
0x01e8: v_cndmask_b32 v1, 0, 1, vcc
0x01f0: v_and_b32 v18, v18, v1
0x01f4: s_branch -0x1e
0x01f8: v_mov_b32 v26, 0
0x01fc: s_load_dwordx4 s[8:11], s[0:1], 0x20
0x0200: s_mov_b32 vcc_lo, 0x3c008081
0x0208: s_waitcnt 0x7f
0x020c: buffer_load_dwordx2 v[1:2], v13, s[8:11], idxen, offset=0x8, soffset=0x80
0x0214: v_mov_b32 v9, 0
0x0218: v_mov_b32 v19, 1.f
0x021c: v_mov_b32 v8, -1.f
0x0220: s_waitcnt 0xf70
0x0224: v_cvt_f32_ubyte0 v30, v1
0x0228: v_cvt_f32_ubyte3 v3, v1
0x022c: v_mad_f32 v32, vcc_lo, v30, -1.f
0x0234: v_mad_f32 v29, vcc_lo, v3, -1.f
0x023c: v_cvt_f32_ubyte0 v3, v2
0x0240: v_sub_f32 v31, v29, v32
0x0244: v_mad_f32 v3, vcc_lo, v3, -1.f
0x024c: v_cvt_f32_ubyte1 v28, v2
0x0250: v_cvt_f32_ubyte2 v2, v1
0x0254: v_cvt_f32_ubyte1 v1, v1
0x0258: v_mad_f32 v30, vcc_lo, v1, -1.f
0x0260: v_add_f32 v1, v32, v29, s0, div:2
0x0268: v_mul_f32 v33, v31, v31
0x026c: v_sub_f32 v32, v3, v30
0x0270: v_mad_f32 v2, vcc_lo, v2, -1.f
0x0278: v_mad_f32 v28, vcc_lo, v28, -1.f
0x0280: v_mul_f32 v29, v1, v1
0x0284: v_add_f32 v3, v30, v3, s0, div:2
0x028c: v_sub_f32 v31, v28, v2
0x0290: v_add_f32 v2, v2, v28, s0, div:2
0x0298: v_mac_f32 v33, v32, v32
0x029c: v_mad_f32 v32, v3, v3, v29
0x02a4: v_mac_f32 v33, v31, v31
0x02a8: v_mac_f32 v32, v2, v2
0x02ac: v_sqrt_f32 v29, v33, s0, s0, div:2
0x02b4: v_sqrt_f32 v30, v32
0x02b8: v_cmp_lt_f32 v29, v30
0x02bc: s_and_saveexec_b64 vcc, vcc
0x02c0: s_cbranch_execz 0x9
0x02c4: v_rsq_f32 v19, v32
0x02c8: v_mul_f32 v8, v19, v29
0x02cc: v_mad_f32 v8, v8, v8, -1.f
0x02d4: v_max_f32 v8, 0, v8
0x02d8: v_sqrt_f32 v8, v8
0x02dc: v_mul_f32 v26, v19, v1
0x02e0: v_mul_f32 v9, v19, v3
0x02e4: v_mul_f32 v19, v19, v2
0x02e8: s_mov_b64 exec, vcc
0x02ec: buffer_load_dwordx3 v[1:3], v17, s[4:7], idxen, offset=0x44, soffset=0x80
0x02f4: v_mov_b32 v28, 1.f
0x02f8: s_waitcnt 0xf70
0x02fc: v_mul_f32 v1, v1, v26
0x0300: v_mac_f32 v1, v9, v2
0x0304: v_mac_f32 v1, v19, v3
0x0308: v_cmp_nge_f32 v1, v8
0x030c: s_and_saveexec_b64 vcc, vcc
0x0310: s_cbranch_execz 0x8
0x0314: v_mad_f32 v2, v8, -v8, 1.f
0x031c: v_mul_f32 v3, v1, v1, -s0
0x0324: v_mac_f32 v2, v2, v3
0x0328: v_max_f32 v2, 0, v2
0x032c: v_sqrt_f32 v28, v2
0x0330: v_mac_f32 v28, v1, v8
0x0334: s_mov_b64 exec, vcc
0x0338: buffer_load_dword v2, v17, s[4:7], idxen, offset=0x50, soffset=0x80
0x0340: buffer_load_dword v26, v17, s[4:7], idxen, offset=0x64, soffset=0x80
0x0348: buffer_load_dword v3, v13, s[8:11], idxen, offset=0x0, soffset=0x80
0x0350: s_mov_b32 vcc_lo, 0x3d924925
0x0358: v_add_f32 v1, v21, abs(v23), abs(s0)
0x0360: v_add_f32 v19, v1, abs(v5), s0
0x0368: v_add_f32 v1, v25, abs(v24), abs(s0)
0x0370: v_add_f32 v9, v1, abs(v4), s0
0x0378: v_add_f32 v1, v22, abs(v7), abs(s0)
0x0380: v_add_f32 v8, v1, abs(v6), s0
0x0388: v_mul_f32 v1, v19, v19
0x038c: v_mac_f32 v1, v9, v9
0x0390: v_cmp_lt_f32 v16, 0, v28, s0
0x0398: s_waitcnt 0xf72
0x039c: v_bfe_u32 v2, v2, 24, 4
0x03a4: s_waitcnt 0xf70
0x03a8: v_bfe_u32 v30, v3, 4, 4
0x03b0: v_cvt_f32_u32 v30, v30
0x03b4: v_mul_f32 v31, 0x3d924925, v30
0x03bc: v_cmp_gt_u32 v8, v27, v26, s0
0x03c4: v_and_b32 v26, 15, v3
0x03c8: v_cvt_f32_u32 v28, v26
0x03cc: v_bfe_u32 v26, v3, 12, 4
0x03d4: v_cvt_f32_u32 v26, v26
0x03d8: v_mul_f32 v29, 0x3d924925, v28
0x03e0: v_mad_f32 v28, -vcc_lo, v26, v29
0x03e8: v_bfe_u32 v26, v3, 16, 4
0x03f0: v_cvt_f32_u32 v26, v26
0x03f4: v_mad_f32 v26, -vcc_lo, v26, v31
0x03fc: v_mac_f32 v29, 0.5.f, v28
0x0400: v_mad_f32 v29, 2.f, v29, -1.f
0x0408: v_mac_f32 v31, 0.5.f, v26
0x040c: v_mad_f32 v33, v21, v29, v11
0x0414: v_mad_f32 v31, 2.f, v31, -1.f
0x041c: v_mad_f32 v32, v22, v29, v10
0x0424: v_mad_f32 v29, v25, v29, v12
0x042c: v_mul_f32 v30, v25, v28
0x0430: v_mul_f32 v25, v21, v28
0x0434: v_mad_f32 v34, v24, v31, v29
0x043c: v_mad_f32 v25, abs(v23), abs(v26), abs(v25)
0x0444: v_mad_f32 v35, abs(v24), abs(v26), abs(v30)
0x044c: v_bfe_u32 v24, v3, 20, 4
0x0454: v_cvt_f32_u32 v24, v24
0x0458: v_mac_f32 v33, v31, v23
0x045c: v_mul_f32 v23, v22, v28
0x0460: v_bfe_u32 v22, v3, 8, 4
0x0468: v_cvt_f32_u32 v22, v22
0x046c: v_mul_f32 v22, 0x3d924925, v22
0x0474: v_and_b32 v3, 0xfff000, v3
0x047c: v_mad_f32 v28, -vcc_lo, v24, v22
0x0484: s_brev_b32 vcc_lo, -2
0x0488: v_cmp_lt_u32 vcc_lo, v20
0x048c: v_mac_f32 v22, 0.5.f, v28
0x0490: v_mad_f32 v22, 2.f, v22, -1.f
0x0498: v_mad_f32 v23, abs(v7), abs(v26), abs(v23)
0x04a0: v_mac_f32 v32, v31, v7
0x04a4: s_andn2_b64 vcc, s[8:9], vcc
0x04a8: v_mad_f32 v24, v6, v22, v32
0x04b0: v_cndmask_b32 v26, 0, 1, vcc
0x04b8: v_cmp_gt_u32 v18, v27, v2, s0
0x04c0: buffer_load_dword v2, v17, s[4:7], idxen, offset=0x40, soffset=0x80
0x04c8: v_cmp_lg_u32 v20, 0, v3, s0
0x04d0: v_bfe_u32 v3, v14, 24, 1
0x04d8: v_cmp_lg_u32 v4, 0, v3, s0
0x04e0: v_mov_b32 v29, 0
0x04e4: v_mov_b32 v7, 0
0x04e8: v_mac_f32 v33, v22, v5
0x04ec: v_mac_f32 v34, v22, v4
0x04f0: v_mad_f32 v22, v5, abs(v28), abs(v25)
0x04f8: v_mad_f32 v25, v6, abs(v28), abs(v23)
0x0500: v_lshrrev_b32 v6, 24, v14
0x0504: v_sqrt_f32 v14, v1
0x0508: v_mov_b32 v5, 0
0x050c: v_mac_f32 v35, v28, abs(v4), abs(s0)
0x0514: s_waitcnt 0xf70
0x0518: v_ldexp_f32 v27, v2, v27
0x051c: s_and_saveexec_b64 s[22:23], s[4:5]
0x0520: s_cbranch_execz 0x7b
0x0524: s_load_dwordx2 s[24:25], s[0:1], 0x24
0x0528: s_load_dword s30, s[0:1], 0x26
0x052c: s_brev_b32 s8, 34
0x0530: s_waitcnt 0x7f
0x0534: v_mov_b32 v1, s25
0x0538: v_mac_f32 v1, s24, v11
0x053c: v_mad_f32 v2, s24, v19, -abs(v1)
0x0544: v_cmp_ge_f32 v4, s8, v2, s0
0x054c: v_mul_f32 v2, s24, v19, -abs(s0)
0x0554: v_cmp_le_f32 v6, v2, v1, s0
0x055c: v_mov_b32 v1, s30
0x0560: v_mul_f32 v2, s24, v9, -abs(s0)
0x0568: v_mac_f32 v1, s24, v12
0x056c: v_cmp_le_f32 v2, v1
0x0570: v_mac_f32 v1, s24, v9, -abs(s0)
0x0578: v_cmp_ge_f32 v8, s8, v1, s0
0x0580: s_and_b64 vcc, s[6:7], vcc
0x0584: s_and_b64 vcc, vcc, s[4:5]
0x0588: s_and_b64 vcc, vcc, s[8:9]
0x058c: v_cndmask_b32 v1, 0, 1, vcc
0x0594: v_and_b32 v1, v1, v18
0x0598: v_cmpx_lg_u32 0, v1
0x059c: s_cbranch_execz 0x5c
0x05a0: v_mul_f32 v1, s24, abs(v27), s0
0x05a8: v_rcp_f32 v1, v1
0x05ac: v_cmp_le_f32 0x3ec00000, v1
0x05b4: v_cndmask_b32 v1, 1, 0, vcc
0x05bc: v_and_b32 v1, v1, v26
0x05c0: v_cndmask_b32 v2, 0, 1, vcc
0x05c8: v_or_b32 v7, v2, v1
0x05cc: s_load_dwordx2 s[4:5], s[0:1], 0x30
0x05d0: v_cmp_lg_u32 v28, 0, v7, s0
0x05d8: s_waitcnt 0x7f
0x05dc: v_mul_f32 v1, s4, v14, abs(s0)
0x05e4: v_frexp_exp_i32_f32 v1, v1
0x05e8: v_sad_u32 v1, -2, 0, v1
0x05f0: v_med3_i32 v4, 6, v1, 0
0x05f8: s_load_dword s6, s[0:1], 0x32
0x05fc: s_andn2_b64 s[26:27], s[20:21], s[28:29]
0x0600: v_cndmask_b32 v2, v12, v34, vcc
0x0608: v_cndmask_b32 v28, v11, v33, vcc
0x0610: s_waitcnt 0x7f
0x0614: v_mov_b32 v29, s6
0x0618: v_mov_b32 v1, s5
0x061c: v_sub_co_u32 v3, -3, v4
0x0620: v_mac_f32 v29, s4, v2
0x0624: v_mac_f32 v1, s4, v28
0x0628: v_ldexp_f32 v2, v29, v3
0x062c: v_ldexp_f32 v1, v1, v3
0x0630: s_load_dwordx4 s[12:15], s[0:1], 0x60
0x0634: s_load_dwordx8 s[32:39], s[0:1], 0x0
0x0638: v_cvt_f32_u32 v4, v4
0x063c: v_mov_b32 v3, 0
0x0640: s_waitcnt 0x7f
0x0644: image_sample_l v1, v[1:2], s[32:39], s[12:15], dmask(r), unorm, da
0x064c: v_cndmask_b32 v3, v10, v24, vcc
0x0654: s_and_b64 vcc, s[16:17], s[26:27]
0x0658: v_cndmask_b32 v2, v8, v25, vcc
0x0660: v_sub_f32 v2, v3, v2
0x0664: v_cndmask_b32 v3, 0, 1, vcc
0x066c: v_or_b32 v3, v7, v3
0x0670: v_cmp_lg_u32 0, v3
0x0674: s_waitcnt 0xf70
0x0678: v_cmp_ge_f32 v4, v2, v1, s0
0x0680: v_cmp_lt_f32 v8, v2, v1, s0
0x0688: s_andn2_b64 s[6:7], vcc, s[8:9]
0x068c: s_not_b64 s[10:11], s[28:29]
0x0690: s_andn2_b64 s[8:9], s[8:9], s[10:11]
0x0694: s_nand_b64 vcc, s[16:17], s[26:27]
0x0698: s_nor_b64 vcc, vcc, s[4:5]
0x069c: v_cndmask_b32 v29, 0, 1, vcc
0x06a4: v_cndmask_b32 v7, 0, 1, vcc
0x06ac: v_cndmask_b32 v1, 1, 0, vcc
0x06b4: s_and_saveexec_b64 vcc, vcc
0x06b8: s_cbranch_execz 0x15
0x06bc: v_mov_b32 v3, s25
0x06c0: v_mov_b32 v2, s30
0x06c4: v_mac_f32 v3, s24, v33
0x06c8: v_mac_f32 v2, s24, v34
0x06cc: v_fract_f32 v3, v3
0x06d0: v_fract_f32 v4, v2
0x06d4: v_add_f32 v2, -0.5.f, v3
0x06d8: v_mul_f32 v3, s24, v22, abs(s0)
0x06e0: v_add_f32 v4, -0.5.f, v4
0x06e4: v_mul_f32 v5, s24, v35, abs(s0)
0x06ec: v_cmp_lt_f32 v4, v3, abs(v2), s0
0x06f4: v_cmp_lt_f32 v106, v5, abs(v4), s0
0x06fc: v_mov_b32 v29, 0
0x0700: v_mov_b32 v7, v1
0x0704: s_or_b64 vcc, s[4:5], vcc
0x0708: v_cndmask_b32 v5, 1, 0, vcc
0x0710: s_mov_b64 exec, s[22:23]
0x0714: v_and_b32 v30, 2, v6
0x0718: v_cmp_lg_u32 0, v30
0x071c: v_mov_b32 v28, v29
0x0720: s_and_saveexec_b64 s[22:23], vcc
0x0724: s_cbranch_execz 0x7b
0x0728: s_load_dwordx2 s[24:25], s[0:1], 0x27
0x072c: s_load_dword s30, s[0:1], 0x29
0x0730: s_brev_b32 s8, 34
0x0734: s_waitcnt 0x7f
0x0738: v_mov_b32 v1, s25
0x073c: v_mac_f32 v1, s24, v11
0x0740: v_mad_f32 v2, s24, v19, -abs(v1)
0x0748: v_cmp_ge_f32 v4, s8, v2, s0
0x0750: v_mul_f32 v2, s24, v19, -abs(s0)
0x0758: v_cmp_le_f32 v6, v2, v1, s0
0x0760: v_mov_b32 v1, s30
0x0764: v_mul_f32 v2, s24, v9, -abs(s0)
0x076c: v_mac_f32 v1, s24, v12
0x0770: v_cmp_le_f32 v2, v1
0x0774: v_mac_f32 v1, s24, v9, -abs(s0)
0x077c: v_cmp_ge_f32 v8, s8, v1, s0
0x0784: s_and_b64 vcc, s[6:7], vcc
0x0788: s_and_b64 vcc, vcc, s[4:5]
0x078c: s_and_b64 vcc, vcc, s[8:9]
0x0790: v_cndmask_b32 v1, 0, 1, vcc
0x0798: v_and_b32 v1, v1, v18
0x079c: v_cmpx_lg_u32 0, v1
0x07a0: s_cbranch_execz 0x5c
0x07a4: v_mul_f32 v1, s24, abs(v27), s0
0x07ac: v_rcp_f32 v1, v1
0x07b0: v_cmp_le_f32 0x3ec00000, v1
0x07b8: v_cndmask_b32 v1, 1, 0, vcc
0x07c0: v_and_b32 v1, v1, v26
0x07c4: v_cndmask_b32 v2, 0, 1, vcc
0x07cc: v_or_b32 v28, v2, v1
0x07d0: s_load_dwordx2 s[4:5], s[0:1], 0x33
0x07d4: v_cmp_lg_u32 v26, 0, v28, s0
0x07dc: s_waitcnt 0x7f
0x07e0: v_mul_f32 v1, s4, v14, abs(s0)
0x07e8: v_frexp_exp_i32_f32 v1, v1
0x07ec: v_sad_u32 v1, -2, 0, v1
0x07f4: v_med3_i32 v3, 6, v1, 0
0x07fc: s_load_dword s6, s[0:1], 0x35
0x0800: s_andn2_b64 s[28:29], s[20:21], s[26:27]
0x0804: v_cndmask_b32 v4, v12, v34, vcc
0x080c: v_cndmask_b32 v1, v11, v33, vcc
0x0814: v_mov_b32 v32, s5
0x0818: s_waitcnt 0x7f
0x081c: v_mov_b32 v31, s6
0x0820: s_load_dwordx4 s[12:15], s[0:1], 0x60
0x0824: s_load_dwordx8 s[32:39], s[0:1], 0x0
0x0828: v_mac_f32 v31, s4, v4
0x082c: v_sub_co_u32 v4, -3, v3
0x0830: v_mac_f32 v32, s4, v1
0x0834: v_ldexp_f32 v2, v31, v4
0x0838: v_ldexp_f32 v1, v32, v4
0x083c: v_cvt_f32_u32 v4, v3
0x0840: v_mov_b32 v3, 1.f
0x0844: s_waitcnt 0x7f
0x0848: image_sample_l v1, v[1:2], s[32:39], s[12:15], dmask(r), unorm, da
0x0850: v_cndmask_b32 v2, v10, v24, vcc
0x0858: v_cndmask_b32 v3, v8, v25, vcc
0x0860: s_and_b64 s[8:9], s[16:17], s[28:29]
0x0864: v_sub_f32 v3, v2, v3
0x0868: v_cndmask_b32 v2, 0, 1, vcc
0x0870: s_not_b64 vcc, s[26:27]
0x0874: v_or_b32 v4, v28, v2
0x0878: v_or_b32 v28, v29, v30
0x087c: v_or_b32 v2, v7, v30
0x0880: v_cndmask_b32 v2, v2, v7
0x0884: s_nand_b64 vcc, s[16:17], s[28:29]
0x0888: s_waitcnt 0xf70
0x088c: v_cmp_ge_f32 v6, v3, v1, s0
0x0894: v_cmp_lt_f32 v4, v3, v1, s0
0x089c: v_cndmask_b32 v7, v7, v2, vcc
0x08a4: s_nor_b64 s[6:7], vcc, s[6:7]
0x08a8: v_cmp_lg_u32 0, v4
0x08ac: v_cndmask_b32 v1, v29, v28
0x08b0: v_cndmask_b32 v28, v1, v29, vcc
0x08b8: s_and_saveexec_b64 vcc, s[6:7]
0x08bc: s_cbranch_execz 0x15
0x08c0: v_mul_f32 v3, s24, v22, abs(s0)
0x08c8: v_or_b32 v1, v5, v30
0x08cc: v_mov_b32 v28, v29
0x08d0: v_mov_b32 v7, v2
0x08d4: v_mov_b32 v2, s25
0x08d8: v_mac_f32 v2, s24, v33
0x08dc: v_fract_f32 v2, v2
0x08e0: v_add_f32 v2, -0.5.f, v2
0x08e4: v_cmp_lt_f32 v4, v3, abs(v2), s0
0x08ec: v_mov_b32 v2, s30
0x08f0: v_mac_f32 v2, s24, v34
0x08f4: v_fract_f32 v2, v2
0x08f8: v_add_f32 v2, -0.5.f, v2
0x08fc: v_mul_f32 v3, s24, v35, abs(s0)
0x0904: v_cmp_lt_f32 v106, v3, abs(v2), s0
0x090c: s_or_b64 vcc, s[4:5], vcc
0x0910: v_cndmask_b32 v5, v1, v5
0x0914: s_mov_b64 exec, s[22:23]
0x0918: v_and_b32 v30, 4, v6
0x091c: v_cmp_lg_u32 0, v30
0x0920: v_mov_b32 v29, v28
0x0924: s_and_saveexec_b64 s[22:23], vcc
0x0928: s_cbranch_execz 0x7b
0x092c: s_load_dwordx2 s[24:25], s[0:1], 0x2a
0x0930: s_load_dword s30, s[0:1], 0x2c
0x0934: s_brev_b32 s8, 34
0x0938: s_waitcnt 0x7f
0x093c: v_mov_b32 v1, s25
0x0940: v_mac_f32 v1, s24, v11
0x0944: v_mad_f32 v2, s24, v19, -abs(v1)
0x094c: v_cmp_ge_f32 v4, s8, v2, s0
0x0954: v_mul_f32 v2, s24, v19, -abs(s0)
0x095c: v_cmp_le_f32 v6, v2, v1, s0
0x0964: v_mov_b32 v1, s30
0x0968: v_mul_f32 v2, s24, v9, -abs(s0)
0x0970: v_mac_f32 v1, s24, v12
0x0974: v_cmp_le_f32 v2, v1
0x0978: v_mac_f32 v1, s24, v9, -abs(s0)
0x0980: v_cmp_ge_f32 v8, s8, v1, s0
0x0988: s_and_b64 vcc, s[6:7], vcc
0x098c: s_and_b64 vcc, vcc, s[4:5]
0x0990: s_and_b64 vcc, vcc, s[8:9]
0x0994: v_cndmask_b32 v1, 0, 1, vcc
0x099c: v_and_b32 v1, v1, v18
0x09a0: v_cmpx_lg_u32 0, v1
0x09a4: s_cbranch_execz 0x5c
0x09a8: v_mul_f32 v1, s24, abs(v27), s0
0x09b0: v_rcp_f32 v1, v1
0x09b4: v_cmp_le_f32 0x3ec00000, v1
0x09bc: v_cndmask_b32 v1, 1, 0, vcc
0x09c4: v_and_b32 v1, v1, v26
0x09c8: v_cndmask_b32 v2, 0, 1, vcc
0x09d0: v_or_b32 v29, v2, v1
0x09d4: s_load_dwordx2 s[4:5], s[0:1], 0x36
0x09d8: v_cmp_lg_u32 v26, 0, v29, s0
0x09e0: s_waitcnt 0x7f
0x09e4: v_mul_f32 v1, s4, v14, abs(s0)
0x09ec: v_frexp_exp_i32_f32 v1, v1
0x09f0: v_sad_u32 v1, -2, 0, v1
0x09f8: v_med3_i32 v3, 6, v1, 0
0x0a00: s_load_dword s6, s[0:1], 0x38
0x0a04: s_andn2_b64 s[28:29], s[20:21], s[26:27]
0x0a08: v_cndmask_b32 v4, v12, v34, vcc
0x0a10: v_cndmask_b32 v1, v11, v33, vcc
0x0a18: v_mov_b32 v32, s5
0x0a1c: s_waitcnt 0x7f
0x0a20: v_mov_b32 v31, s6
0x0a24: s_load_dwordx4 s[12:15], s[0:1], 0x60
0x0a28: s_load_dwordx8 s[32:39], s[0:1], 0x0
0x0a2c: v_mac_f32 v31, s4, v4
0x0a30: v_sub_co_u32 v4, -3, v3
0x0a34: v_mac_f32 v32, s4, v1
0x0a38: v_ldexp_f32 v2, v31, v4
0x0a3c: v_ldexp_f32 v1, v32, v4
0x0a40: v_cvt_f32_u32 v4, v3
0x0a44: v_mov_b32 v3, 2.f
0x0a48: s_waitcnt 0x7f
0x0a4c: image_sample_l v1, v[1:2], s[32:39], s[12:15], dmask(r), unorm, da
0x0a54: v_cndmask_b32 v2, v10, v24, vcc
0x0a5c: v_cndmask_b32 v3, v8, v25, vcc
0x0a64: s_and_b64 s[8:9], s[16:17], s[28:29]
0x0a68: v_sub_f32 v3, v2, v3
0x0a6c: v_cndmask_b32 v2, 0, 1, vcc
0x0a74: s_not_b64 vcc, s[26:27]
0x0a78: v_or_b32 v4, v29, v2
0x0a7c: v_or_b32 v29, v28, v30
0x0a80: v_or_b32 v2, v7, v30
0x0a84: v_cndmask_b32 v2, v2, v7
0x0a88: s_nand_b64 vcc, s[16:17], s[28:29]
0x0a8c: s_waitcnt 0xf70
0x0a90: v_cmp_ge_f32 v6, v3, v1, s0
0x0a98: v_cmp_lt_f32 v4, v3, v1, s0
0x0aa0: v_cndmask_b32 v7, v7, v2, vcc
0x0aa8: s_nor_b64 s[6:7], vcc, s[6:7]
0x0aac: v_cmp_lg_u32 0, v4
0x0ab0: v_cndmask_b32 v1, v28, v29
0x0ab4: v_cndmask_b32 v29, v1, v28, vcc
0x0abc: s_and_saveexec_b64 vcc, s[6:7]
0x0ac0: s_cbranch_execz 0x15
0x0ac4: v_mul_f32 v3, s24, v22, abs(s0)
0x0acc: v_or_b32 v1, v5, v30
0x0ad0: v_mov_b32 v29, v28
0x0ad4: v_mov_b32 v7, v2
0x0ad8: v_mov_b32 v2, s25
0x0adc: v_mac_f32 v2, s24, v33
0x0ae0: v_fract_f32 v2, v2
0x0ae4: v_add_f32 v2, -0.5.f, v2
0x0ae8: v_cmp_lt_f32 v4, v3, abs(v2), s0
0x0af0: v_mov_b32 v2, s30
0x0af4: v_mac_f32 v2, s24, v34
0x0af8: v_fract_f32 v2, v2
0x0afc: v_add_f32 v2, -0.5.f, v2
0x0b00: v_mul_f32 v3, s24, v35, abs(s0)
0x0b08: v_cmp_lt_f32 v106, v3, abs(v2), s0
0x0b10: s_or_b64 vcc, s[4:5], vcc
0x0b14: v_cndmask_b32 v5, v1, v5
0x0b18: s_mov_b64 exec, s[22:23]
0x0b1c: v_sub_f32 v1, v16, v15
0x0b20: v_rcp_f32 v1, v1
0x0b24: v_sub_f32 v2, v24, v15
0x0b28: v_mul_f32 v1, v1, v2
0x0b2c: v_mul_f32 v1, 0x447fc000, v1
0x0b34: v_and_b32 v15, 8, v6
0x0b38: v_cvt_u32_f32 v1, v1
0x0b3c: v_min_u32 v6, 0x3ff, v1
0x0b44: v_mov_b32 v28, v29
0x0b48: v_cmpx_lg_u32 0, v15
0x0b4c: s_cbranch_execz 0x79
0x0b50: s_load_dwordx2 s[22:23], s[0:1], 0x2d
0x0b54: s_load_dword s24, s[0:1], 0x2f
0x0b58: s_brev_b32 s8, 34
0x0b5c: s_waitcnt 0x7f
0x0b60: v_mov_b32 v3, s23
0x0b64: v_mac_f32 v3, s22, v11
0x0b68: v_mul_f32 v1, s22, v9, -abs(s0)
0x0b70: v_mul_f32 v4, s22, v19, -abs(s0)
0x0b78: v_mad_f32 v2, s22, v19, -abs(v3)
0x0b80: v_cmp_le_f32 v4, v4, v3, s0
0x0b88: v_mov_b32 v3, s24
0x0b8c: v_mac_f32 v3, s22, v12
0x0b90: v_cmp_le_f32 v1, v3
0x0b94: v_cmp_ge_f32 v6, s8, v2, s0
0x0b9c: v_mac_f32 v3, s22, v9, -abs(s0)
0x0ba4: v_cmp_ge_f32 v8, s8, v3, s0
0x0bac: s_and_b64 vcc, s[4:5], vcc
0x0bb0: s_and_b64 vcc, vcc, s[6:7]
0x0bb4: s_and_b64 vcc, vcc, s[8:9]
0x0bb8: v_cndmask_b32 v1, 0, 1, vcc
0x0bc0: v_and_b32 v1, v1, v18
0x0bc4: v_cmpx_lg_u32 0, v1
0x0bc8: s_cbranch_execz 0x5a
0x0bcc: v_mul_f32 v1, s22, abs(v27), s0
0x0bd4: v_rcp_f32 v1, v1
0x0bd8: v_cmp_le_f32 0x3ec00000, v1
0x0be0: v_cndmask_b32 v1, 1, 0, vcc
0x0be8: v_and_b32 v1, v1, v26
0x0bec: v_cndmask_b32 v2, 0, 1, vcc
0x0bf4: v_or_b32 v9, v2, v1
0x0bf8: s_load_dwordx2 s[4:5], s[0:1], 0x39
0x0bfc: v_cmp_lg_u32 v18, 0, v9, s0
0x0c04: s_waitcnt 0x7f
0x0c08: v_mul_f32 v1, s4, v14, abs(s0)
0x0c10: v_frexp_exp_i32_f32 v1, v1
0x0c14: v_sad_u32 v1, -2, 0, v1
0x0c1c: v_med3_i32 v3, 6, v1, 0
0x0c24: s_load_dword s6, s[0:1], 0x3b
0x0c28: s_andn2_b64 s[20:21], s[20:21], s[18:19]
0x0c2c: v_cndmask_b32 v2, v12, v34, vcc
0x0c34: s_waitcnt 0x7f
0x0c38: v_mov_b32 v12, s6
0x0c3c: v_sub_co_u32 v1, -3, v3
0x0c40: v_mac_f32 v12, s4, v2
0x0c44: v_ldexp_f32 v2, v12, v1
0x0c48: v_cvt_f32_u32 v4, v3
0x0c4c: v_cndmask_b32 v3, v11, v33, vcc
0x0c54: v_mov_b32 v11, s5
0x0c58: s_load_dwordx4 s[12:15], s[0:1], 0x60
0x0c5c: s_load_dwordx8 s[28:35], s[0:1], 0x0
0x0c60: v_mac_f32 v11, s4, v3
0x0c64: v_ldexp_f32 v1, v11, v1
0x0c68: v_cvt_f32_i32 v3, 3
0x0c6c: s_waitcnt 0x7f
0x0c70: image_sample_l v2, v[1:2], s[28:35], s[12:15], dmask(r), unorm, da
0x0c78: v_cndmask_b32 v1, v10, v24, vcc
0x0c80: v_cndmask_b32 v3, v8, v25, vcc
0x0c88: v_sub_f32 v3, v1, v3
0x0c8c: s_not_b64 s[10:11], s[18:19]
0x0c90: s_and_b64 vcc, s[16:17], s[20:21]
0x0c94: v_cndmask_b32 v1, 0, 1, vcc
0x0c9c: v_or_b32 v1, v9, v1
0x0ca0: v_cmp_lg_u32 0, v1
0x0ca4: v_or_b32 v1, v7, v15
0x0ca8: v_or_b32 v4, v29, v15
0x0cac: v_cndmask_b32 v1, v1, v7, vcc
0x0cb4: v_cndmask_b32 v4, v29, v4
0x0cb8: s_nand_b64 s[8:9], s[16:17], s[20:21]
0x0cbc: s_waitcnt 0xf70
0x0cc0: v_cmp_lt_f32 v3, v2
0x0cc4: v_cmp_ge_f32 v6, v3, v2, s0
0x0ccc: v_cndmask_b32 v7, v7, v1
0x0cd0: v_cndmask_b32 v28, v4, v29
0x0cd4: s_nor_b64 vcc, s[8:9], s[6:7]
0x0cd8: s_and_saveexec_b64 vcc, vcc
0x0cdc: s_cbranch_execz 0x15
0x0ce0: v_mov_b32 v3, s23
0x0ce4: v_mov_b32 v2, s24
0x0ce8: v_mac_f32 v3, s22, v33
0x0cec: v_mac_f32 v2, s22, v34
0x0cf0: v_fract_f32 v4, v3
0x0cf4: v_fract_f32 v3, v2
0x0cf8: v_add_f32 v2, -0.5.f, v4
0x0cfc: v_mul_f32 v4, s22, v22, abs(s0)
0x0d04: v_add_f32 v3, -0.5.f, v3
0x0d08: v_mul_f32 v7, s22, v35, abs(s0)
0x0d10: v_cmp_lt_f32 v4, v4, abs(v2), s0
0x0d18: v_cmp_lt_f32 v106, v7, abs(v3), s0
0x0d20: v_or_b32 v2, v5, v15
0x0d24: v_mov_b32 v7, v1
0x0d28: v_mov_b32 v28, v29
0x0d2c: s_or_b64 vcc, s[4:5], vcc
0x0d30: v_cndmask_b32 v5, v2, v5
0x0d34: s_mov_b64 exec, s[2:3]
0x0d38: v_cmp_lg_u32 v2, 0, v7, s0
0x0d40: v_mov_b32 v1, 0
0x0d44: v_mov_b32 v3, 0x800000
0x0d4c: v_mov_b32 v11, 0x8000
0x0d54: v_mov_b32 v9, 0x80000080
0x0d5c: s_and_saveexec_b64 s[8:9], s[2:3]
0x0d60: s_cbranch_execz 0x28
0x0d64: v_mul_u32_u24 v2, 6, v13
0x0d68: s_load_dwordx4 s[4:7], s[0:1], 0x1c
0x0d6c: v_mad_u32_u24 v1, v13, 6, 1
0x0d74: s_waitcnt 0x7f
0x0d78: buffer_load_dword v3, v2, s[4:7], idxen, offset=0x0, soffset=0x80
0x0d80: buffer_load_dword v11, v1, s[4:7], idxen, offset=0x0, soffset=0x80
0x0d88: v_mad_u32_u24 v1, v13, 6, 2
0x0d90: buffer_load_dword v9, v1, s[4:7], idxen, offset=0x0, soffset=0x80
0x0d98: s_waitcnt 0xf72
0x0d9c: v_and_b32 v1, 0x800000, v3
0x0da4: s_waitcnt 0xf71
0x0da8: v_lshlrev_b32 v2, 8, v11
0x0dac: v_cmp_eq_u32 0, v1
0x0db0: v_and_b32 v4, 0x800000, v2
0x0db8: v_cndmask_b32 v1, 0, 1, vcc
0x0dc0: v_cndmask_b32 v2, 1, 2, vcc
0x0dc8: v_cmp_eq_u32 0, v4
0x0dcc: s_waitcnt 0xf70
0x0dd0: v_lshlrev_b32 v4, 16, v9
0x0dd4: v_cndmask_b32 v1, v1, v2
0x0dd8: v_and_b32 v4, 0x800000, v4
0x0de0: v_add_co_u32 v2, 1, v1
0x0de4: v_cmp_eq_u32 0, v4
0x0de8: v_lshrrev_b32 v4, 8, v9
0x0dec: v_cndmask_b32 v1, v1, v2
0x0df0: v_and_b32 v2, 0x800000, v4
0x0df8: v_add_co_u32 v4, 1, v1
0x0dfc: v_cmp_eq_u32 0, v2
0x0e00: v_cndmask_b32 v1, v1, v4
0x0e04: s_mov_b64 exec, s[8:9]
0x0e08: v_mov_b32 v12, 0x800000
0x0e10: v_mov_b32 v10, 0x8000
0x0e18: v_mov_b32 v8, 0x80000080
0x0e20: s_and_saveexec_b64 s[2:3], s[2:3]
0x0e24: s_cbranch_execz 0x26
0x0e28: v_mad_u32_u24 v2, v13, 6, 3
0x0e30: s_load_dwordx4 s[4:7], s[0:1], 0x1c
0x0e34: v_bcnt_u32_b32 v4, 1, v2
0x0e38: s_waitcnt 0x7f
0x0e3c: buffer_load_dword v12, v2, s[4:7], idxen, offset=0x0, soffset=0x80
0x0e44: buffer_load_dword v10, v4, s[4:7], idxen, offset=0x0, soffset=0x80
0x0e4c: v_bcnt_u32_b32 v2, 3, v2
0x0e50: buffer_load_dword v8, v2, s[4:7], idxen, offset=0x0, soffset=0x80
0x0e58: v_add_co_u32 v2, 1, v1
0x0e5c: s_waitcnt 0xf72
0x0e60: v_and_b32 v4, 0x800000, v12
0x0e68: v_cmp_eq_u32 0, v4
0x0e6c: s_waitcnt 0xf71
0x0e70: v_lshlrev_b32 v4, 8, v10
0x0e74: v_cndmask_b32 v1, v1, v2
0x0e78: v_and_b32 v4, 0x800000, v4
0x0e80: v_add_co_u32 v2, 1, v1
0x0e84: v_cmp_eq_u32 0, v4
0x0e88: s_waitcnt 0xf70
0x0e8c: v_lshlrev_b32 v4, 16, v8
0x0e90: v_cndmask_b32 v1, v1, v2
0x0e94: v_and_b32 v4, 0x800000, v4
0x0e9c: v_add_co_u32 v2, 1, v1
0x0ea0: v_cmp_eq_u32 0, v4
0x0ea4: v_lshrrev_b32 v4, 8, v8
0x0ea8: v_cndmask_b32 v1, v1, v2
0x0eac: v_and_b32 v2, 0x800000, v4
0x0eb4: v_add_co_u32 v4, 1, v1
0x0eb8: v_cmp_eq_u32 0, v2
0x0ebc: v_cndmask_b32 v1, v1, v4
0x0ec0: s_mov_b64 exec, s[2:3]
0x0ec4: unknown 
0x0ecc: s_mov_b32 s4, 0x88888888
0x0ed4: s_waitcnt 0x7f
0x0ed8: v_sad_u32 v2, v2, 0, v1
0x0ee0: s_mov_b32 vcc_lo, 0xaaaaaaaa
0x0ee8: s_mov_b32 vcc_hi, vcc_lo
0x0eec: v_cndmask_b32 v2, v1, v2
0x0ef0: unknown 
0x0ef8: s_mov_b32 s5, s4
0x0efc: s_waitcnt 0x7f
0x0f00: v_sad_u32 v4, v4, 0, v2
0x0f08: v_cndmask_b32 v2, v2, v4, vcc
0x0f10: unknown 
0x0f18: s_mov_b32 s6, 0x80808080
0x0f20: s_waitcnt 0x7f
0x0f24: v_sad_u32 v4, v4, 0, v2
0x0f2c: s_mov_b32 s7, s6
0x0f30: v_cndmask_b32 v2, v2, v4, vcc
0x0f38: unknown 
0x0f40: s_mov_b32 s8, 0x80008000
0x0f48: s_waitcnt 0x7f
0x0f4c: v_sad_u32 v4, v4, 0, v2
0x0f54: s_mov_b32 s9, s8
0x0f58: v_cndmask_b32 v2, v2, v4, vcc
0x0f60: unknown 
0x0f68: s_brev_b32 s10, 1
0x0f6c: s_waitcnt 0x7f
0x0f70: v_sad_u32 v4, v4, 0, v2
0x0f78: s_mov_b32 s11, s10
0x0f7c: v_cndmask_b32 v2, v2, v4, vcc
0x0f84: v_readlane_b32 v12, v2, v159
0x0f88: v_mov_b32 v14, v2
0x0f8c: v_writelane_b32 v14, s12, v191
0x0f90: v_writelane_b32 v14, 0, v159
0x0f94: unknown 
0x0f9c: unknown 
0x0fa4: s_waitcnt 0x17f
0x0fa8: v_sad_u32 v15, v14, 0, v15
0x0fb0: s_bfm_b32 vcc_lo, 1, 15
0x0fb4: v_cndmask_b32 v14, v14, v15, vcc
0x0fbc: s_mov_b32 vcc_hi, vcc_lo
0x0fc0: s_waitcnt 0x7f
0x0fc4: v_cndmask_b32 v14, v14, v4
0x0fc8: unknown 
0x0fd0: unknown 
0x0fd8: s_waitcnt 0x17f
0x0fdc: v_sad_u32 v15, v15, 0, v14
0x0fe4: s_mov_b32 vcc_lo, 0x800080
0x0fec: v_cndmask_b32 v14, v14, v15, vcc
0x0ff4: s_mov_b32 vcc_hi, vcc_lo
0x0ff8: s_waitcnt 0x7f
0x0ffc: v_cndmask_b32 v14, v14, v4
0x1000: unknown 
0x1008: unknown 
0x1010: s_waitcnt 0x17f
0x1014: v_sad_u32 v15, v15, 0, v14
0x101c: s_mov_b32 vcc_lo, 0x8080808
0x1024: v_cndmask_b32 v14, v14, v15, vcc
0x102c: s_mov_b32 vcc_hi, vcc_lo
0x1030: s_waitcnt 0x7f
0x1034: v_cndmask_b32 v4, v14, v4
0x1038: unknown 
0x1040: v_readlane_b32 v6, v2, v191
0x1044: s_waitcnt 0x7f
0x1048: v_add_co_u32 v14, v14, v4
0x104c: unknown 
0x1054: v_cndmask_b32 v4, v4, v14, vcc
0x105c: v_cmp_eq_u32 v4, 0, v0, s0
0x1064: v_mov_b32 v14, 0
0x1068: s_add_i32 s6, s12, s6
0x106c: s_mov_b32 vcc_lo, 0x22222222
0x1074: unknown_1 s8, 0x8006
0x1078: s_mov_b32 vcc_hi, vcc_lo
0x107c: s_waitcnt 0x7f
0x1080: v_cndmask_b32 v2, v4, v2
0x1084: s_cselect_b64 vcc, s[2:3], 0
0x1088: s_and_b64 vcc, s[4:5], vcc
0x108c: unknown 
0x1094: unknown 
0x109c: s_and_saveexec_b64 vcc, vcc
0x10a0: s_cbranch_execz 0x4
0x10a4: v_mov_b32 v14, 0
0x10a8: v_mov_b32 v16, s6
0x10ac: unknown 
0x10b4: s_waitcnt 0x7f
0x10b8: v_readlane_b32 v6, v14, v128
0x10bc: s_waitcnt 0xf0f
0x10c0: s_mov_b64 exec, vcc
0x10c4: v_cmp_lt_u32 0, v1
0x10c8: s_and_saveexec_b64 s[2:3], vcc
0x10cc: s_cbranch_execz 0x7a
0x10d0: v_sad_u32 v1, v15, 0, v2
0x10d8: s_mov_b32 vcc_lo, 0xaaaaaaaa
0x10e0: v_lshlrev_b32 v14, 8, v3
0x10e4: s_mov_b32 vcc_hi, vcc_lo
0x10e8: v_cndmask_b32 v1, v2, v1
0x10ec: s_mov_b32 vcc_lo, 0x55555555
0x10f4: v_cmp_le_i32 v4, 0, v14, s0
0x10fc: v_lshlrev_b32 v2, 24, v7
0x1100: v_or_b32 v2, v17, v2
0x1104: s_mov_b32 vcc_hi, vcc_lo
0x1108: v_cndmask_b32 v1, v1, v4
0x110c: v_sad_u32 v7, s6, 0, v1
0x1114: v_and_b32 v1, 0xffffff, v3
0x111c: s_and_saveexec_b64 s[8:9], s[4:5]
0x1120: s_cbranch_execz 0x5
0x1124: s_load_dwordx4 s[4:7], s[0:1], 0x8
0x1128: s_waitcnt 0x7f
0x112c: buffer_store_dwordx2 v[1:2], v7, s[4:7], idxen, offset=0x0, soffset=0x80
0x1134: v_add_co_u32 v7, 1, v7
0x1138: s_mov_b64 exec, s[8:9]
0x113c: v_lshlrev_b32 v1, 8, v11
0x1140: v_and_b32 v1, 0xffff00, v1
0x1148: v_lshlrev_b32 v4, 8, v1
0x114c: v_cmpx_le_i32 0, v4
0x1150: s_cbranch_execz 0x8
0x1154: v_lshrrev_b32 v3, 24, v3
0x1158: s_load_dwordx4 s[4:7], s[0:1], 0x8
0x115c: v_or_b32 v3, v3, v1
0x1160: v_mov_b32 v4, v2
0x1164: s_waitcnt 0x7f
0x1168: buffer_store_dwordx2 v[3:4], v7, s[4:7], idxen, offset=0x0, soffset=0x80
0x1170: v_add_co_u32 v7, 1, v7
0x1174: s_mov_b64 exec, s[8:9]
0x1178: v_lshlrev_b32 v1, 16, v9
0x117c: v_and_b32 v1, 0xff0000, v1
0x1184: v_lshlrev_b32 v3, 8, v1
0x1188: v_cmpx_le_i32 0, v3
0x118c: s_cbranch_execz 0x8
0x1190: v_lshrrev_b32 v3, 16, v11
0x1194: s_load_dwordx4 s[4:7], s[0:1], 0x8
0x1198: v_or_b32 v3, v3, v1
0x119c: v_mov_b32 v4, v2
0x11a0: s_waitcnt 0x7f
0x11a4: buffer_store_dwordx2 v[3:4], v7, s[4:7], idxen, offset=0x0, soffset=0x80
0x11ac: v_add_co_u32 v7, 1, v7
0x11b0: s_mov_b64 exec, s[8:9]
0x11b4: v_and_b32 v1, 0xffffff00, v9
0x11bc: v_cmp_le_i32 0, v1
0x11c0: v_lshrrev_b32 v3, 8, v9
0x11c4: s_and_saveexec_b64 s[8:9], vcc
0x11c8: s_cbranch_execz 0x6
0x11cc: v_mov_b32 v4, v2
0x11d0: s_load_dwordx4 s[4:7], s[0:1], 0x8
0x11d4: s_waitcnt 0x7f
0x11d8: buffer_store_dwordx2 v[3:4], v7, s[4:7], idxen, offset=0x0, soffset=0x80
0x11e0: v_add_co_u32 v7, 1, v7
0x11e4: s_mov_b64 exec, s[8:9]
0x11e8: v_lshlrev_b32 v1, 8, v12
0x11ec: v_cmp_le_i32 0, v1
0x11f0: v_and_b32 v3, 0xffffff, v12
0x11f8: s_and_saveexec_b64 s[8:9], vcc
0x11fc: s_cbranch_execz 0x6
0x1200: v_mov_b32 v4, v2
0x1204: s_load_dwordx4 s[4:7], s[0:1], 0x8
0x1208: s_waitcnt 0x7f
0x120c: buffer_store_dwordx2 v[3:4], v7, s[4:7], idxen, offset=0x0, soffset=0x80
0x1214: v_add_co_u32 v7, 1, v7
0x1218: s_mov_b64 exec, s[8:9]
0x121c: v_lshlrev_b32 v1, 8, v10
0x1220: v_and_b32 v1, 0xffff00, v1
0x1228: v_lshlrev_b32 v3, 8, v1
0x122c: v_cmpx_le_i32 0, v3
0x1230: s_cbranch_execz 0x8
0x1234: v_lshrrev_b32 v3, 24, v12
0x1238: s_load_dwordx4 s[4:7], s[0:1], 0x8
0x123c: v_or_b32 v3, v3, v1
0x1240: v_mov_b32 v4, v2
0x1244: s_waitcnt 0x7f
0x1248: buffer_store_dwordx2 v[3:4], v7, s[4:7], idxen, offset=0x0, soffset=0x80
0x1250: v_add_co_u32 v7, 1, v7
0x1254: s_mov_b64 exec, s[8:9]
0x1258: v_lshlrev_b32 v1, 16, v8
0x125c: v_and_b32 v1, 0xff0000, v1
0x1264: v_lshlrev_b32 v3, 8, v1
0x1268: v_cmpx_le_i32 0, v3
0x126c: s_cbranch_execz 0x8
0x1270: v_lshrrev_b32 v3, 16, v10
0x1274: s_load_dwordx4 s[4:7], s[0:1], 0x8
0x1278: v_or_b32 v3, v3, v1
0x127c: v_mov_b32 v4, v2
0x1280: s_waitcnt 0x7f
0x1284: buffer_store_dwordx2 v[3:4], v7, s[4:7], idxen, offset=0x0, soffset=0x80
0x128c: v_add_co_u32 v7, 1, v7
0x1290: s_mov_b64 exec, s[8:9]
0x1294: v_and_b32 v3, 0xffffff00, v8
0x129c: v_lshrrev_b32 v1, 8, v8
0x12a0: v_cmpx_le_i32 0, v3
0x12a4: s_cbranch_execz 0x4
0x12a8: s_load_dwordx4 s[4:7], s[0:1], 0x8
0x12ac: s_waitcnt 0x7f
0x12b0: buffer_store_dwordx2 v[1:2], v7, s[4:7], idxen, offset=0x0, soffset=0x80
0x12b8: s_mov_b64 exec, s[2:3]
0x12bc: v_cmp_lg_u32 v8, 0, v28, s0
0x12c4: v_cmp_eq_u32 v4, 0, v0, s0
0x12cc: v_mov_b32 v1, 0
0x12d0: s_bcnt1_i32_b64 s6, s[8:9]
0x12d4: unknown_1 s8, 0x8006
0x12d8: s_cselect_b64 vcc, s[2:3], 0
0x12dc: s_and_b64 vcc, s[4:5], vcc
0x12e0: s_and_saveexec_b64 vcc, vcc
0x12e4: s_cbranch_execz 0x4
0x12e8: v_mov_b32 v1, 0
0x12ec: v_mov_b32 v2, s6
0x12f0: unknown 
0x12f8: s_waitcnt 0x7f
0x12fc: v_readlane_b32 v2, v1, v128
0x1300: s_waitcnt 0xf0f
0x1304: s_mov_b64 exec, vcc
0x1308: v_cmp_lg_u32 0, v28
0x130c: s_and_saveexec_b64 vcc, vcc
0x1310: s_cbranch_execz 0x9
0x1314: v_mov_b32 v1, s2
0x1318: v_mbcnt_lo_u32_b32 v1, s8, v1
0x131c: v_lshlrev_b32 v2, 24, v28
0x1320: s_load_dwordx4 s[4:7], s[0:1], 0x8
0x1324: v_mbcnt_hi_u32_b32 v1, s9, v1
0x1328: v_or_b32 v14, v17, v2
0x132c: s_waitcnt 0x7f
0x1330: buffer_store_dwordx2 v[13:14], v1, s[4:7], idxen, offset=0x0, soffset=0x80
0x1338: s_mov_b64 exec, vcc
0x133c: v_cmp_lg_u32 v2, 0, v5, s0
0x1344: v_cmp_eq_u32 v4, 0, v0, s0
0x134c: v_mov_b32 v1, 0
0x1350: s_bcnt1_i32_b64 s6, s[2:3]
0x1354: unknown_1 s8, 0x8006
0x1358: s_cselect_b64 vcc, vcc, 0
0x135c: s_and_b64 vcc, s[4:5], vcc
0x1360: s_and_saveexec_b64 vcc, vcc
0x1364: s_cbranch_execz 0x4
0x1368: v_mov_b32 v1, 0
0x136c: v_mov_b32 v2, s6
0x1370: unknown 
0x1378: s_waitcnt 0xf0f
0x137c: s_mov_b64 exec, vcc
0x1380: s_waitcnt 0x7f
0x1384: v_readlane_b32 v106, v1, v128
0x1388: v_mov_b32 v1, vcc_lo
0x138c: v_mbcnt_lo_u32_b32 v1, s2, v1
0x1390: v_mbcnt_hi_u32_b32 v1, s3, v1
0x1394: s_bfm_b32 vcc_lo, 1, 20
0x1398: v_cmp_gt_u32 v2, vcc_lo, v1, s0
0x13a0: v_cmp_lg_u32 0, v5
0x13a4: s_and_b64 vcc, vcc, s[2:3]
0x13a8: s_and_saveexec_b64 s[8:9], vcc
0x13ac: s_cbranch_execz 0xc
0x13b0: v_lshlrev_b32 v2, 24, v5
0x13b4: s_load_dwordx8 s[0:7], s[0:1], 0xc
0x13b8: v_or_b32 v14, v17, v2
0x13bc: s_waitcnt 0x7f
0x13c0: buffer_store_dwordx2 v[13:14], v1, s[0:3], idxen, offset=0x0, soffset=0x80
0x13c8: v_lshlrev_b32 v2, 10, v1
0x13cc: v_or_b32 v2, v6, v2
0x13d0: v_cmpx_gt_u32 exec, s6, v1, s0
0x13d8: buffer_store_dword v2, v1, s[4:7], idxen, offset=0x0, soffset=0x80
0x13e0: s_mov_b64 exec, s[8:9]
0x13e4: s_bfm_b32 vcc_lo, 1, 20
0x13e8: v_cmp_lg_u32 v2, 0, v5, s0
0x13f0: v_cmp_gt_u32 v4, vcc_lo, v1, s0
0x13f8: v_and_b32 v1, 1, v5
0x13fc: v_cmp_lg_u32 0, v1
0x1400: v_cmp_eq_u32 v0, 0, v0, s0
0x1408: s_and_b64 s[2:3], s[2:3], s[4:5]
0x140c: s_and_b64 vcc, s[2:3], vcc
0x1410: s_bcnt1_i32_b64 s4, vcc
0x1414: s_cselect_b64 vcc, s[8:9], 0
0x1418: s_and_b64 vcc, vcc, s[0:1]
0x141c: v_cndmask_b32 v0, 0, 1, vcc
0x1424: s_and_saveexec_b64 s[2:3], vcc
0x1428: s_cbranch_execz 0x4
0x142c: v_mov_b32 v1, 0
0x1430: v_mov_b32 v2, s4
0x1434: unknown 
0x143c: s_waitcnt 0xf0f
0x1440: s_mov_b64 exec, s[2:3]
0x1444: v_bfe_u32 v1, v5, 1, 1
0x144c: v_cmp_lg_u32 0, v1
0x1450: v_cndmask_b32 v1, 0, 1, vcc
0x1458: v_and_b32 v1, v1, v0
0x145c: v_cmp_lg_u32 0, v1
0x1460: s_bcnt1_i32_b64 s4, vcc
0x1464: s_cselect_b64 vcc, s[2:3], 0
0x1468: s_and_b64 vcc, vcc, s[0:1]
0x146c: s_and_saveexec_b64 s[2:3], vcc
0x1470: s_cbranch_execz 0x4
0x1474: v_mov_b32 v1, 0
0x1478: v_mov_b32 v2, s4
0x147c: unknown 
0x1484: s_waitcnt 0xf0f
0x1488: s_mov_b64 exec, s[2:3]
0x148c: v_bfe_u32 v1, v5, 2, 1
0x1494: v_cmp_lg_u32 0, v1
0x1498: v_cndmask_b32 v1, 0, 1, vcc
0x14a0: v_and_b32 v1, v1, v0
0x14a4: v_cmp_lg_u32 0, v1
0x14a8: s_bcnt1_i32_b64 s4, vcc
0x14ac: s_cselect_b64 vcc, s[2:3], 0
0x14b0: s_and_b64 vcc, vcc, s[0:1]
0x14b4: s_and_saveexec_b64 s[2:3], vcc
0x14b8: s_cbranch_execz 0x4
0x14bc: v_mov_b32 v1, 0
0x14c0: v_mov_b32 v2, s4
0x14c4: unknown 
0x14cc: s_waitcnt 0xf0f
0x14d0: s_mov_b64 exec, s[2:3]
0x14d4: v_cmp_lt_u32 7, v5
0x14d8: v_cndmask_b32 v1, 0, 1, vcc
0x14e0: v_and_b32 v1, v1, v0
0x14e4: v_cmp_lg_u32 0, v1
0x14e8: s_bcnt1_i32_b64 s4, vcc
0x14ec: s_cselect_b64 vcc, s[2:3], 0
0x14f0: s_and_b64 vcc, vcc, s[0:1]
0x14f4: s_and_saveexec_b64 s[2:3], vcc
0x14f8: s_cbranch_execz 0x4
0x14fc: v_mov_b32 v1, 0
0x1500: v_mov_b32 v2, s4
0x1504: unknown 
0x150c: s_waitcnt 0xf0f
0x1510: s_mov_b64 exec, s[2:3]
0x1514: v_and_b32 v1, 1, v6
0x1518: v_cmp_lg_u32 0, v1
0x151c: v_cndmask_b32 v1, 0, 1, vcc
0x1524: v_and_b32 v1, v1, v0
0x1528: v_cmp_lg_u32 0, v1
0x152c: s_bcnt1_i32_b64 s4, vcc
0x1530: s_cselect_b64 vcc, s[2:3], 0
0x1534: s_and_b64 vcc, vcc, s[0:1]
0x1538: s_and_saveexec_b64 s[2:3], vcc
0x153c: s_cbranch_execz 0x4
0x1540: v_mov_b32 v1, 0
0x1544: v_mov_b32 v2, s4
0x1548: unknown 
0x1550: s_waitcnt 0xf0f
0x1554: s_mov_b64 exec, s[2:3]
0x1558: v_bfe_u32 v1, v6, 1, 1
0x1560: v_cmp_lg_u32 0, v1
0x1564: v_cndmask_b32 v1, 0, 1, vcc
0x156c: v_and_b32 v1, v1, v0
0x1570: v_cmp_lg_u32 0, v1
0x1574: s_bcnt1_i32_b64 s4, vcc
0x1578: s_cselect_b64 vcc, s[2:3], 0
0x157c: s_and_b64 vcc, vcc, s[0:1]
0x1580: s_and_saveexec_b64 s[2:3], vcc
0x1584: s_cbranch_execz 0x4
0x1588: v_mov_b32 v1, 0
0x158c: v_mov_b32 v2, s4
0x1590: unknown 
0x1598: s_waitcnt 0xf0f
0x159c: s_mov_b64 exec, s[2:3]
0x15a0: v_bfe_u32 v1, v6, 2, 1
0x15a8: v_cmp_lg_u32 0, v1
0x15ac: v_cndmask_b32 v1, 0, 1, vcc
0x15b4: v_and_b32 v1, v1, v0
0x15b8: v_cmp_lg_u32 0, v1
0x15bc: s_bcnt1_i32_b64 s4, vcc
0x15c0: s_cselect_b64 vcc, s[2:3], 0
0x15c4: s_and_b64 vcc, vcc, s[0:1]
0x15c8: s_and_saveexec_b64 s[2:3], vcc
0x15cc: s_cbranch_execz 0x4
0x15d0: v_mov_b32 v1, 0
0x15d4: v_mov_b32 v2, s4
0x15d8: unknown 
0x15e0: s_waitcnt 0xf0f
0x15e4: s_mov_b64 exec, s[2:3]
0x15e8: v_bfe_u32 v1, v6, 3, 1
0x15f0: v_cmp_lg_u32 0, v1
0x15f4: v_cndmask_b32 v1, 0, 1, vcc
0x15fc: v_and_b32 v1, v1, v0
0x1600: v_cmp_lg_u32 0, v1
0x1604: s_bcnt1_i32_b64 s4, vcc
0x1608: s_cselect_b64 vcc, s[2:3], 0
0x160c: s_and_b64 vcc, vcc, s[0:1]
0x1610: s_and_saveexec_b64 s[2:3], vcc
0x1614: s_cbranch_execz 0x4
0x1618: v_mov_b32 v1, 0
0x161c: v_mov_b32 v2, s4
0x1620: unknown 
0x1628: s_waitcnt 0xf0f
0x162c: s_mov_b64 exec, s[2:3]
0x1630: v_bfe_u32 v1, v6, 4, 1
0x1638: v_cmp_lg_u32 0, v1
0x163c: v_cndmask_b32 v1, 0, 1, vcc
0x1644: v_and_b32 v1, v1, v0
0x1648: v_cmp_lg_u32 0, v1
0x164c: s_bcnt1_i32_b64 s4, vcc
0x1650: s_cselect_b64 vcc, s[2:3], 0
0x1654: s_and_b64 vcc, vcc, s[0:1]
0x1658: s_and_saveexec_b64 s[2:3], vcc
0x165c: s_cbranch_execz 0x4
0x1660: v_mov_b32 v1, 0
0x1664: v_mov_b32 v2, s4
0x1668: unknown 
0x1670: s_waitcnt 0xf0f
0x1674: s_mov_b64 exec, s[2:3]
0x1678: v_bfe_u32 v1, v6, 5, 1
0x1680: v_cmp_lg_u32 0, v1
0x1684: v_cndmask_b32 v1, 0, 1, vcc
0x168c: v_and_b32 v1, v1, v0
0x1690: v_cmp_lg_u32 0, v1
0x1694: s_bcnt1_i32_b64 s4, vcc
0x1698: s_cselect_b64 vcc, s[2:3], 0
0x169c: s_and_b64 vcc, vcc, s[0:1]
0x16a0: s_and_saveexec_b64 s[2:3], vcc
0x16a4: s_cbranch_execz 0x4
0x16a8: v_mov_b32 v1, 0
0x16ac: v_mov_b32 v2, s4
0x16b0: unknown 
0x16b8: s_waitcnt 0xf0f
0x16bc: s_mov_b64 exec, s[2:3]
0x16c0: v_bfe_u32 v1, v6, 6, 1
0x16c8: v_cmp_lg_u32 0, v1
0x16cc: v_cndmask_b32 v1, 0, 1, vcc
0x16d4: v_and_b32 v1, v1, v0
0x16d8: v_cmp_lg_u32 0, v1
0x16dc: s_bcnt1_i32_b64 s4, vcc
0x16e0: s_cselect_b64 vcc, s[2:3], 0
0x16e4: s_and_b64 vcc, vcc, s[0:1]
0x16e8: s_and_saveexec_b64 s[2:3], vcc
0x16ec: s_cbranch_execz 0x4
0x16f0: v_mov_b32 v1, 0
0x16f4: v_mov_b32 v2, s4
0x16f8: unknown 
0x1700: s_waitcnt 0xf0f
0x1704: s_mov_b64 exec, s[2:3]
0x1708: v_bfe_u32 v1, v6, 7, 1
0x1710: v_cmp_lg_u32 0, v1
0x1714: v_cndmask_b32 v1, 0, 1, vcc
0x171c: v_and_b32 v1, v1, v0
0x1720: v_cmp_lg_u32 0, v1
0x1724: s_bcnt1_i32_b64 s4, vcc
0x1728: s_cselect_b64 vcc, s[2:3], 0
0x172c: s_and_b64 vcc, vcc, s[0:1]
0x1730: s_and_saveexec_b64 s[2:3], vcc
0x1734: s_cbranch_execz 0x4
0x1738: v_mov_b32 v1, 0
0x173c: v_mov_b32 v2, s4
0x1740: unknown 
0x1748: s_waitcnt 0xf0f
0x174c: s_mov_b64 exec, s[2:3]
0x1750: v_bfe_u32 v1, v6, 8, 1
0x1758: v_cmp_lg_u32 0, v1
0x175c: v_cndmask_b32 v1, 0, 1, vcc
0x1764: v_and_b32 v1, v1, v0
0x1768: v_cmp_lg_u32 0, v1
0x176c: s_bcnt1_i32_b64 s4, vcc
0x1770: s_cselect_b64 vcc, s[2:3], 0
0x1774: s_and_b64 vcc, vcc, s[0:1]
0x1778: s_and_saveexec_b64 s[2:3], vcc
0x177c: s_cbranch_execz 0x4
0x1780: v_mov_b32 v1, 0
0x1784: v_mov_b32 v2, s4
0x1788: unknown 
0x1790: s_waitcnt 0xf0f
0x1794: s_mov_b64 exec, s[2:3]
0x1798: v_bfe_u32 v1, v6, 9, 1
0x17a0: v_cmp_lg_u32 0, v1
0x17a4: v_cndmask_b32 v1, 0, 1, vcc
0x17ac: v_and_b32 v0, v1, v0
0x17b0: v_cmp_lg_u32 0, v0
0x17b4: s_bcnt1_i32_b64 s4, vcc
0x17b8: s_cselect_b64 vcc, s[2:3], 0
0x17bc: s_and_b64 vcc, vcc, s[0:1]
0x17c0: s_and_saveexec_b64 vcc, vcc
0x17c4: s_cbranch_execz 0x4
0x17c8: v_mov_b32 v0, 0
0x17cc: v_mov_b32 v1, s4
0x17d0: unknown 
0x17d8: s_endpgm 0x0