0x0000: s_mov_b32 vcc_hi, 0x46
0x0008: v_mov_b32 v10, 0
0x000c: s_lshl_b32 vcc_lo, s2, 3
0x0010: s_load_dwordx2 s[4:5], s[0:1], 0x8
0x0014: v_sad_u32 v0, vcc_lo, 0, v0
0x001c: v_cvt_f32_u32 v2, v0
0x0020: s_waitcnt 0x7f
0x0024: v_cvt_f32_u32 v3, s4
0x0028: s_lshl_b32 vcc_lo, s3, 3
0x002c: v_add_f32 v2, 0.5.f, v2
0x0030: v_rcp_f32 v3, v3
0x0034: v_add_co_u32 v1, vcc_lo, v1
0x0038: v_mul_f32 v4, v3, v2
0x003c: v_cvt_f32_u32 v3, v1
0x0040: v_cvt_f32_u32 v2, s5
0x0044: v_mul_f32 v4, v4, v4
0x0048: v_add_f32 v3, 0.5.f, v3
0x004c: v_rcp_f32 v7, v2
0x0050: s_mov_b32 vcc_lo, 0x3a83126f
0x0058: v_med3_f32 v6, vcc_lo, v4, 1.f
0x0060: v_mul_f32 v4, v7, v3
0x0064: v_mad_f32 v5, v6, v6, -1.f
0x006c: v_mul_f32 v6, v6, v6
0x0070: v_mul_f32 v8, v4, v4
0x0074: v_mad_f32 v8, v8, v5, v6
0x007c: v_sqrt_f32 v8, v8
0x0080: v_mac_f32 v8, v3, v7
0x0084: v_rcp_f32 v7, v8
0x0088: v_mul_f32 v8, v7, v4, s0, mul:2
0x0090: v_mad_f32 v9, v4, v4, -1.f
0x0098: s_mov_b32 s6, 0
0x009c: v_mov_b32 v7, 0
0x00a0: s_cmpk_lt_u32 scc, 0x400
0x00a4: s_cbranch_scc0 0x4f
0x00a8: v_mov_b32 v11, 0xabcd0123
0x00b0: s_mov_b32 s5, s6
0x00b4: s_brev_b32 vcc_hi, 1
0x00b8: unknown_1 s7, 0x580
0x00bc: s_cbranch_scc0 0x9
0x00c0: v_xor_b32 v12, vcc_hi, v11
0x00c4: s_and_b32 vcc_lo, s5, 1
0x00c8: s_cselect_b64 s[2:3], exec, 0
0x00cc: s_lshr_b32 vcc_lo, vcc_hi, 1
0x00d0: v_cndmask_b32 v11, v11, v12, vcc
0x00d8: s_xor_b32 vcc_hi, vcc_hi, vcc_lo
0x00dc: s_lshr_b32 s5, s5, 1
0x00e0: s_branch 0xfff5
0x00e4: v_lshrrev_b32 v11, 9, v11
0x00e8: v_or_b32 v11, 1.f, v11
0x00ec: v_add_f32 v11, -1.f, v11
0x00f0: v_add_f32 v12, -1.f, v6
0x00f4: v_mad_f32 v12, v11, v12, 1.f
0x00fc: v_rcp_f32 v12, v12
0x0100: v_sub_f32 v13, 1.f, v11
0x0104: v_bfrev_b32 v11, s6
0x0108: v_mul_f32 v12, v12, v13
0x010c: v_xor_b32 v13, 0xef543210, v11
0x0114: v_max_f32 v11, 0, v12
0x0118: v_lshrrev_b32 v13, 9, v13
0x011c: v_sqrt_f32 v12, v11
0x0120: v_or_b32 v14, 1.f, v13
0x0124: v_mov_b32 v15, 0x40c90fdb
0x012c: v_mad_f32 v13, v12, -v12, 1.f
0x0134: v_madak_f32 v14, v15, v14
0x013c: v_max_f32 v13, 0, v13
0x0140: v_mul_f32 v14, 0x3e22f983, v14
0x0148: v_mul_f32 v13, v9, v13
0x014c: v_fract_f32 v14, v14
0x0150: v_sqrt_f32 v13, v13
0x0154: v_sin_f32 v14, v14
0x0158: v_mul_f32 v13, v14, v13
0x015c: v_mac_f32 v13, v4, v12
0x0160: v_mul_f32 v12, v13, v12
0x0164: v_mad_f32 v12, -2.f, v12, v4
0x016c: v_cmp_lt_f32 0, v12
0x0170: s_and_saveexec_b64 vcc, vcc
0x0174: s_cbranch_execz 0x18
0x0178: v_mul_f32 v14, v12, v12
0x017c: v_mad_f32 v14, v14, v5, v6
0x0184: v_rsq_f32 v11, v11
0x0188: v_sqrt_f32 v14, v14
0x018c: v_mul_f32 v11, v13, v11, abs(s0)
0x0194: v_add_f32 v14, v12, v14
0x0198: v_mul_f32 v15, v11, v2
0x019c: v_add_f32 v11, 1.f, -abs(v13), s0
0x01a4: v_mul_f32 v13, v14, v3
0x01a8: v_mul_f32 v15, v15, v12
0x01ac: v_mul_f32 v14, v11, v11
0x01b0: v_rcp_f32 v12, v13
0x01b4: v_mul_f32 v13, v15, v8, s0, mul:2
0x01bc: v_mul_f32 v14, v14, v14
0x01c0: v_mul_f32 v11, v14, v11
0x01c4: v_mac_f32 v10, v12, v13
0x01c8: v_mul_f32 v12, v13, v12
0x01cc: v_mac_f32 v7, v11, v12
0x01d0: v_mac_f32 v10, v12, -v11, s0
0x01d8: s_mov_b64 exec, vcc
0x01dc: s_add_i32 s6, s6, 1
0x01e0: s_branch 0xffaf
0x01e4: v_mul_f32 v2, 0x3a800000, v10
0x01ec: v_mul_f32 v3, 0x3a800000, v7
0x01f4: s_load_dwordx8 s[0:7], s[0:1], 0x0
0x01f8: v_cvt_pknorm_u16_f32 v2, v2, v3
0x01fc: s_waitcnt 0x7f
0x0200: image_store v2, v[0:1], s[0:7], s[0:3], dmask(r)
0x0208: s_endpgm 0x0