0x0000: s_mov_b32 vcc_hi, 0x78
0x0008: v_lshrrev_b32 v1, 1, v0
0x000c: v_and_b32 v3, 21, v1
0x0010: v_and_b32 v1, 21, v0
0x0014: v_lshrrev_b32 v4, 1, v3
0x0018: v_lshrrev_b32 v2, 1, v1
0x001c: v_or_b32 v3, v4, v3
0x0020: v_or_b32 v2, v2, v1
0x0024: v_and_b32 v1, 19, v3
0x0028: v_and_b32 v2, 19, v2
0x002c: v_lshrrev_b32 v4, 2, v1
0x0030: v_lshrrev_b32 v3, 2, v2
0x0034: v_or_b32 v1, v4, v1
0x0038: v_or_b32 v2, v3, v2
0x003c: v_and_b32 v1, 7, v1
0x0040: s_lshl_b32 vcc_hi, s3, 3
0x0044: v_and_b32 v2, 7, v2
0x0048: s_lshl_b32 vcc_lo, s2, 3
0x004c: s_load_dwordx8 s[8:15], s[0:1], 0x2
0x0050: v_or_b32 v6, vcc_hi, v1
0x0054: v_or_b32 v5, vcc_lo, v2
0x0058: v_mov_b32 v7, s4
0x005c: s_waitcnt 0x7f
0x0060: image_load v10, v[5:6], s[8:15], s[0:3], dmask(r), da
0x0068: v_mov_b32 v1, 0x7f800000
0x0070: v_cmp_lg_u32 v6, 0, v0, s0
0x0078: s_not_b64 s[16:17], s[6:7]
0x007c: s_waitcnt 0xf70
0x0080: v_rcp_f32 v2, v10
0x0084: v_mul_f32 v2, 0x3a83126f, v2
0x008c: v_cmp_neq_f32 0, v10
0x0090: v_cndmask_b32 v1, v1, v2
0x0094: v_cndmask_b32 v8, 0, v2
0x0098: unknown 
0x00a0: unknown 
0x00a8: s_waitcnt 0x17f
0x00ac: v_min_f32 v3, v12, v1
0x00b0: s_waitcnt 0x7f
0x00b4: v_max_f32 v4, v9, v8
0x00b8: unknown 
0x00c0: unknown 
0x00c8: s_waitcnt 0x17f
0x00cc: v_min3_f32 v1, v11, v12, v1
0x00d4: s_waitcnt 0x7f
0x00d8: v_max3_f32 v8, v7, v9, v8
0x00e0: unknown 
0x00e8: unknown 
0x00f0: s_waitcnt 0x17f
0x00f4: v_min3_f32 v3, v12, v11, v3
0x00fc: s_waitcnt 0x7f
0x0100: v_max3_f32 v4, v9, v7, v4
0x0108: unknown 
0x0110: unknown 
0x0118: s_waitcnt 0x17f
0x011c: v_min3_f32 v1, v11, v12, v1
0x0124: s_waitcnt 0x7f
0x0128: v_max3_f32 v8, v7, v9, v8
0x0130: unknown 
0x0138: unknown 
0x0140: s_waitcnt 0x17f
0x0144: v_min3_f32 v1, v1, v11, v3
0x014c: s_waitcnt 0x7f
0x0150: v_max3_f32 v3, v8, v7, v4
0x0158: v_readlane_b32 v107, v1, v160
0x015c: v_readlane_b32 v106, v3, v160
0x0160: v_readlane_b32 v5, v1, v128
0x0164: v_readlane_b32 v10, v3, v128
0x0168: v_mov_b32 v1, vcc_hi
0x016c: v_mov_b32 v3, vcc_lo
0x0170: v_min_f32 v1, s5, v1
0x0174: v_max_f32 v4, s10, v3
0x0178: s_and_saveexec_b64 s[16:17], s[16:17]
0x017c: s_cbranch_execz 0x6
0x0180: v_mov_b32 v3, 0
0x0184: s_bfm_b32 m0, 2, 14
0x0188: unknown 
0x0190: unknown 
0x0198: s_waitcnt 0xf0f
0x019c: s_mov_b64 exec, s[16:17]
0x01a0: v_add_f32 v3, v1, v4, s0, div:2
0x01a8: v_cmp_le_f32 v12, v2, v3, s0
0x01b0: v_cmp_neq_f32 v8, 0, v10, s0
0x01b8: v_mov_b32 v3, 0x7f800000
0x01c0: s_andn2_b64 vcc, s[16:17], s[12:13]
0x01c4: s_and_b64 vcc, s[8:9], vcc
0x01c8: s_and_b64 s[12:13], s[8:9], s[12:13]
0x01cc: v_cndmask_b32 v9, v3, v2
0x01d0: v_cndmask_b32 v11, 0, v2, vcc
0x01d8: unknown 
0x01e0: unknown 
0x01e8: s_waitcnt 0x17f
0x01ec: v_min_f32 v3, v2, v9
0x01f0: s_waitcnt 0x7f
0x01f4: v_max_f32 v7, v13, v11
0x01f8: unknown 
0x0200: unknown 
0x0208: s_waitcnt 0x17f
0x020c: v_min3_f32 v2, v12, v2, v9
0x0214: s_waitcnt 0x7f
0x0218: v_max3_f32 v9, v8, v13, v11
0x0220: unknown 
0x0228: unknown 
0x0230: s_waitcnt 0x17f
0x0234: v_min3_f32 v3, v13, v12, v3
0x023c: s_waitcnt 0x7f
0x0240: v_max3_f32 v7, v11, v8, v7
0x0248: unknown 
0x0250: unknown 
0x0258: s_waitcnt 0x17f
0x025c: v_min3_f32 v2, v12, v13, v2
0x0264: s_waitcnt 0x7f
0x0268: v_max3_f32 v9, v8, v11, v9
0x0270: unknown 
0x0278: unknown 
0x0280: s_waitcnt 0x17f
0x0284: v_min3_f32 v2, v2, v12, v3
0x028c: s_waitcnt 0x7f
0x0290: v_max3_f32 v3, v9, v8, v7
0x0298: v_readlane_b32 v5, v2, v128
0x029c: v_readlane_b32 v12, v3, v128
0x02a0: v_readlane_b32 v13, v3, v160
0x02a4: s_andn2_b64 s[10:11], s[16:17], s[8:9]
0x02a8: s_not_b64 vcc, s[6:7]
0x02ac: s_and_saveexec_b64 s[6:7], vcc
0x02b0: v_readlane_b32 v16, v2, v160
0x02b4: s_cbranch_execz 0x17
0x02b8: v_cmp_lg_u64 v106, s[8:9], 0, s0
0x02c0: v_cmp_lg_u64 v8, s[10:11], 0, s0
0x02c8: v_bfrev_b32 v3, 1
0x02cc: v_mov_b32 v7, s13
0x02d0: v_cndmask_b32 v2, 0, v3
0x02d4: v_cndmask_b32 v3, 0, v3, vcc
0x02dc: v_max3_f32 v12, v1, s12, v7
0x02e4: s_load_dwordx8 s[8:15], s[0:1], 0xa
0x02e8: v_mov_b32 v11, s16
0x02ec: v_mov_b32 v7, s2
0x02f0: v_mov_b32 v8, s3
0x02f4: v_mov_b32 v9, s4
0x02f8: v_or_b32 v1, v1, v2
0x02fc: v_or_b32 v2, v12, v3
0x0300: v_min3_f32 v3, v4, s5, v11
0x0308: s_waitcnt 0x7f
0x030c: image_store v[1:4], v[7:8], s[8:15], s[0:3], dmask(rgba), da
0x0314: s_load_dwordx2 s[2:3], s[0:1], 0x0
0x0318: s_mov_b64 exec, s[6:7]
0x031c: v_and_b32 v0, 3, v0
0x0320: s_waitcnt 0x7f
0x0324: unknown_1 s8, 0x8002
0x0328: v_cmp_lg_u32 0, v0
0x032c: s_cbranch_scc0 0x19
0x0330: s_not_b64 vcc, vcc
0x0334: s_and_saveexec_b64 vcc, vcc
0x0338: s_cbranch_execz 0x6
0x033c: v_lshrrev_b32 v0, 1, v5
0x0340: s_load_dwordx8 s[4:11], s[0:1], 0x12
0x0344: v_lshrrev_b32 v1, 1, v6
0x0348: s_waitcnt 0x7f
0x034c: image_store v10, v[0:1], s[4:11], s[0:3], dmask(r)
0x0354: s_mov_b64 exec, vcc
0x0358: v_cmp_gt_u32 v4, s3, v6, s0
0x0360: v_cmp_gt_u32 s2, v5
0x0364: s_and_b64 vcc, vcc, s[4:5]
0x0368: s_and_saveexec_b64 vcc, vcc
0x036c: s_cbranch_execz 0x9
0x0370: v_lshlrev_b32 v0, 1, v5
0x0374: s_load_dwordx16 s[0:15], s[0:1], 0x1a
0x0378: v_lshlrev_b32 v1, 1, v6
0x037c: s_waitcnt 0x7f
0x0380: image_load v0, v[0:1], s[8:15], s[0:3], dmask(r)
0x0388: s_waitcnt 0xf70
0x038c: image_store v0, v[5:6], s[0:7], s[0:3], dmask(r)
0x0394: s_endpgm 0x0