0x0000: s_mov_b32 vcc_hi, 0x42
0x0008: v_mov_b32 v1, 0
0x000c: s_bfm_b32 m0, 2, 14
0x0010: unknown 
0x0018: s_lshl_b32 vcc_lo, s2, 6
0x001c: v_add_co_u32 v2, vcc_lo, v0
0x0020: s_waitcnt 0x7f
0x0024: v_min_u32 v0, 0x100000, v1
0x002c: v_cmp_lt_u32 v2, v0
0x0030: v_mov_b32 v0, 0
0x0034: s_waitcnt 0xf0f
0x0038: v_mov_b32 v1, 0
0x003c: s_and_saveexec_b64 vcc, vcc
0x0040: s_cbranch_execz 0x8
0x0044: s_load_dwordx8 s[4:11], s[0:1], 0x4
0x0048: s_waitcnt 0x7f
0x004c: buffer_load_dword v0, v2, s[8:11], idxen, offset=0x0, soffset=0x80
0x0054: s_waitcnt 0xf70
0x0058: v_lshrrev_b32 v0, 10, v0
0x005c: buffer_load_dwordx2 v[0:1], v0, s[4:7], idxen, offset=0x0, soffset=0x80
0x0064: s_mov_b64 exec, vcc
0x0068: s_waitcnt 0xf70
0x006c: v_bfe_u32 v2, v1, 24, 1
0x0074: v_cmp_lg_u32 v12, 0, v2, s0
0x007c: s_bcnt1_i32_b64 vcc_hi, s[12:13]
0x0080: s_bfe_u32 vcc_lo, s3, 0xb0006
0x0088: v_mov_b32 v2, vcc_hi
0x008c: s_or_b32 m0, vcc_lo, 0x3900000
0x0094: s_or_b32 vcc_lo, vcc_lo, 0x3900000
0x009c: unknown 
0x00a4: s_waitcnt 0x7f
0x00a8: v_bfe_u32 v6, v1, 25, 1
0x00b0: v_cmp_lg_u32 v10, 0, v6, s0
0x00b8: s_mov_b32 m0, vcc_lo
0x00bc: s_bcnt1_i32_b64 vcc_lo, s[10:11]
0x00c0: s_waitcnt 0xf0f
0x00c4: v_mov_b32 v2, vcc_lo
0x00c8: unknown 
0x00d0: s_waitcnt 0x7f
0x00d4: v_bfe_u32 v4, v1, 26, 1
0x00dc: v_cmp_lg_u32 v2, 0, v4, s0
0x00e4: s_bcnt1_i32_b64 vcc_lo, s[2:3]
0x00e8: s_waitcnt 0xf0f
0x00ec: v_mov_b32 v2, vcc_lo
0x00f0: unknown 
0x00f8: s_waitcnt 0x7f
0x00fc: v_bfe_u32 v3, v1, 27, 1
0x0104: v_cmp_lg_u32 v8, 0, v3, s0
0x010c: s_bcnt1_i32_b64 vcc_lo, s[8:9]
0x0110: s_waitcnt 0xf0f
0x0114: v_mov_b32 v2, vcc_lo
0x0118: unknown 
0x0120: s_waitcnt 0x7f
0x0124: s_waitcnt 0xf0f
0x0128: v_and_b32 v2, 0xffffff, v1
0x0130: s_and_saveexec_b64 vcc, s[12:13]
0x0134: s_cbranch_execz 0x8
0x0138: v_mbcnt_lo_u32_b32 v1, s12, v9
0x013c: s_load_dwordx4 s[4:7], s[0:1], 0x0
0x0140: v_mbcnt_hi_u32_b32 v9, s13, v1
0x0144: v_or_b32 v1, 0x1000000, v2
0x014c: s_waitcnt 0x7f
0x0150: buffer_store_dwordx2 v[0:1], v9, s[4:7], idxen, offset=0x0, soffset=0x80
0x0158: s_mov_b64 exec, vcc
0x015c: v_cmp_lg_u32 0, v6
0x0160: s_and_saveexec_b64 vcc, vcc
0x0164: s_cbranch_execz 0x8
0x0168: v_mbcnt_lo_u32_b32 v1, s10, v8
0x016c: s_load_dwordx4 s[4:7], s[0:1], 0x0
0x0170: v_mbcnt_hi_u32_b32 v6, s11, v1
0x0174: v_or_b32 v1, 0x2000000, v2
0x017c: s_waitcnt 0x7f
0x0180: buffer_store_dwordx2 v[0:1], v6, s[4:7], idxen, offset=0x0, soffset=0x80
0x0188: s_mov_b64 exec, vcc
0x018c: v_cmp_lg_u32 0, v4
0x0190: s_and_saveexec_b64 vcc, vcc
0x0194: s_cbranch_execz 0x8
0x0198: v_mbcnt_lo_u32_b32 v1, s2, v7
0x019c: s_load_dwordx4 s[4:7], s[0:1], 0x0
0x01a0: v_mbcnt_hi_u32_b32 v4, s3, v1
0x01a4: v_or_b32 v1, 0x4000000, v2
0x01ac: s_waitcnt 0x7f
0x01b0: buffer_store_dwordx2 v[0:1], v4, s[4:7], idxen, offset=0x0, soffset=0x80
0x01b8: s_mov_b64 exec, vcc
0x01bc: v_cmpx_lg_u32 0, v3
0x01c0: s_cbranch_execz 0x8
0x01c4: v_mbcnt_lo_u32_b32 v1, s8, v5
0x01c8: s_load_dwordx4 s[0:3], s[0:1], 0x0
0x01cc: v_mbcnt_hi_u32_b32 v3, s9, v1
0x01d0: v_or_b32 v1, 0x8000000, v2
0x01d8: s_waitcnt 0x7f
0x01dc: buffer_store_dwordx2 v[0:1], v3, s[0:3], idxen, offset=0x0, soffset=0x80
0x01e4: s_endpgm 0x0