0x0000: s_mov_b32 vcc_hi, 0x2c5
0x0008: v_mov_b32 v1, 0
0x000c: s_bfm_b32 m0, 2, 14
0x0010: unknown 
0x0018: s_lshl_b32 vcc_lo, s2, 6
0x001c: s_waitcnt 0xf0f
0x0020: v_add_co_u32 v1, vcc_lo, v0
0x0024: v_mov_b32 v18, 0
0x0028: s_waitcnt 0x7f
0x002c: v_cmp_lt_u32 v1, v2
0x0030: v_mov_b32 v17, 0
0x0034: v_mov_b32 v27, 0
0x0038: v_mov_b32 v26, 0
0x003c: v_mov_b32 v25, 0
0x0040: s_and_saveexec_b64 s[2:3], vcc
0x0044: s_cbranch_execz 0x2c2
0x0048: v_mov_b32 v2, 0
0x004c: unknown 
0x0054: s_load_dwordx4 s[12:15], s[0:1], 0x8
0x0058: s_load_dwordx4 s[16:19], s[0:1], 0x18
0x005c: s_load_dwordx8 s[4:11], s[0:1], 0x10
0x0060: s_waitcnt 0x7f
0x0064: v_sad_u32 v1, v2, 0, v1
0x006c: buffer_load_dwordx2 v[17:18], v1, s[12:15], idxen, offset=0x0, soffset=0x80
0x0074: s_waitcnt 0xf70
0x0078: buffer_load_dword v38, v17, s[16:19], idxen, offset=0x0, soffset=0x80
0x0080: v_and_b32 v30, 0xffffff, v18
0x0088: buffer_load_dwordx3 v[11:13], v30, s[4:7], idxen, offset=0x0, soffset=0x80
0x0090: buffer_load_dwordx3 v[14:16], v30, s[4:7], idxen, offset=0x24, soffset=0x80
0x0098: buffer_load_dwordx3 v[8:10], v30, s[4:7], idxen, offset=0xc, soffset=0x80
0x00a0: buffer_load_dwordx3 v[5:7], v30, s[4:7], idxen, offset=0x18, soffset=0x80
0x00a8: v_lshrrev_b32 v19, 24, v18
0x00ac: s_waitcnt 0xf74
0x00b0: v_bfe_u32 v20, v38, 18, 9
0x00b8: v_bfe_u32 v37, v38, 27, 4
0x00c0: v_cvt_f32_u32 v23, v20
0x00c4: v_ldexp_f32 v20, 0x40e00000, v37
0x00cc: v_mul_f32 v22, 0.5.f, v20
0x00d0: v_bfe_u32 v21, v38, 9, 9
0x00d8: v_cvt_f32_u32 v21, v21
0x00dc: v_mad_f32 v34, v20, v21, v22
0x00e4: v_mad_f32 v24, v20, v23, v22
0x00ec: v_and_b32 v23, 0x1ff, v38
0x00f4: v_cvt_f32_u32 v23, v23
0x00f8: v_mad_f32 v32, v20, v23, v22
0x0100: s_waitcnt 0xf72
0x0104: v_mad_f32 v35, v12, v32, v15
0x010c: s_waitcnt 0xf71
0x0110: v_mac_f32 v35, v34, v9
0x0114: v_mad_f32 v33, v11, v32, v14
0x011c: v_mac_f32 v33, v34, v8
0x0120: v_mul_f32 v20, v11, v22
0x0124: v_mad_f32 v11, v13, v32, v16
0x012c: v_mac_f32 v11, v34, v10
0x0130: v_mul_f32 v14, v8, v22
0x0134: v_mul_f32 v23, v12, v22
0x0138: s_waitcnt 0xf70
0x013c: v_mad_f32 v12, v5, v24, v33
0x0144: v_mul_f32 v40, v9, v22
0x0148: v_mul_f32 v15, v5, v22
0x014c: v_mad_f32 v16, v6, v24, v35
0x0154: v_mul_f32 v29, v10, v22
0x0158: v_mul_f32 v21, v13, v22
0x015c: v_mul_f32 v39, v6, v22
0x0160: v_mul_f32 v28, v7, v22
0x0164: v_mad_f32 v24, v7, v24, v11
0x016c: s_waitcnt 0xf0f
0x0170: buffer_load_dwordx4 v[1:4], v19, s[8:11], idxen, offset=0x20, soffset=0x80
0x0178: buffer_load_dwordx4 v[43:46], v19, s[8:11], idxen, offset=0x30, soffset=0x80
0x0180: buffer_load_dwordx2 v[10:11], v19, s[8:11], idxen, offset=0x4c, soffset=0x80
0x0188: s_waitcnt 0xf72
0x018c: v_mul_f32 v31, 2.f, v4
0x0190: s_waitcnt 0xf71
0x0194: v_mul_f32 v35, v45, v31
0x0198: v_mul_f32 v22, v44, v31
0x019c: v_mul_f32 v34, v46, v35
0x01a0: v_mul_f32 v36, v43, v31
0x01a4: v_mad_f32 v33, v44, -v22, v4
0x01ac: v_mad_f32 v42, v43, -v36, v4
0x01b4: v_mad_f32 v7, v45, -v35, v42
0x01bc: v_mac_f32 v33, v35, v45, -s0
0x01c4: v_mul_f32 v5, v14, v33
0x01c8: v_mul_f32 v41, v20, v33
0x01cc: v_mad_f32 v13, v12, v33, v1
0x01d4: v_mul_f32 v1, v43, v35
0x01d8: v_mad_f32 v35, -v44, v36, v34
0x01e0: v_mul_f32 v31, v46, v36
0x01e4: v_mad_f32 v36, v44, v36, v34
0x01ec: v_mul_f32 v6, v20, v36
0x01f0: v_mac_f32 v6, v7, v23
0x01f4: v_mac_f32 v2, v36, v12
0x01f8: v_mad_f32 v34, v46, v22, v1
0x0200: v_mad_f32 v8, v46, v22, -v1
0x0208: v_mac_f32 v5, v35, v40
0x020c: v_mac_f32 v41, v35, v23
0x0210: v_mac_f32 v13, v35, v16
0x0214: v_mad_f32 v32, -v45, v22, v31
0x021c: v_mac_f32 v31, v22, v45
0x0220: v_mad_f32 v9, v44, -v22, v42
0x0228: v_mad_f32 v22, v21, v34, v41
0x0230: v_mul_f32 v41, v14, v8
0x0234: v_mac_f32 v41, v31, v40
0x0238: v_mad_f32 v1, v12, v8, v3
0x0240: v_mad_f32 v3, v16, v7, v2
0x0248: v_mul_f32 v2, v15, v36
0x024c: v_mac_f32 v2, v7, v39
0x0250: v_mad_f32 v12, v24, v34, v13
0x0258: v_mul_f32 v13, v20, v8
0x025c: v_mad_f32 v20, v21, v32, v6
0x0264: v_mul_f32 v6, v14, v36
0x0268: v_mac_f32 v6, v7, v40
0x026c: v_mad_f32 v14, v29, v32, v6
0x0274: v_mac_f32 v13, v31, v23
0x0278: v_mad_f32 v23, v29, v34, v5
0x0280: v_mad_f32 v29, v29, v9, v41
0x0288: v_mad_f32 v21, v21, v9, v13
0x0290: v_mul_f32 v5, v15, v33
0x0294: v_mad_f32 v13, v24, v32, v3
0x029c: v_mul_f32 v3, v15, v8
0x02a0: v_mac_f32 v3, v31, v39
0x02a4: v_mad_f32 v15, v28, v32, v2
0x02ac: v_mul_f32 v2, v22, v23
0x02b0: v_mac_f32 v2, v14, v20
0x02b4: v_mac_f32 v2, v29, v21
0x02b8: v_mac_f32 v1, v31, v16
0x02bc: v_mad_f32 v16, v39, v35, v5
0x02c4: v_mac_f32 v16, v34, v28
0x02c8: v_mad_f32 v28, v28, v9, v3
0x02d0: v_and_b32 v3, 0x80000000, v2
0x02d8: v_xor_b32 v2, v23, v3
0x02dc: v_add_f32 v5, v2, v22
0x02e0: v_xor_b32 v2, v14, v3
0x02e4: v_mul_f32 v6, v16, v5
0x02e8: v_add_f32 v2, v2, v20
0x02ec: v_xor_b32 v3, v29, v3
0x02f0: v_add_f32 v3, v3, v21
0x02f4: v_mac_f32 v6, v2, v15
0x02f8: v_mac_f32 v6, v3, v28
0x02fc: v_and_b32 v6, 0x80000000, v6
0x0304: v_xor_b32 v39, v16, v6
0x0308: v_add_f32 v5, v39, v5
0x030c: v_xor_b32 v39, v15, v6
0x0310: v_xor_b32 v6, v28, v6
0x0314: v_add_f32 v3, v6, v3
0x0318: v_mul_f32 v5, v5, v5
0x031c: v_add_f32 v2, v39, v2
0x0320: v_mac_f32 v5, v2, v2
0x0324: v_mad_f32 v24, v24, v9, v1
0x032c: v_mac_f32 v5, v3, v3
0x0330: v_mul_f32 v3, v12, v12
0x0334: v_mac_f32 v3, v13, v13
0x0338: v_sqrt_f32 v3, v3
0x033c: v_sub_f32 v1, -1.f, v24
0x0340: s_waitcnt 0xf70
0x0344: v_mac_f32 v3, v24, v10
0x0348: v_mul_f32 v3, v11, v3
0x034c: v_sqrt_f32 v11, v5
0x0350: v_cmp_gt_f32 v12, v1, v11, s0
0x0358: v_cmp_lt_f32 v11, v24
0x035c: v_cmp_gt_f32 v14, v3, v11, s0
0x0364: s_or_b64 vcc, vcc, s[12:13]
0x0368: s_nor_b64 vcc, s[14:15], vcc
0x036c: s_and_saveexec_b64 vcc, vcc
0x0370: s_cbranch_execz 0x1f7
0x0374: buffer_load_dword v3, v30, s[4:7], idxen, offset=0x40, soffset=0x80
0x037c: buffer_load_dword v1, v30, s[4:7], idxen, offset=0xac, soffset=0x80
0x0384: buffer_load_dword v2, v30, s[4:7], idxen, offset=0x98, soffset=0x80
0x038c: s_load_dwordx4 s[12:15], s[0:1], 0x1c
0x0390: v_add_f32 v5, v21, abs(v29), abs(s0)
0x0398: v_add_f32 v6, v5, abs(v28), s0
0x03a0: v_mul_f32 v27, 0x3c000000, v10
0x03a8: s_waitcnt 0x7f
0x03ac: buffer_load_dword v5, v17, s[12:15], idxen, offset=0x0, soffset=0x80
0x03b4: v_add_f32 v6, v24, -v6, -s0
0x03bc: s_brev_b32 vcc_lo, -2
0x03c0: v_max_f32 v6, 0x3a83126f, v6
0x03c8: v_cmp_lt_u32 v18, vcc_lo, v38, s0
0x03d0: s_mov_b32 vcc_lo, 0x3ec00000
0x03d8: s_waitcnt 0xf73
0x03dc: v_mul_f32 v3, v3, v4
0x03e0: v_ldexp_f32 v3, v3, v37, abs(s0)
0x03e8: v_rcp_f32 v3, v3
0x03ec: v_mul_f32 v3, v3, v27
0x03f0: v_mul_f32 v3, v3, v6
0x03f4: v_cmp_le_f32 v20, vcc_lo, v3, s0
0x03fc: s_waitcnt 0xf72
0x0400: v_cmp_gt_u32 v37, v1
0x0404: s_waitcnt 0xf71
0x0408: v_bfe_u32 v1, v2, 24, 4
0x0410: v_cmp_gt_u32 v22, v37, v1, s0
0x0418: s_waitcnt 0xf70
0x041c: v_and_b32 v26, 0xfff000, v5
0x0424: v_cmp_lg_u32 v16, 0, v26, s0
0x042c: s_andn2_b64 vcc, vcc, s[18:19]
0x0430: s_andn2_b64 vcc, vcc, s[20:21]
0x0434: s_or_b64 s[18:19], s[22:23], vcc
0x0438: s_andn2_b64 vcc, s[16:17], s[18:19]
0x043c: v_cndmask_b32 v25, 0, 1, vcc
0x0444: s_and_saveexec_b64 vcc, vcc
0x0448: s_cbranch_execz 0x5d
0x044c: v_and_b32 v1, 15, v5
0x0450: v_cvt_f32_u32 v1, v1
0x0454: v_bfe_u32 v2, v5, 12, 4
0x045c: v_mul_f32 v3, 0x3d924925, v1
0x0464: v_cvt_f32_u32 v2, v2
0x0468: s_mov_b32 s16, 0x3d924925
0x0470: v_mad_f32 v4, -s16, v2, v3
0x0478: v_bfe_u32 v1, v5, 4, 4
0x0480: v_cvt_f32_u32 v1, v1
0x0484: v_bfe_u32 v10, v5, 16, 4
0x048c: v_mac_f32 v3, 0.5.f, v4
0x0490: v_cvt_f32_u32 v10, v10
0x0494: v_mul_f32 v2, v21, v4
0x0498: v_mad_f32 v6, 2.f, v3, -1.f
0x04a0: v_mul_f32 v3, 0x3d924925, v1
0x04a8: v_mul_f32 v1, v20, v4
0x04ac: v_mad_f32 v11, v22, v6, v12
0x04b4: v_bfe_u32 v12, v5, 20, 4
0x04bc: v_bfe_u32 v5, v5, 8, 4
0x04c4: v_cvt_f32_u32 v5, v5
0x04c8: v_mul_f32 v5, 0x3d924925, v5
0x04d0: v_cvt_f32_u32 v12, v12
0x04d4: v_mad_f32 v38, v21, v6, v24
0x04dc: v_mad_f32 v24, -s16, v10, v3
0x04e4: v_mac_f32 v3, 0.5.f, v24
0x04e8: v_mad_f32 v10, 2.f, v3, -1.f
0x04f0: v_mul_f32 v3, v29, v24
0x04f4: v_mac_f32 v11, v10, v23
0x04f8: v_mul_f32 v23, v23, v24
0x04fc: v_mac_f32 v13, v6, v20
0x0500: v_mac_f32 v13, v10, v14
0x0504: v_mul_f32 v14, v14, v24
0x0508: v_mad_f32 v24, -s16, v12, v5
0x0510: v_mac_f32 v5, 0.5.f, v24
0x0514: v_mul_f32 v6, v28, v24
0x0518: v_mad_f32 v37, 2.f, v5, -1.f
0x0520: v_mul_f32 v5, v22, v4
0x0524: v_mac_f32 v38, v10, v29
0x0528: v_mul_f32 v10, v5, v23
0x052c: v_mac_f32 v10, v14, v1
0x0530: v_mac_f32 v10, v3, v2
0x0534: v_mad_f32 v12, v16, v37, v11
0x053c: v_mul_f32 v16, v16, v24
0x0540: v_mov_b32 v29, v3
0x0544: v_mac_f32 v13, v37, v15
0x0548: v_mul_f32 v15, v15, v24
0x054c: v_mad_f32 v24, v28, v37, v38
0x0554: v_and_b32 v28, 0x80000000, v10
0x055c: v_xor_b32 v10, v23, v28
0x0560: v_xor_b32 v11, v14, v28
0x0564: v_mac_f32 v10, v4, v22
0x0568: v_xor_b32 v22, v3, v28
0x056c: v_mac_f32 v11, v4, v20
0x0570: v_mul_f32 v20, v16, v10
0x0574: v_mac_f32 v20, v11, v15
0x0578: v_mac_f32 v22, v4, v21
0x057c: v_mac_f32 v20, v22, v6
0x0580: v_and_b32 v20, 0x80000000, v20
0x0588: v_xor_b32 v21, v16, v20
0x058c: v_add_f32 v10, v21, v10
0x0590: v_xor_b32 v21, v15, v20
0x0594: v_add_f32 v11, v21, v11
0x0598: v_mul_f32 v10, v10, v10
0x059c: v_mac_f32 v10, v11, v11
0x05a0: v_xor_b32 v11, v6, v20
0x05a4: v_add_f32 v4, v11, v22
0x05a8: v_mac_f32 v10, v4, v4
0x05ac: v_sqrt_f32 v11, v10
0x05b0: v_mov_b32 v28, v6
0x05b4: v_mov_b32 v22, v5
0x05b8: v_mov_b32 v20, v1
0x05bc: v_mov_b32 v21, v2
0x05c0: s_mov_b64 exec, vcc
0x05c4: buffer_load_dwordx2 v[1:2], v17, s[12:15], idxen, offset=0x8, soffset=0x80
0x05cc: s_mov_b32 vcc_lo, 0x3c008081
0x05d4: v_mov_b32 v10, 0
0x05d8: s_waitcnt 0xf70
0x05dc: v_cvt_f32_ubyte1 v3, v1
0x05e0: v_mad_f32 v4, vcc_lo, v3, -1.f
0x05e8: v_cvt_f32_ubyte0 v3, v2
0x05ec: v_cvt_f32_ubyte1 v2, v2
0x05f0: v_mad_f32 v2, vcc_lo, v2, -1.f
0x05f8: v_mad_f32 v5, vcc_lo, v3, -1.f
0x0600: v_cvt_f32_ubyte3 v3, v1
0x0604: v_mad_f32 v3, vcc_lo, v3, -1.f
0x060c: v_add_f32 v39, v4, v5, s0, div:2
0x0614: v_sub_f32 v4, v5, v4, s0, div:2
0x061c: v_cvt_f32_ubyte0 v5, v1
0x0620: v_cvt_f32_ubyte2 v1, v1
0x0624: v_mad_f32 v1, vcc_lo, v1, -1.f
0x062c: v_mad_f32 v5, vcc_lo, v5, -1.f
0x0634: v_sub_f32 v40, v3, v5, s0, div:2
0x063c: v_add_f32 v44, v5, v3, s0, div:2
0x0644: v_add_f32 v38, v1, v2, s0, div:2
0x064c: v_sub_f32 v37, v2, v1, s0, div:2
0x0654: buffer_load_dwordx3 v[1:3], v30, s[4:7], idxen, offset=0x50, soffset=0x80
0x065c: s_waitcnt 0xf70
0x0660: v_mul_f32 v41, v1, v4
0x0664: v_mul_f32 v5, v2, v4
0x0668: v_mul_f32 v6, v36, v41
0x066c: v_mul_f32 v4, v3, v4
0x0670: v_mac_f32 v6, v5, v7
0x0674: v_mul_f32 v45, v8, v41
0x0678: v_mul_f32 v41, v33, v41
0x067c: v_mac_f32 v41, v5, v35
0x0680: v_mac_f32 v45, v5, v31
0x0684: v_mad_f32 v43, v9, v4, v45
0x068c: v_mad_f32 v42, v34, v4, v41
0x0694: v_mad_f32 v45, v32, v4, v6
0x069c: buffer_load_dwordx3 v[4:6], v30, s[4:7], idxen, offset=0x44, soffset=0x80
0x06a4: s_waitcnt 0xf70
0x06a8: v_mul_f32 v41, v5, v44
0x06ac: v_mul_f32 v5, v5, v40
0x06b0: v_mul_f32 v46, v6, v44
0x06b4: v_mul_f32 v44, v4, v44
0x06b8: v_mac_f32 v44, v39, v1
0x06bc: v_mul_f32 v1, v4, v40
0x06c0: v_mul_f32 v4, v33, v1
0x06c4: v_mul_f32 v47, v36, v1
0x06c8: v_mul_f32 v1, v8, v1
0x06cc: v_mac_f32 v1, v5, v31
0x06d0: v_mac_f32 v41, v39, v2
0x06d4: v_mul_f32 v2, v6, v40
0x06d8: v_mac_f32 v1, v2, v9
0x06dc: v_mac_f32 v4, v5, v35
0x06e0: v_mac_f32 v46, v39, v3
0x06e4: v_mac_f32 v4, v2, v34
0x06e8: v_mac_f32 v47, v5, v7
0x06ec: v_add_f32 v40, v4, abs(v42), abs(s0)
0x06f4: v_mac_f32 v47, v2, v32
0x06f8: v_add_f32 v39, v47, abs(v45), abs(s0)
0x0700: v_add_f32 v42, v1, abs(v43), abs(s0)
0x0708: buffer_load_dwordx3 v[1:3], v30, s[4:7], idxen, offset=0x5c, soffset=0x80
0x0710: v_mov_b32 v5, 0
0x0714: v_mov_b32 v6, 1.f
0x0718: v_mov_b32 v4, -1.f
0x071c: s_waitcnt 0xf70
0x0720: v_mac_f32 v44, v38, v1
0x0724: v_mul_f32 v30, v33, v44
0x0728: v_mul_f32 v43, v3, v37
0x072c: v_mac_f32 v41, v38, v2
0x0730: v_mul_f32 v2, v2, v37
0x0734: v_mac_f32 v30, v41, v35
0x0738: v_mac_f32 v46, v38, v3
0x073c: v_mul_f32 v38, v1, v37
0x0740: v_mul_f32 v1, v33, v38
0x0744: v_mul_f32 v37, v36, v38
0x0748: v_mul_f32 v3, v8, v38
0x074c: v_mad_f32 v38, v35, v2, v1
0x0754: v_mul_f32 v1, v36, v44
0x0758: v_mad_f32 v33, v7, v2, v37
0x0760: v_mac_f32 v38, v43, v34
0x0764: v_mac_f32 v3, v2, v31
0x0768: v_mul_f32 v8, v8, v44
0x076c: v_add_f32 v35, v40, abs(v38), s0
0x0774: v_mac_f32 v30, v46, v34
0x0778: v_mac_f32 v1, v41, v7
0x077c: v_mac_f32 v33, v43, v32
0x0780: v_mac_f32 v3, v43, v9
0x0784: v_mad_f32 v2, v31, v41, v8
0x078c: v_mul_f32 v8, v30, v30
0x0790: v_add_f32 v33, v39, abs(v33), s0
0x0798: v_mac_f32 v1, v46, v32
0x079c: v_add_f32 v7, v42, abs(v3), s0
0x07a4: v_mul_f32 v3, v35, v35
0x07a8: v_mac_f32 v8, v1, v1
0x07ac: v_mac_f32 v2, v46, v9
0x07b0: v_mac_f32 v3, v33, v33
0x07b4: v_mac_f32 v8, v2, v2
0x07b8: v_mac_f32 v3, v7, v7
0x07bc: v_sqrt_f32 v7, v3
0x07c0: v_sqrt_f32 v9, v8
0x07c4: v_cmp_lt_f32 v7, v9
0x07c8: s_and_saveexec_b64 vcc, vcc
0x07cc: s_cbranch_execz 0x9
0x07d0: v_rsq_f32 v6, v8
0x07d4: v_mul_f32 v4, v6, v7
0x07d8: v_mad_f32 v4, v4, v4, -1.f
0x07e0: v_max_f32 v4, 0, v4
0x07e4: v_sqrt_f32 v4, v4
0x07e8: v_mul_f32 v10, v6, v30
0x07ec: v_mul_f32 v5, v6, v1
0x07f0: v_mul_f32 v6, v6, v2
0x07f4: s_mov_b64 exec, vcc
0x07f8: v_mul_f32 v1, v12, v12
0x07fc: v_mad_f32 v7, v13, v13, v1
0x0804: v_mac_f32 v7, v24, v24
0x0808: v_sqrt_f32 v1, v7
0x080c: v_cmp_lt_f32 v11, v1
0x0810: v_mov_b32 v8, 0
0x0814: v_mov_b32 v2, 0
0x0818: v_mov_b32 v3, 1.f
0x081c: v_mov_b32 v1, -1.f
0x0820: s_and_saveexec_b64 vcc, vcc
0x0824: s_cbranch_execz 0x9
0x0828: v_rsq_f32 v3, v7
0x082c: v_mul_f32 v1, v3, v11
0x0830: v_mad_f32 v1, v1, v1, -1.f
0x0838: v_max_f32 v1, 0, v1
0x083c: v_sqrt_f32 v1, v1
0x0840: v_mul_f32 v8, v3, v12
0x0844: v_mul_f32 v2, v3, v13
0x0848: v_mul_f32 v3, v3, v24
0x084c: s_mov_b64 exec, vcc
0x0850: v_mul_f32 v7, v10, v8
0x0854: v_mac_f32 v7, v2, v5
0x0858: v_mac_f32 v7, v3, v6
0x085c: v_cmp_nge_f32 v106, v7, v1, -s0
0x0864: v_mov_b32 v2, 1.f
0x0868: s_and_saveexec_b64 vcc, vcc
0x086c: s_cbranch_execz 0x9
0x0870: v_mad_f32 v2, v1, -v1, 1.f
0x0878: v_mul_f32 v5, v7, v7, -s0
0x0880: v_mac_f32 v2, v2, v5
0x0884: v_max_f32 v2, 0, v2
0x0888: v_sqrt_f32 v2, v2
0x088c: v_mac_f32 v2, v1, -v7, s0
0x0894: s_mov_b64 exec, vcc
0x0898: v_cmp_nge_f32 v2, v4
0x089c: v_mov_b32 v30, 1.f
0x08a0: s_and_saveexec_b64 vcc, vcc
0x08a4: s_cbranch_execz 0x8
0x08a8: v_mad_f32 v1, v4, -v4, 1.f
0x08b0: v_mul_f32 v3, v2, -v2, s0
0x08b8: v_mac_f32 v1, v1, v3
0x08bc: v_max_f32 v1, 0, v1
0x08c0: v_sqrt_f32 v30, v1
0x08c4: v_mac_f32 v30, v4, v2
0x08c8: s_mov_b64 exec, vcc
0x08cc: buffer_load_dword v2, v19, s[8:11], idxen, offset=0x58, soffset=0x80
0x08d4: s_load_dword s4, s[0:1], 0x28
0x08d8: v_mov_b32 v1, 1
0x08dc: s_waitcnt 0x7f
0x08e0: unknown_1 s7, 0x480
0x08e4: s_cselect_b64 vcc, vcc, 0
0x08e8: s_waitcnt 0xf70
0x08ec: v_cndmask_b32 v2, -1, v2
0x08f0: v_cmp_lg_u32 -1, v2
0x08f4: s_and_saveexec_b64 s[16:17], vcc
0x08f8: s_cbranch_execz 0x7d
0x08fc: buffer_load_dwordx4 v[4:7], v19, s[8:11], idxen, offset=0x0, soffset=0x80
0x0904: buffer_load_dwordx4 v[8:11], v19, s[8:11], idxen, offset=0x10, soffset=0x80
0x090c: buffer_load_dword v1, v19, s[8:11], idxen, offset=0x5c, soffset=0x80
0x0914: s_mov_b32 vcc_lo, 0x3a83126f
0x091c: s_load_dwordx4 s[12:15], s[0:1], 0x24
0x0920: s_load_dwordx8 s[4:11], s[0:1], 0x0
0x0924: v_cvt_f32_u32 v3, v2
0x0928: s_waitcnt 0xf72
0x092c: v_mul_f32 v19, 2.f, v7
0x0930: s_waitcnt 0xf71
0x0934: v_mul_f32 v32, v9, v19
0x0938: v_mul_f32 v33, v10, v19
0x093c: v_mad_f32 v42, v9, -v32, v7
0x0944: v_mul_f32 v35, v8, v19
0x0948: v_mul_f32 v19, v11, v33
0x094c: v_mac_f32 v42, v33, v10, -s0
0x0954: v_mul_f32 v43, v8, v33
0x0958: v_mad_f32 v38, v8, -v35, v7
0x0960: v_mul_f32 v8, v22, v42
0x0964: v_mad_f32 v2, -v9, v35, v19
0x096c: v_mul_f32 v7, v23, v42
0x0970: v_mac_f32 v19, v35, v9
0x0974: v_mad_f32 v31, v11, v32, -v43
0x097c: v_mul_f32 v40, v11, v35
0x0980: v_mul_f32 v37, v22, v19
0x0984: v_mac_f32 v8, v2, v20
0x0988: v_mac_f32 v43, v32, v11
0x098c: v_mad_f32 v11, v10, -v33, v38
0x0994: v_mul_f32 v33, v23, v19
0x0998: v_mac_f32 v7, v2, v14
0x099c: v_mul_f32 v34, v22, v31
0x09a0: v_mad_f32 v22, v10, v32, v40
0x09a8: v_mul_f32 v36, v23, v31
0x09ac: v_mad_f32 v40, -v10, v32, v40
0x09b4: v_mac_f32 v8, v43, v21
0x09b8: v_mac_f32 v7, v43, v29
0x09bc: v_mac_f32 v37, v11, v20
0x09c0: v_mac_f32 v33, v11, v14
0x09c4: v_mad_f32 v35, v20, v22, v34
0x09cc: v_mad_f32 v10, v14, v22, v36
0x09d4: v_mac_f32 v38, v32, v9, -s0
0x09dc: v_mul_f32 v9, v8, v7
0x09e0: v_mac_f32 v37, v40, v21
0x09e4: v_mac_f32 v33, v40, v29
0x09e8: v_mac_f32 v35, v38, v21
0x09ec: v_mac_f32 v10, v38, v29
0x09f0: v_mac_f32 v9, v33, v37
0x09f4: v_mac_f32 v9, v10, v35
0x09f8: v_mul_f32 v39, v16, v31
0x09fc: v_and_b32 v16, 0x80000000, v9
0x0a04: v_mad_f32 v14, v15, v22, v39
0x0a0c: v_mad_f32 v9, v12, v31, v6
0x0a14: v_xor_b32 v31, v7, v16
0x0a18: v_add_f32 v6, v35, abs(v10), abs(s0)
0x0a20: v_add_f32 v23, v31, v8
0x0a24: v_mac_f32 v14, v38, v28
0x0a28: v_xor_b32 v28, v33, v16
0x0a2c: v_mac_f32 v9, v22, v13
0x0a30: v_add_f32 v6, v6, abs(v14), s0
0x0a38: v_mul_f32 v15, v23, v23
0x0a3c: v_add_f32 v20, v28, v37
0x0a40: v_xor_b32 v16, v10, v16
0x0a44: v_mac_f32 v9, v38, v24
0x0a48: v_add_f32 v6, v9, -v6, -s0
0x0a50: v_add_f32 v14, v16, v35
0x0a54: v_mac_f32 v15, v20, v20
0x0a58: v_mac_f32 v15, v14, v14
0x0a5c: v_max_f32 v14, 0, v6
0x0a60: v_rsq_f32 v15, v15
0x0a64: v_mul_f32 v14, v27, v14
0x0a68: v_mul_f32 v14, v14, v15
0x0a6c: v_rcp_f32 v14, v14
0x0a70: v_min_f32 v14, 0x44000000, v14
0x0a78: v_max_f32 v9, vcc_lo, -v9, s0
0x0a80: v_mad_f32 v7, v12, v42, v4
0x0a88: v_mac_f32 v5, v19, v12
0x0a8c: v_frexp_exp_i32_f32 v8, v14
0x0a90: v_rcp_f32 v9, v9
0x0a94: v_mac_f32 v5, v11, v13
0x0a98: v_mac_f32 v7, v2, v13
0x0a9c: v_add_co_u32 v4, -2, v8
0x0aa0: s_waitcnt 0xf70
0x0aa4: v_mul_f32 v1, v1, v9
0x0aa8: v_mac_f32 v5, v40, v24
0x0aac: v_mac_f32 v7, v43, v24
0x0ab0: v_med3_i32 v4, 5, v4, 0
0x0ab8: v_mul_f32 v5, v5, v1
0x0abc: v_mul_f32 v1, v7, v1
0x0ac0: v_cvt_f32_i32 v4, v4
0x0ac4: v_mad_f32 v2, -0.5.f, v5, 0.5.f
0x0acc: v_mad_f32 v1, 0.5.f, v1, 0.5.f
0x0ad4: s_waitcnt 0x7f
0x0ad8: image_sample_l v1, v[1:2], s[4:11], s[12:15], dmask(r), da
0x0ae0: s_waitcnt 0xf70
0x0ae4: v_cmp_lt_f32 v6, v1
0x0ae8: v_cndmask_b32 v1, 0, 1, vcc
0x0af0: s_mov_b64 exec, s[16:17]
0x0af4: v_cmp_lg_u32 0, v26
0x0af8: v_cmp_lg_u32 v4, 0, v25, s0
0x0b00: v_cmp_lt_f32 v10, 0, v30, s0
0x0b08: v_cmp_lg_u32 v6, 0, v1, s0
0x0b10: s_andn2_b64 s[12:13], vcc, s[4:5]
0x0b14: v_cndmask_b32 v1, 0, 1, vcc
0x0b1c: v_or_b32 v1, v25, v1
0x0b20: v_cmp_lg_u32 0, v1
0x0b24: s_andn2_b64 s[8:9], vcc, s[6:7]
0x0b28: s_and_b64 vcc, s[10:11], s[12:13]
0x0b2c: s_and_b64 s[10:11], vcc, s[6:7]
0x0b30: s_not_b64 vcc, s[4:5]
0x0b34: s_andn2_b64 vcc, s[6:7], vcc
0x0b38: v_cndmask_b32 v26, 0, 1, vcc
0x0b40: v_cndmask_b32 v25, 0, 1, vcc
0x0b48: v_cndmask_b32 v27, 0, 1, vcc
0x0b50: s_mov_b64 exec, s[2:3]
0x0b54: v_cmp_lg_u32 v2, 0, v27, s0
0x0b5c: v_mov_b32 v1, 0
0x0b60: v_mov_b32 v8, 0x800000
0x0b68: v_mov_b32 v6, 0x8000
0x0b70: v_mov_b32 v4, 0x80000080
0x0b78: s_and_saveexec_b64 s[8:9], s[2:3]
0x0b7c: s_cbranch_execz 0x28
0x0b80: v_mul_u32_u24 v3, 6, v17
0x0b84: s_load_dwordx4 s[4:7], s[0:1], 0x20
0x0b88: v_mad_u32_u24 v2, v17, 6, 1
0x0b90: v_mad_u32_u24 v1, v17, 6, 2
0x0b98: s_waitcnt 0x7f
0x0b9c: buffer_load_dword v8, v3, s[4:7], idxen, offset=0x0, soffset=0x80
0x0ba4: buffer_load_dword v6, v2, s[4:7], idxen, offset=0x0, soffset=0x80
0x0bac: buffer_load_dword v4, v1, s[4:7], idxen, offset=0x0, soffset=0x80
0x0bb4: s_waitcnt 0xf72
0x0bb8: v_and_b32 v1, 0x800000, v8
0x0bc0: s_waitcnt 0xf71
0x0bc4: v_lshlrev_b32 v2, 8, v6
0x0bc8: v_cmp_eq_u32 0, v1
0x0bcc: v_and_b32 v3, 0x800000, v2
0x0bd4: v_cndmask_b32 v1, 0, 1, vcc
0x0bdc: v_cndmask_b32 v2, 1, 2, vcc
0x0be4: v_cmp_eq_u32 0, v3
0x0be8: s_waitcnt 0xf70
0x0bec: v_lshlrev_b32 v3, 16, v4
0x0bf0: v_cndmask_b32 v1, v1, v2
0x0bf4: v_and_b32 v3, 0x800000, v3
0x0bfc: v_add_co_u32 v2, 1, v1
0x0c00: v_cmp_eq_u32 0, v3
0x0c04: v_lshrrev_b32 v3, 8, v4
0x0c08: v_cndmask_b32 v1, v1, v2
0x0c0c: v_and_b32 v2, 0x800000, v3
0x0c14: v_add_co_u32 v3, 1, v1
0x0c18: v_cmp_eq_u32 0, v2
0x0c1c: v_cndmask_b32 v1, v1, v3
0x0c20: s_mov_b64 exec, s[8:9]
0x0c24: v_mov_b32 v7, 0x800000
0x0c2c: v_mov_b32 v5, 0x8000
0x0c34: v_mov_b32 v3, 0x80000080
0x0c3c: s_and_saveexec_b64 s[8:9], s[2:3]
0x0c40: s_cbranch_execz 0x26
0x0c44: v_mad_u32_u24 v5, v17, 6, 3
0x0c4c: s_load_dwordx4 s[4:7], s[0:1], 0x20
0x0c50: v_bcnt_u32_b32 v3, 1, v5
0x0c54: v_bcnt_u32_b32 v2, 3, v5
0x0c58: s_waitcnt 0x7f
0x0c5c: buffer_load_dword v7, v5, s[4:7], idxen, offset=0x0, soffset=0x80
0x0c64: buffer_load_dword v5, v3, s[4:7], idxen, offset=0x0, soffset=0x80
0x0c6c: buffer_load_dword v3, v2, s[4:7], idxen, offset=0x0, soffset=0x80
0x0c74: v_add_co_u32 v2, 1, v1
0x0c78: s_waitcnt 0xf72
0x0c7c: v_and_b32 v9, 0x800000, v7
0x0c84: v_cmp_eq_u32 0, v9
0x0c88: s_waitcnt 0xf71
0x0c8c: v_lshlrev_b32 v9, 8, v5
0x0c90: v_cndmask_b32 v1, v1, v2
0x0c94: v_and_b32 v9, 0x800000, v9
0x0c9c: v_add_co_u32 v2, 1, v1
0x0ca0: v_cmp_eq_u32 0, v9
0x0ca4: s_waitcnt 0xf70
0x0ca8: v_lshlrev_b32 v9, 16, v3
0x0cac: v_cndmask_b32 v1, v1, v2
0x0cb0: v_and_b32 v9, 0x800000, v9
0x0cb8: v_add_co_u32 v2, 1, v1
0x0cbc: v_cmp_eq_u32 0, v9
0x0cc0: v_lshrrev_b32 v9, 8, v3
0x0cc4: v_cndmask_b32 v1, v1, v2
0x0cc8: v_and_b32 v2, 0x800000, v9
0x0cd0: v_add_co_u32 v9, 1, v1
0x0cd4: v_cmp_eq_u32 0, v2
0x0cd8: v_cndmask_b32 v1, v1, v9
0x0cdc: s_mov_b64 exec, s[8:9]
0x0ce0: unknown 
0x0ce8: s_mov_b32 s4, 0xaaaaaaaa
0x0cf0: s_mov_b32 s5, s4
0x0cf4: s_mov_b32 s2, 0x88888888
0x0cfc: s_waitcnt 0x7f
0x0d00: v_sad_u32 v2, v2, 0, v1
0x0d08: v_cndmask_b32 v2, v1, v2, vcc
0x0d10: unknown 
0x0d18: s_mov_b32 s3, s2
0x0d1c: s_mov_b32 s4, 0x80808080
0x0d24: s_mov_b32 s5, s4
0x0d28: s_waitcnt 0x7f
0x0d2c: v_sad_u32 v9, v9, 0, v2
0x0d34: v_cndmask_b32 v2, v2, v9, vcc
0x0d3c: unknown 
0x0d44: s_mov_b32 s6, 0x80008000
0x0d4c: s_mov_b32 s7, s6
0x0d50: s_brev_b32 s16, 1
0x0d54: s_waitcnt 0x7f
0x0d58: v_sad_u32 v9, v9, 0, v2
0x0d60: v_cndmask_b32 v2, v2, v9, vcc
0x0d68: unknown 
0x0d70: s_mov_b32 s17, s16
0x0d74: s_bfm_b32 s18, 1, 15
0x0d78: s_mov_b32 s19, s18
0x0d7c: s_waitcnt 0x7f
0x0d80: v_sad_u32 v9, v9, 0, v2
0x0d88: v_cndmask_b32 v2, v2, v9, vcc
0x0d90: unknown 
0x0d98: s_mov_b32 s10, 0x800080
0x0da0: s_mov_b32 s11, s10
0x0da4: s_mov_b32 s12, 0x8080808
0x0dac: s_waitcnt 0x7f
0x0db0: v_add_co_u32 v9, v9, v2
0x0db4: v_cndmask_b32 v10, v2, v9, vcc
0x0dbc: v_readlane_b32 v13, v10, v159
0x0dc0: v_mov_b32 v9, v10
0x0dc4: v_writelane_b32 v9, s13, v191
0x0dc8: v_writelane_b32 v9, 0, v159
0x0dcc: unknown 
0x0dd4: unknown 
0x0ddc: v_readlane_b32 v20, v10, v191
0x0de0: v_cmp_eq_u32 v14, 0, v0, s0
0x0de8: s_waitcnt 0x17f
0x0dec: v_add_co_u32 v10, v9, v11
0x0df0: v_cndmask_b32 v9, v9, v10, vcc
0x0df8: s_waitcnt 0x7f
0x0dfc: v_cndmask_b32 v9, v9, v2, vcc
0x0e04: unknown 
0x0e0c: s_add_i32 s16, s13, s20
0x0e10: unknown 
0x0e18: unknown_1 s8, 0x8010
0x0e1c: s_cselect_b64 vcc, s[8:9], 0
0x0e20: s_mov_b32 s13, s12
0x0e24: s_mov_b32 s8, 0x22222222
0x0e2c: s_mov_b32 s9, s8
0x0e30: s_and_b64 s[14:15], s[14:15], vcc
0x0e34: s_waitcnt 0x17f
0x0e38: v_add_co_u32 v10, v10, v9
0x0e3c: v_cndmask_b32 v9, v9, v10, vcc
0x0e44: s_waitcnt 0x7f
0x0e48: v_cndmask_b32 v10, v9, v2, vcc
0x0e50: unknown 
0x0e58: unknown 
0x0e60: v_mov_b32 v2, 0
0x0e64: s_waitcnt 0x17f
0x0e68: v_add_co_u32 v11, v11, v10
0x0e6c: v_cndmask_b32 v10, v10, v11, vcc
0x0e74: s_waitcnt 0x7f
0x0e78: v_cndmask_b32 v10, v10, v9, vcc
0x0e80: unknown 
0x0e88: unknown 
0x0e90: s_waitcnt 0x17f
0x0e94: v_add_co_u32 v11, v11, v10
0x0e98: v_cndmask_b32 v10, v10, v11, vcc
0x0ea0: s_waitcnt 0x7f
0x0ea4: v_cndmask_b32 v10, v10, v9, vcc
0x0eac: unknown 
0x0eb4: unknown 
0x0ebc: s_and_saveexec_b64 vcc, s[14:15]
0x0ec0: s_cbranch_execz 0x4
0x0ec4: v_mov_b32 v2, 0
0x0ec8: v_mov_b32 v12, s16
0x0ecc: unknown 
0x0ed4: s_waitcnt 0x7f
0x0ed8: v_readlane_b32 v6, v2, v128
0x0edc: s_waitcnt 0xf0f
0x0ee0: s_mov_b64 exec, vcc
0x0ee4: v_cmp_lt_u32 0, v1
0x0ee8: s_and_saveexec_b64 s[2:3], vcc
0x0eec: s_cbranch_execz 0x7b
0x0ef0: v_sad_u32 v2, v11, 0, v10
0x0ef8: s_mov_b32 s4, 0xaaaaaaaa
0x0f00: v_lshlrev_b32 v1, 8, v8
0x0f04: s_mov_b32 s5, s4
0x0f08: s_mov_b32 vcc_lo, 0x55555555
0x0f10: v_cndmask_b32 v2, v10, v2, vcc
0x0f18: v_cmp_le_i32 v4, 0, v1, s0
0x0f20: v_and_b32 v1, 0xffffff, v8
0x0f28: s_mov_b32 vcc_hi, vcc_lo
0x0f2c: v_cndmask_b32 v2, v2, v9
0x0f30: v_sad_u32 v9, s6, 0, v2
0x0f38: s_and_saveexec_b64 s[8:9], s[4:5]
0x0f3c: s_cbranch_execz 0x6
0x0f40: v_mov_b32 v2, v18
0x0f44: s_load_dwordx4 s[4:7], s[0:1], 0x8
0x0f48: s_waitcnt 0x7f
0x0f4c: buffer_store_dwordx2 v[1:2], v9, s[4:7], idxen, offset=0x0, soffset=0x80
0x0f54: v_add_co_u32 v9, 1, v9
0x0f58: s_mov_b64 exec, s[8:9]
0x0f5c: v_lshlrev_b32 v1, 8, v6
0x0f60: v_and_b32 v1, 0xffff00, v1
0x0f68: v_lshlrev_b32 v2, 8, v1
0x0f6c: v_cmpx_le_i32 0, v2
0x0f70: s_cbranch_execz 0x8
0x0f74: v_lshrrev_b32 v2, 24, v8
0x0f78: s_load_dwordx4 s[4:7], s[0:1], 0x8
0x0f7c: v_or_b32 v1, v2, v1
0x0f80: v_mov_b32 v2, v18
0x0f84: s_waitcnt 0x7f
0x0f88: buffer_store_dwordx2 v[1:2], v9, s[4:7], idxen, offset=0x0, soffset=0x80
0x0f90: v_add_co_u32 v9, 1, v9
0x0f94: s_mov_b64 exec, s[8:9]
0x0f98: v_lshlrev_b32 v1, 16, v4
0x0f9c: v_and_b32 v1, 0xff0000, v1
0x0fa4: v_lshlrev_b32 v2, 8, v1
0x0fa8: v_cmpx_le_i32 0, v2
0x0fac: s_cbranch_execz 0x8
0x0fb0: v_lshrrev_b32 v2, 16, v6
0x0fb4: s_load_dwordx4 s[4:7], s[0:1], 0x8
0x0fb8: v_or_b32 v1, v2, v1
0x0fbc: v_mov_b32 v2, v18
0x0fc0: s_waitcnt 0x7f
0x0fc4: buffer_store_dwordx2 v[1:2], v9, s[4:7], idxen, offset=0x0, soffset=0x80
0x0fcc: v_add_co_u32 v9, 1, v9
0x0fd0: s_mov_b64 exec, s[8:9]
0x0fd4: v_and_b32 v1, 0xffffff00, v4
0x0fdc: v_cmp_le_i32 0, v1
0x0fe0: v_lshrrev_b32 v1, 8, v4
0x0fe4: s_and_saveexec_b64 s[8:9], vcc
0x0fe8: s_cbranch_execz 0x6
0x0fec: v_mov_b32 v2, v18
0x0ff0: s_load_dwordx4 s[4:7], s[0:1], 0x8
0x0ff4: s_waitcnt 0x7f
0x0ff8: buffer_store_dwordx2 v[1:2], v9, s[4:7], idxen, offset=0x0, soffset=0x80
0x1000: v_add_co_u32 v9, 1, v9
0x1004: s_mov_b64 exec, s[8:9]
0x1008: v_lshlrev_b32 v1, 8, v7
0x100c: v_cmp_le_i32 0, v1
0x1010: v_and_b32 v1, 0xffffff, v7
0x1018: s_and_saveexec_b64 s[8:9], vcc
0x101c: s_cbranch_execz 0x6
0x1020: v_mov_b32 v2, v18
0x1024: s_load_dwordx4 s[4:7], s[0:1], 0x8
0x1028: s_waitcnt 0x7f
0x102c: buffer_store_dwordx2 v[1:2], v9, s[4:7], idxen, offset=0x0, soffset=0x80
0x1034: v_add_co_u32 v9, 1, v9
0x1038: s_mov_b64 exec, s[8:9]
0x103c: v_lshlrev_b32 v1, 8, v5
0x1040: v_and_b32 v1, 0xffff00, v1
0x1048: v_lshlrev_b32 v2, 8, v1
0x104c: v_cmpx_le_i32 0, v2
0x1050: s_cbranch_execz 0x8
0x1054: v_lshrrev_b32 v2, 24, v7
0x1058: s_load_dwordx4 s[4:7], s[0:1], 0x8
0x105c: v_or_b32 v1, v2, v1
0x1060: v_mov_b32 v2, v18
0x1064: s_waitcnt 0x7f
0x1068: buffer_store_dwordx2 v[1:2], v9, s[4:7], idxen, offset=0x0, soffset=0x80
0x1070: v_add_co_u32 v9, 1, v9
0x1074: s_mov_b64 exec, s[8:9]
0x1078: v_lshlrev_b32 v1, 16, v3
0x107c: v_and_b32 v1, 0xff0000, v1
0x1084: v_lshlrev_b32 v2, 8, v1
0x1088: v_cmpx_le_i32 0, v2
0x108c: s_cbranch_execz 0x8
0x1090: v_lshrrev_b32 v2, 16, v5
0x1094: s_load_dwordx4 s[4:7], s[0:1], 0x8
0x1098: v_or_b32 v1, v2, v1
0x109c: v_mov_b32 v2, v18
0x10a0: s_waitcnt 0x7f
0x10a4: buffer_store_dwordx2 v[1:2], v9, s[4:7], idxen, offset=0x0, soffset=0x80
0x10ac: v_add_co_u32 v9, 1, v9
0x10b0: s_mov_b64 exec, s[8:9]
0x10b4: v_and_b32 v2, 0xffffff00, v3
0x10bc: v_lshrrev_b32 v1, 8, v3
0x10c0: v_cmpx_le_i32 0, v2
0x10c4: s_cbranch_execz 0x5
0x10c8: v_mov_b32 v2, v18
0x10cc: s_load_dwordx4 s[4:7], s[0:1], 0x8
0x10d0: s_waitcnt 0x7f
0x10d4: buffer_store_dwordx2 v[1:2], v9, s[4:7], idxen, offset=0x0, soffset=0x80
0x10dc: s_mov_b64 exec, s[2:3]
0x10e0: v_cmp_lg_u32 v8, 0, v26, s0
0x10e8: v_cmp_eq_u32 v4, 0, v0, s0
0x10f0: v_mov_b32 v1, 0
0x10f4: s_bcnt1_i32_b64 s6, s[8:9]
0x10f8: unknown_1 s8, 0x8006
0x10fc: s_cselect_b64 vcc, s[2:3], 0
0x1100: s_and_b64 vcc, s[4:5], vcc
0x1104: s_and_saveexec_b64 vcc, vcc
0x1108: s_cbranch_execz 0x4
0x110c: v_mov_b32 v1, 0
0x1110: v_mov_b32 v2, s6
0x1114: unknown 
0x111c: s_waitcnt 0x7f
0x1120: v_readlane_b32 v2, v1, v128
0x1124: s_waitcnt 0xf0f
0x1128: s_mov_b64 exec, vcc
0x112c: v_cmp_lg_u32 0, v26
0x1130: s_and_saveexec_b64 vcc, vcc
0x1134: s_cbranch_execz 0x7
0x1138: v_mov_b32 v1, s2
0x113c: s_load_dwordx4 s[4:7], s[0:1], 0x8
0x1140: v_mbcnt_lo_u32_b32 v1, s8, v1
0x1144: v_mbcnt_hi_u32_b32 v1, s9, v1
0x1148: s_waitcnt 0x7f
0x114c: buffer_store_dwordx2 v[17:18], v1, s[4:7], idxen, offset=0x0, soffset=0x80
0x1154: s_mov_b64 exec, vcc
0x1158: v_cmp_lg_u32 v2, 0, v25, s0
0x1160: v_cmp_eq_u32 v4, 0, v0, s0
0x1168: v_mov_b32 v1, 0
0x116c: s_bcnt1_i32_b64 s6, s[2:3]
0x1170: unknown_1 s8, 0x8006
0x1174: s_cselect_b64 vcc, vcc, 0
0x1178: s_and_b64 vcc, s[4:5], vcc
0x117c: s_and_saveexec_b64 vcc, vcc
0x1180: s_cbranch_execz 0x4
0x1184: v_mov_b32 v1, 0
0x1188: v_mov_b32 v2, s6
0x118c: unknown 
0x1194: s_waitcnt 0xf0f
0x1198: s_mov_b64 exec, vcc
0x119c: s_waitcnt 0x7f
0x11a0: v_readlane_b32 v106, v1, v128
0x11a4: v_mov_b32 v1, vcc_lo
0x11a8: v_mbcnt_lo_u32_b32 v1, s2, v1
0x11ac: v_mbcnt_hi_u32_b32 v2, s3, v1
0x11b0: v_cmp_gt_u32 0x100000, v2
0x11b8: v_cndmask_b32 v1, 0, 1, vcc
0x11c0: v_and_b32 v1, v1, v25
0x11c4: v_cmp_lg_u32 0, v1
0x11c8: s_and_saveexec_b64 s[4:5], vcc
0x11cc: s_cbranch_execz 0x4
0x11d0: s_load_dwordx4 s[0:3], s[0:1], 0xc
0x11d4: s_waitcnt 0x7f
0x11d8: buffer_store_dwordx2 v[17:18], v2, s[0:3], idxen, offset=0x0, soffset=0x80
0x11e0: s_mov_b64 exec, s[4:5]
0x11e4: v_cmp_ge_u32 0xffffff, v18
0x11ec: v_cndmask_b32 v2, 0, 1, vcc
0x11f4: v_and_b32 v2, v1, v2
0x11f8: v_cmp_lg_u32 0, v2
0x11fc: v_cmp_eq_u32 v0, 0, v0, s0
0x1204: s_bcnt1_i32_b64 s6, vcc
0x1208: s_cselect_b64 vcc, s[4:5], 0
0x120c: s_and_b64 vcc, vcc, s[0:1]
0x1210: s_and_saveexec_b64 s[2:3], vcc
0x1214: s_cbranch_execz 0x4
0x1218: v_mov_b32 v0, 0
0x121c: v_mov_b32 v2, s6
0x1220: unknown 
0x1228: s_waitcnt 0xf0f
0x122c: s_mov_b64 exec, s[2:3]
0x1230: v_lshrrev_b32 v0, 24, v18
0x1234: v_cmp_eq_u32 1, v0
0x1238: v_cndmask_b32 v2, 0, 1, vcc
0x1240: v_and_b32 v2, v2, v1
0x1244: v_cmp_lg_u32 0, v2
0x1248: s_bcnt1_i32_b64 s4, vcc
0x124c: s_cselect_b64 vcc, s[2:3], 0
0x1250: s_and_b64 vcc, vcc, s[0:1]
0x1254: s_and_saveexec_b64 s[2:3], vcc
0x1258: s_cbranch_execz 0x4
0x125c: v_mov_b32 v2, 0
0x1260: v_mov_b32 v3, s4
0x1264: unknown 
0x126c: s_waitcnt 0xf0f
0x1270: s_mov_b64 exec, s[2:3]
0x1274: v_cmp_eq_u32 2, v0
0x1278: v_cndmask_b32 v2, 0, 1, vcc
0x1280: v_and_b32 v2, v2, v1
0x1284: v_cmp_lg_u32 0, v2
0x1288: s_bcnt1_i32_b64 s4, vcc
0x128c: s_cselect_b64 vcc, s[2:3], 0
0x1290: s_and_b64 vcc, vcc, s[0:1]
0x1294: s_and_saveexec_b64 s[2:3], vcc
0x1298: s_cbranch_execz 0x4
0x129c: v_mov_b32 v2, 0
0x12a0: v_mov_b32 v3, s4
0x12a4: unknown 
0x12ac: s_waitcnt 0xf0f
0x12b0: s_mov_b64 exec, s[2:3]
0x12b4: v_cmp_eq_u32 3, v0
0x12b8: v_cndmask_b32 v2, 0, 1, vcc
0x12c0: v_and_b32 v2, v2, v1
0x12c4: v_cmp_lg_u32 0, v2
0x12c8: s_bcnt1_i32_b64 s4, vcc
0x12cc: s_cselect_b64 vcc, s[2:3], 0
0x12d0: s_and_b64 vcc, vcc, s[0:1]
0x12d4: s_and_saveexec_b64 s[2:3], vcc
0x12d8: s_cbranch_execz 0x4
0x12dc: v_mov_b32 v2, 0
0x12e0: v_mov_b32 v3, s4
0x12e4: unknown 
0x12ec: s_waitcnt 0xf0f
0x12f0: s_mov_b64 exec, s[2:3]
0x12f4: v_cmp_eq_u32 4, v0
0x12f8: v_cndmask_b32 v2, 0, 1, vcc
0x1300: v_and_b32 v2, v2, v1
0x1304: v_cmp_lg_u32 0, v2
0x1308: s_bcnt1_i32_b64 s4, vcc
0x130c: s_cselect_b64 vcc, s[2:3], 0
0x1310: s_and_b64 vcc, vcc, s[0:1]
0x1314: s_and_saveexec_b64 s[2:3], vcc
0x1318: s_cbranch_execz 0x4
0x131c: v_mov_b32 v2, 0
0x1320: v_mov_b32 v3, s4
0x1324: unknown 
0x132c: s_waitcnt 0xf0f
0x1330: s_mov_b64 exec, s[2:3]
0x1334: v_cmp_eq_u32 5, v0
0x1338: v_cndmask_b32 v2, 0, 1, vcc
0x1340: v_and_b32 v2, v2, v1
0x1344: v_cmp_lg_u32 0, v2
0x1348: s_bcnt1_i32_b64 s4, vcc
0x134c: s_cselect_b64 vcc, s[2:3], 0
0x1350: s_and_b64 vcc, vcc, s[0:1]
0x1354: s_and_saveexec_b64 s[2:3], vcc
0x1358: s_cbranch_execz 0x4
0x135c: v_mov_b32 v2, 0
0x1360: v_mov_b32 v3, s4
0x1364: unknown 
0x136c: s_waitcnt 0xf0f
0x1370: s_mov_b64 exec, s[2:3]
0x1374: v_cmp_eq_u32 6, v0
0x1378: v_cndmask_b32 v2, 0, 1, vcc
0x1380: v_and_b32 v2, v2, v1
0x1384: v_cmp_lg_u32 0, v2
0x1388: s_bcnt1_i32_b64 s4, vcc
0x138c: s_cselect_b64 vcc, s[2:3], 0
0x1390: s_and_b64 vcc, vcc, s[0:1]
0x1394: s_and_saveexec_b64 s[2:3], vcc
0x1398: s_cbranch_execz 0x4
0x139c: v_mov_b32 v2, 0
0x13a0: v_mov_b32 v3, s4
0x13a4: unknown 
0x13ac: s_waitcnt 0xf0f
0x13b0: s_mov_b64 exec, s[2:3]
0x13b4: v_cmp_eq_u32 7, v0
0x13b8: v_cndmask_b32 v2, 0, 1, vcc
0x13c0: v_and_b32 v2, v2, v1
0x13c4: v_cmp_lg_u32 0, v2
0x13c8: s_bcnt1_i32_b64 s4, vcc
0x13cc: s_cselect_b64 vcc, s[2:3], 0
0x13d0: s_and_b64 vcc, vcc, s[0:1]
0x13d4: s_and_saveexec_b64 s[2:3], vcc
0x13d8: s_cbranch_execz 0x4
0x13dc: v_mov_b32 v2, 0
0x13e0: v_mov_b32 v3, s4
0x13e4: unknown 
0x13ec: s_waitcnt 0xf0f
0x13f0: s_mov_b64 exec, s[2:3]
0x13f4: v_cmp_eq_u32 8, v0
0x13f8: v_cndmask_b32 v2, 0, 1, vcc
0x1400: v_and_b32 v2, v2, v1
0x1404: v_cmp_lg_u32 0, v2
0x1408: s_bcnt1_i32_b64 s4, vcc
0x140c: s_cselect_b64 vcc, s[2:3], 0
0x1410: s_and_b64 vcc, vcc, s[0:1]
0x1414: s_and_saveexec_b64 s[2:3], vcc
0x1418: s_cbranch_execz 0x4
0x141c: v_mov_b32 v2, 0
0x1420: v_mov_b32 v3, s4
0x1424: unknown 
0x142c: s_waitcnt 0xf0f
0x1430: s_mov_b64 exec, s[2:3]
0x1434: v_cmp_eq_u32 9, v0
0x1438: v_cndmask_b32 v2, 0, 1, vcc
0x1440: v_and_b32 v2, v2, v1
0x1444: v_cmp_lg_u32 0, v2
0x1448: s_bcnt1_i32_b64 s4, vcc
0x144c: s_cselect_b64 vcc, s[2:3], 0
0x1450: s_and_b64 vcc, vcc, s[0:1]
0x1454: s_and_saveexec_b64 s[2:3], vcc
0x1458: s_cbranch_execz 0x4
0x145c: v_mov_b32 v2, 0
0x1460: v_mov_b32 v3, s4
0x1464: unknown 
0x146c: s_waitcnt 0xf0f
0x1470: s_mov_b64 exec, s[2:3]
0x1474: v_cmp_eq_u32 10, v0
0x1478: v_cndmask_b32 v2, 0, 1, vcc
0x1480: v_and_b32 v2, v2, v1
0x1484: v_cmp_lg_u32 0, v2
0x1488: s_bcnt1_i32_b64 s4, vcc
0x148c: s_cselect_b64 vcc, s[2:3], 0
0x1490: s_and_b64 vcc, vcc, s[0:1]
0x1494: s_and_saveexec_b64 s[2:3], vcc
0x1498: s_cbranch_execz 0x4
0x149c: v_mov_b32 v2, 0
0x14a0: v_mov_b32 v3, s4
0x14a4: unknown 
0x14ac: s_waitcnt 0xf0f
0x14b0: s_mov_b64 exec, s[2:3]
0x14b4: v_cmp_eq_u32 11, v0
0x14b8: v_cndmask_b32 v2, 0, 1, vcc
0x14c0: v_and_b32 v2, v2, v1
0x14c4: v_cmp_lg_u32 0, v2
0x14c8: s_bcnt1_i32_b64 s4, vcc
0x14cc: s_cselect_b64 vcc, s[2:3], 0
0x14d0: s_and_b64 vcc, vcc, s[0:1]
0x14d4: s_and_saveexec_b64 s[2:3], vcc
0x14d8: s_cbranch_execz 0x4
0x14dc: v_mov_b32 v2, 0
0x14e0: v_mov_b32 v3, s4
0x14e4: unknown 
0x14ec: s_waitcnt 0xf0f
0x14f0: s_mov_b64 exec, s[2:3]
0x14f4: v_cmp_eq_u32 12, v0
0x14f8: v_cndmask_b32 v2, 0, 1, vcc
0x1500: v_and_b32 v2, v2, v1
0x1504: v_cmp_lg_u32 0, v2
0x1508: s_bcnt1_i32_b64 s4, vcc
0x150c: s_cselect_b64 vcc, s[2:3], 0
0x1510: s_and_b64 vcc, vcc, s[0:1]
0x1514: s_and_saveexec_b64 s[2:3], vcc
0x1518: s_cbranch_execz 0x4
0x151c: v_mov_b32 v2, 0
0x1520: v_mov_b32 v3, s4
0x1524: unknown 
0x152c: s_waitcnt 0xf0f
0x1530: s_mov_b64 exec, s[2:3]
0x1534: v_cmp_eq_u32 13, v0
0x1538: v_cndmask_b32 v2, 0, 1, vcc
0x1540: v_and_b32 v2, v2, v1
0x1544: v_cmp_lg_u32 0, v2
0x1548: s_bcnt1_i32_b64 s4, vcc
0x154c: s_cselect_b64 vcc, s[2:3], 0
0x1550: s_and_b64 vcc, vcc, s[0:1]
0x1554: s_and_saveexec_b64 s[2:3], vcc
0x1558: s_cbranch_execz 0x4
0x155c: v_mov_b32 v2, 0
0x1560: v_mov_b32 v3, s4
0x1564: unknown 
0x156c: s_waitcnt 0xf0f
0x1570: s_mov_b64 exec, s[2:3]
0x1574: v_cmp_eq_u32 14, v0
0x1578: v_cndmask_b32 v2, 0, 1, vcc
0x1580: v_and_b32 v2, v2, v1
0x1584: v_cmp_lg_u32 0, v2
0x1588: s_bcnt1_i32_b64 s4, vcc
0x158c: s_cselect_b64 vcc, s[2:3], 0
0x1590: s_and_b64 vcc, vcc, s[0:1]
0x1594: s_and_saveexec_b64 s[2:3], vcc
0x1598: s_cbranch_execz 0x4
0x159c: v_mov_b32 v2, 0
0x15a0: v_mov_b32 v3, s4
0x15a4: unknown 
0x15ac: s_waitcnt 0xf0f
0x15b0: s_mov_b64 exec, s[2:3]
0x15b4: v_cmp_eq_u32 15, v0
0x15b8: v_cndmask_b32 v0, 0, 1, vcc
0x15c0: v_and_b32 v0, v0, v1
0x15c4: v_cmp_lg_u32 0, v0
0x15c8: s_bcnt1_i32_b64 s4, vcc
0x15cc: s_cselect_b64 vcc, s[2:3], 0
0x15d0: s_and_b64 vcc, vcc, s[0:1]
0x15d4: s_and_saveexec_b64 vcc, vcc
0x15d8: s_cbranch_execz 0x4
0x15dc: v_mov_b32 v0, 0
0x15e0: v_mov_b32 v1, s4
0x15e4: unknown 
0x15ec: s_endpgm 0x0