0x0000: s_mov_b32 vcc_hi, 0x202
0x0008: v_cvt_f32_u32 v8, s6
0x000c: s_lshl_b32 vcc_lo, s5, 3
0x0010: v_sad_u32 v5, vcc_lo, 0, v1
0x0018: s_lshl_b32 vcc_lo, s4, 3
0x001c: v_cvt_f32_u32 v6, v5
0x0020: v_add_co_u32 v4, vcc_lo, v0
0x0024: v_max_f32 v7, v6, v8
0x0028: v_cvt_f32_u32 v2, v4
0x002c: v_min_f32 v0, v2, v7
0x0030: v_min3_f32 v3, v0, v6, v8
0x0038: v_mul_f32 v1, 0x3d042108, v2
0x0040: v_mul_f32 v10, 0xbd042108, v3
0x0048: v_max3_f32 v11, v2, v6, v8
0x0050: v_mul_f32 v9, 0x3d042108, v6
0x0058: v_mul_f32 v2, 0x3d042108, v8
0x0060: v_mul_f32 v3, v1, v1, s0, mul:2
0x0068: v_madmk_f32 v11, v11, v10
0x0070: v_cmp_lt_f32 v9, v2
0x0074: v_mul_f32 v7, 0x3d042108, v7
0x007c: v_min_f32 v10, v6, v8
0x0080: v_mul_f32 v8, 0x3e59b3d0, v3
0x0088: v_mul_f32 v6, v9, v9, s0, mul:2
0x0090: v_cvt_f32_i32 v9, 6
0x0094: v_mov_b32 v12, 0xbeaaaaab
0x009c: v_mov_b32 v13, 0x3f2aaaaa
0x00a4: v_madak_f32 v11, v9, v11
0x00ac: v_cndmask_b32 v9, 0, -1.f, vcc
0x00b4: v_cndmask_b32 v12, v12, v13
0x00b8: v_cmp_lt_f32 v1, v7
0x00bc: v_mul_f32 v1, 0xbd042108, v10
0x00c4: v_madmk_f32 v8, v6, v8
0x00cc: v_mul_f32 v7, v2, v2, s0, mul:2
0x00d4: v_rcp_f32 v2, v11
0x00d8: v_cndmask_b32 v9, v9, v12
0x00dc: v_madmk_f32 v0, v0, v1
0x00e4: v_madmk_f32 v1, v7, v8
0x00ec: s_load_dword s7, s[0:1], 0x9
0x00f0: v_mad_f32 v0, v2, v0, v9
0x00f8: v_mul_f32 v1, 0x3dcccccd, v1
0x0100: s_mov_b32 s12, 0
0x0104: v_mov_b32 v11, 0
0x0108: v_mov_b32 v9, 0
0x010c: v_mov_b32 v8, 0
0x0110: v_mov_b32 v10, 0
0x0114: v_mov_b32 v12, 0
0x0118: v_mov_b32 v13, 0
0x011c: v_mov_b32 v14, 0
0x0120: v_mov_b32 v15, 0
0x0124: s_waitcnt 0x7f
0x0128: unknown_1 s10, 0x70c
0x012c: s_cbranch_scc0 0x1a9
0x0130: v_mov_b32 v2, 0xbeaaaa3b
0x0138: s_load_dword s4, s[0:1], 0x8
0x013c: s_mov_b32 vcc_lo, 0x3f13cd36
0x0144: s_waitcnt 0x7f
0x0148: s_add_i32 vcc_hi, s4, s12
0x014c: s_mul_i32 s4, vcc_hi, 0x54
0x0154: s_add_i32 s5, s4, 28
0x0158: s_load_dword s5, s[2:3], 0x5
0x015c: s_add_i32 s8, s4, 32
0x0160: s_load_dword s8, s[2:3], 0x8
0x0164: s_waitcnt 0x7f
0x0168: v_mov_b32 v16, s5
0x016c: v_madak_f32 v17, v2, v16
0x0174: s_add_i32 s10, s4, 36
0x0178: v_mov_b32 v18, s8
0x017c: v_mad_f32 v2, vcc_lo, -v18, v17
0x0184: v_add_f32 v16, s5, v17
0x0188: v_madmk_f32 v19, v18, v17
0x0190: s_add_i32 s9, 8, s10
0x0194: s_add_i32 s23, s4, 48
0x0198: v_mul_f32 v18, v3, v2
0x019c: v_mul_f32 v17, v3, v19
0x01a0: s_load_dword s13, s[2:3], 0x9
0x01a4: s_add_i32 s9, 8, s23
0x01a8: s_add_i32 s24, s4, 60
0x01ac: s_add_i32 s15, 8, s24
0x01b0: s_add_i32 s11, s4, 4
0x01b4: s_load_dword s16, s[2:3], 0xb
0x01b8: s_add_i32 s17, s4, 8
0x01bc: s_add_i32 s18, s4, 12
0x01c0: s_add_i32 s19, s4, 16
0x01c4: s_add_i32 s20, s4, 20
0x01c8: s_add_i32 s22, s4, 24
0x01cc: s_waitcnt 0x7f
0x01d0: s_and_b32 vcc_lo, s16, 0x7f
0x01d8: s_load_dwordx2 s[10:11], s[2:3], 0xa
0x01dc: s_load_dword s14, s[2:3], 0x9
0x01e0: s_load_dwordx2 s[26:27], s[2:3], 0x17
0x01e4: s_load_dword s15, s[2:3], 0xf
0x01e8: s_load_dwordx2 s[28:29], s[2:3], 0x18
0x01ec: s_load_dword s17, s[2:3], 0x11
0x01f0: s_load_dword s18, s[2:3], 0x12
0x01f4: s_load_dword s19, s[2:3], 0x13
0x01f8: s_load_dword s20, s[2:3], 0x14
0x01fc: s_load_dword s22, s[2:3], 0x16
0x0200: s_load_dword s21, s[2:3], 0x4
0x0204: unknown_1 s7, 0x6a81
0x0208: v_mac_f32 v18, v16, v6
0x020c: v_mac_f32 v17, v2, v6
0x0210: v_mac_f32 v18, v19, v7
0x0214: v_mac_f32 v17, v16, v7
0x0218: v_mul_f32 v16, v3, v16
0x021c: v_mac_f32 v16, v19, v6
0x0220: v_mac_f32 v16, v2, v7
0x0224: s_cbranch_scc0 0x5f
0x0228: s_waitcnt 0x7f
0x022c: v_mov_b32 v21, s20
0x0230: v_madak_f32 v20, v16, v21
0x0238: v_madak_f32 v2, v18, v21
0x0240: v_mul_f32 v16, 0x3e59b3d0, v16
0x0248: v_mov_b32 v19, s22
0x024c: v_madak_f32 v2, v19, v2
0x0254: v_madmk_f32 v16, v18, v16
0x025c: v_madak_f32 v18, v19, v20
0x0264: v_max_f32 v2, 0, v2
0x0268: v_madmk_f32 v20, v17, v16
0x0270: v_madak_f32 v17, v17, v21
0x0278: v_madak_f32 v17, v19, v17
0x0280: v_max_f32 v16, 0, v18
0x0284: v_max_f32 v18, 0, v17
0x0288: v_min3_f32 v19, v18, v16, v2
0x0290: v_sqrt_f32 v20, v20
0x0294: s_mov_b32 vcc_lo, 0xbeaaaaab
0x029c: v_max3_f32 v17, v18, v16, v2
0x02a4: v_mad_f32 v21, 2.f, v20, -1.f, clamp
0x02ac: s_mov_b32 vcc_hi, 0x402aaaab
0x02b4: v_sub_f32 v17, v19, v17
0x02b8: v_add_f32 v19, -1.f, s19, s0, clamp
0x02c0: v_add_f32 v17, 1.f, v17
0x02c4: v_max_f32 v17, 0, v17
0x02c8: v_max_f32 v23, 0, s19, s0, clamp
0x02d0: v_mac_f32 v23, v17, v19
0x02d4: v_mov_b32 v19, vcc_lo
0x02d8: v_mac_f32 v19, vcc_hi, v20, s0, clamp
0x02e0: v_madak_f32 v22, -2.f, v19
0x02e8: v_mul_f32 v17, v21, v21, -s0
0x02f0: v_madak_f32 v21, -2.f, v21
0x02f8: v_cmp_gt_f32 0.5.f, v20
0x02fc: v_mov_b32 v20, s28
0x0300: v_mad_f32 v17, v17, v21, 1.f
0x0308: v_mul_f32 v21, v19, v19
0x030c: v_mul_f32 v21, v21, v22
0x0310: v_mul_f32 v17, v21, v17
0x0314: v_mov_b32 v21, s10
0x0318: v_cndmask_b32 v19, v20, v21
0x031c: v_mul_f32 v20, 0x3e59b3d0, v16
0x0324: v_madmk_f32 v20, v2, v20
0x032c: v_sub_f32 v21, s26, v19
0x0330: v_madmk_f32 v20, v18, v20
0x0338: v_mac_f32 v19, v21, v17
0x033c: v_sub_f32 v22, v16, v20
0x0340: v_sub_f32 v2, v2, v20
0x0344: v_sub_f32 v16, v18, v20
0x0348: v_mad_f32 v18, v23, v22, v20
0x0350: v_mad_f32 v2, v23, v2, v20
0x0358: v_mul_f32 v21, v18, v19
0x035c: v_mov_b32 v19, s29
0x0360: v_mad_f32 v18, v23, v16, v20
0x0368: v_mov_b32 v20, s11
0x036c: v_cndmask_b32 v19, v19, v20
0x0370: v_sub_f32 v20, s27, v19
0x0374: v_mac_f32 v19, v20, v17
0x0378: v_mov_b32 v20, s13
0x037c: v_mul_f32 v2, v2, v19
0x0380: v_mov_b32 v19, s15
0x0384: v_cndmask_b32 v19, v19, v20
0x0388: v_sub_f32 v20, s14, v19
0x038c: v_mac_f32 v19, v20, v17
0x0390: v_mul_f32 v17, v18, v19
0x0394: v_max_f32 v16, 0, v21
0x0398: v_max_f32 v2, 0, v2
0x039c: v_max_f32 v18, 0, v17
0x03a0: s_branch 0xde
0x03a4: v_log_f32 v2, v17, s0, abs(s0)
0x03ac: v_log_f32 v16, v16, s0, abs(s0)
0x03b4: v_mul_f32 v2, 0x400ccccd, v2
0x03bc: v_mul_f32 v17, 0x400ccccd, v16
0x03c4: v_exp_f32 v17, v17
0x03c8: s_mul_i32 vcc_lo, vcc_hi, 0x54
0x03d0: s_add_i32 s23, vcc_lo, 0x48
0x03d8: v_exp_f32 v16, v2
0x03dc: v_log_f32 v2, v18, s0, abs(s0)
0x03e4: v_mul_f32 v2, 0x400ccccd, v2
0x03ec: v_exp_f32 v18, v2
0x03f0: v_mul_f32 v2, 0x3e59b3d0, v17
0x03f8: v_madmk_f32 v2, v18, v2
0x0400: s_load_dword s23, s[2:3], 0x17
0x0404: s_add_i32 s24, vcc_lo, 0x50
0x040c: v_madmk_f32 v2, v16, v2
0x0414: s_load_dword s24, s[2:3], 0x18
0x0418: v_add_f32 v2, 0x3a83126f, v2
0x0420: s_add_i32 s25, vcc_lo, 0x4c
0x0428: s_waitcnt 0x7f
0x042c: v_mov_b32 v20, s23
0x0430: v_subrev_f32 v19, s23, v2
0x0434: v_sub_f32 v20, s24, v20
0x0438: s_load_dword s25, s[2:3], 0x19
0x043c: v_max_f32 v19, 0, v19
0x0440: v_rcp_f32 v20, v20
0x0444: v_mul_f32 v19, v20, v19
0x0448: s_waitcnt 0x7f
0x044c: v_cmp_lt_f32 v106, s25, 0.5.f, s0
0x0454: v_min_f32 v19, 1.f, v19
0x0458: s_cbranch_vccz 0x6
0x045c: v_log_f32 v19, v19, s0, abs(s0)
0x0464: v_mul_f32 v19, s25, v19, s0, mul:2
0x046c: v_exp_f32 v19, v19
0x0470: s_branch 0x8
0x0474: v_fma_f32 v20, s25, -2.f, 1.f
0x047c: v_add_f32 v20, 1.f, v20
0x0480: v_rcp_f32 v20, v20
0x0484: v_log_f32 v19, v19, s0, abs(s0)
0x048c: v_mul_f32 v19, v19, v20
0x0490: v_exp_f32 v19, v19
0x0494: v_rcp_f32 v20, s20
0x0498: v_add_f32 v20, -2.f, v20
0x049c: v_sub_f32 v21, 1.f, v19
0x04a0: v_mad_f32 v20, v21, v20, 1.f
0x04a8: v_rcp_f32 v20, v20
0x04ac: v_mul_f32 v19, v19, v20
0x04b0: v_rcp_f32 v20, s22
0x04b4: v_mad_f32 v22, -2.f, v19, 1.f
0x04bc: v_add_f32 v20, -2.f, v20
0x04c0: v_mad_f32 v21, v22, v20, 1.f
0x04c8: v_cmp_nlt_f32 v106, v19, 0.5.f, s0
0x04d0: v_rcp_f32 v21, v21
0x04d4: v_mul_f32 v21, v21, v19
0x04d8: v_mul_f32 v20, v22, v20
0x04dc: s_and_saveexec_b64 vcc, vcc
0x04e0: s_cbranch_execz 0x4
0x04e4: v_sub_f32 v19, v20, v19
0x04e8: v_add_f32 v20, -1.f, v20
0x04ec: v_rcp_f32 v20, v20
0x04f0: v_mul_f32 v21, v20, v19
0x04f4: s_mov_b64 exec, vcc
0x04f8: v_rcp_f32 v2, v2
0x04fc: v_mul_f32 v22, v21, v2
0x0500: v_mul_f32 v19, v17, v22
0x0504: v_mul_f32 v20, v18, v22
0x0508: v_mul_f32 v21, v16, v22
0x050c: v_mul_f32 v2, 0x3e59b3d0, v19
0x0514: v_madmk_f32 v2, v20, v2
0x051c: v_madmk_f32 v2, v21, v2
0x0524: v_add_f32 v2, 0x3a83126f, v2
0x052c: v_mad_f32 v17, -v17, v22, v2
0x0534: v_mad_f32 v18, -v18, v22, v2
0x053c: v_mad_f32 v16, -v16, v22, v2
0x0544: v_max3_f32 v22, v21, v19, v20
0x054c: v_min3_f32 v19, v21, v19, v20
0x0554: v_add_f32 v20, 0x3a83126f, v22
0x055c: v_sub_f32 v19, v19, v20
0x0560: v_rcp_f32 v20, v20
0x0564: v_mad_f32 v19, v20, v19, 1.f
0x056c: v_mul_f32 v20, 2.f, s19, s0
0x0574: v_mul_f32 v19, v19, v19
0x0578: v_max_f32 v20, 0, v20
0x057c: v_min_f32 v21, 0, s19, s0
0x0584: v_mac_f32 v21, v20, v19
0x0588: v_add_f32 v19, 1.f, v21
0x058c: v_mov_b32 v20, s10
0x0590: v_sub_f32 v20, s28, v20
0x0594: v_rcp_f32 v20, v20
0x0598: v_cmp_lt_f32 v106, s26, 0.5.f, s0
0x05a0: v_mad_f32 v17, v19, v17, v2
0x05a8: v_mad_f32 v18, v19, v18, v2
0x05b0: v_mad_f32 v16, v19, v16, v2
0x05b8: v_subrev_f32 v19, s10, v2
0x05bc: v_max_f32 v19, 0, v19
0x05c0: v_mul_f32 v19, v20, v19
0x05c4: v_min_f32 v19, 1.f, v19
0x05c8: s_cbranch_vccz 0x6
0x05cc: v_log_f32 v19, v19, s0, abs(s0)
0x05d4: v_mul_f32 v19, s26, v19, s0, mul:2
0x05dc: v_exp_f32 v20, v19
0x05e0: s_branch 0x8
0x05e4: v_fma_f32 v20, s26, -2.f, 1.f
0x05ec: v_add_f32 v20, 1.f, v20
0x05f0: v_rcp_f32 v20, v20
0x05f4: v_log_f32 v19, v19, s0, abs(s0)
0x05fc: v_mul_f32 v19, v19, v20
0x0600: v_exp_f32 v20, v19
0x0604: v_mov_b32 v21, s11
0x0608: v_subrev_f32 v19, s11, v2
0x060c: v_sub_f32 v21, s29, v21
0x0610: v_max_f32 v19, 0, v19
0x0614: v_rcp_f32 v21, v21
0x0618: v_mul_f32 v19, v21, v19
0x061c: v_cmp_lt_f32 v106, s27, 0.5.f, s0
0x0624: v_min_f32 v21, 1.f, v19
0x0628: v_rcp_f32 v19, v2
0x062c: v_mul_f32 v20, v20, v19
0x0630: v_mul_f32 v17, v20, v17
0x0634: s_cbranch_vccz 0x6
0x0638: v_log_f32 v20, v21, s0, abs(s0)
0x0640: v_mul_f32 v20, s27, v20, s0, mul:2
0x0648: v_exp_f32 v21, v20
0x064c: s_branch 0x8
0x0650: v_log_f32 v20, v21, s0, abs(s0)
0x0658: v_fma_f32 v21, s27, -2.f, 1.f
0x0660: v_add_f32 v21, 1.f, v21
0x0664: v_rcp_f32 v21, v21
0x0668: v_mul_f32 v20, v20, v21
0x066c: v_exp_f32 v21, v20
0x0670: v_subrev_f32 v20, s13, v2
0x0674: v_mul_f32 v2, v21, v19
0x0678: v_cmp_lt_f32 v106, s14, 0.5.f, s0
0x0680: v_mul_f32 v2, v2, v18
0x0684: v_max_f32 v18, 0, v20
0x0688: v_mov_b32 v20, s13
0x068c: v_sub_f32 v20, s15, v20
0x0690: v_rcp_f32 v20, v20
0x0694: v_mul_f32 v18, v20, v18
0x0698: v_min_f32 v18, 1.f, v18
0x069c: s_cbranch_vccz 0x6
0x06a0: v_log_f32 v18, v18, s0, abs(s0)
0x06a8: v_mul_f32 v18, s14, v18, s0, mul:2
0x06b0: v_exp_f32 v18, v18
0x06b4: s_branch 0x8
0x06b8: v_fma_f32 v20, s14, -2.f, 1.f
0x06c0: v_add_f32 v20, 1.f, v20
0x06c4: v_rcp_f32 v20, v20
0x06c8: v_log_f32 v18, v18, s0, abs(s0)
0x06d0: v_mul_f32 v18, v18, v20
0x06d4: v_exp_f32 v18, v18
0x06d8: v_mul_f32 v18, v18, v19
0x06dc: v_mul_f32 v16, v18, v16
0x06e0: v_max_f32 v16, 0, v16
0x06e4: v_log_f32 v16, v16
0x06e8: v_mul_f32 v16, 0x3ee8ba2e, v16
0x06f0: v_max_f32 v2, 0, v2
0x06f4: v_log_f32 v2, v2
0x06f8: v_mul_f32 v2, 0x3ee8ba2e, v2
0x0700: v_exp_f32 v18, v16
0x0704: v_max_f32 v16, 0, v17
0x0708: v_log_f32 v16, v16
0x070c: v_mul_f32 v16, 0x3ee8ba2e, v16
0x0714: v_exp_f32 v16, v16
0x0718: v_exp_f32 v2, v2
0x071c: v_add_f32 v17, s17, -abs(v0), s0
0x0724: v_cmp_lt_f32 0.5.f, v17
0x0728: s_and_saveexec_b64 s[4:5], vcc
0x072c: v_add_f32 v17, -1.f, v17
0x0730: s_mov_b64 exec, s[4:5]
0x0734: v_cmpx_gt_f32 -0.5.f, v17
0x0738: v_add_f32 v17, 1.f, v17
0x073c: s_mov_b64 exec, s[4:5]
0x0740: v_mul_f32 v17, v17, v17
0x0744: v_mul_f32 v17, s18, v17
0x0748: v_mul_f32 v17, 0xc3000000, v17
0x0750: v_exp_f32 v17, v17
0x0754: s_mov_b32 vcc_lo, 0x41200000
0x075c: v_mov_b32 v19, s18
0x0760: v_mul_f32 v20, s21, v17
0x0764: v_mul_f32 v19, vcc_lo, v19, s0, clamp
0x076c: unknown_1 s13, 0x8710
0x0770: v_mul_f32 v20, v20, v19
0x0774: v_mad_f32 v19, s21, -v19, s21
0x077c: s_cbranch_scc0 0xb
0x0780: v_sub_f32 v16, v16, v1
0x0784: v_sub_f32 v2, v2, v1
0x0788: v_sub_f32 v18, v18, v1
0x078c: v_mad_f32 v16, v17, v16, v1
0x0794: v_mad_f32 v2, v17, v2, v1
0x079c: v_mad_f32 v18, v17, v18, v1
0x07a4: v_mov_b32 v20, 0x42c80000
0x07ac: v_add_f32 v10, v20, v10
0x07b0: s_add_i32 s12, s12, 1
0x07b4: v_add_f32 v15, v15, v19
0x07b8: v_mac_f32 v14, v19, v18
0x07bc: v_mac_f32 v8, v18, v20
0x07c0: v_mac_f32 v13, v19, v2
0x07c4: v_mac_f32 v9, v2, v20
0x07c8: v_mac_f32 v12, v19, v16
0x07cc: v_mac_f32 v11, v16, v20
0x07d0: s_branch -0x1ac
0x07d4: v_rcp_f32 v2, v15
0x07d8: v_cmp_gt_f32 1.f, v15
0x07dc: v_mul_f32 v0, v2, v12
0x07e0: v_mul_f32 v1, v2, v13
0x07e4: v_mul_f32 v2, v2, v14
0x07e8: s_cbranch_vccz 0x7
0x07ec: v_sub_f32 v2, 1.f, v15
0x07f0: v_mad_f32 v0, v3, v2, v12
0x07f8: v_mad_f32 v1, v6, v2, v13
0x0800: v_mad_f32 v2, v7, v2, v14
0x0808: v_cmp_lt_f32 0, v10
0x080c: s_and_saveexec_b64 vcc, vcc
0x0810: s_cbranch_execz 0xc
0x0814: v_rcp_f32 v3, v10
0x0818: v_mad_f32 v6, -v3, v11, v0
0x0820: v_max_f32 v7, 0, v10, s0, clamp
0x0828: v_mad_f32 v9, -v3, v9, v1
0x0830: v_mad_f32 v3, -v3, v8, v2
0x0838: v_mac_f32 v0, v6, v7
0x083c: v_mac_f32 v1, v9, v7
0x0840: v_mac_f32 v2, v3, v7
0x0844: s_mov_b64 exec, vcc
0x0848: s_load_dwordx8 s[8:15], s[0:1], 0x0
0x084c: v_mov_b32 v6, s6
0x0850: v_mov_b32 v3, 1.f
0x0854: s_waitcnt 0x7f
0x0858: image_store v[0:3], v[4:5], s[8:15], s[0:3], dmask(rgba)
0x0860: s_endpgm 0x0