0x0000: s_mov_b32 vcc_hi, 0x1e2
0x0008: s_load_dwordx2 s[2:3], s[0:1], 0x4
0x000c: s_movk_i32 s9, 0x204
0x0010: s_mov_b32 s8, 0x350637bd
0x0018: s_waitcnt 0x7f
0x001c: s_load_dwordx4 s[20:23], s[2:3], 0x4
0x0020: s_waitcnt 0x7f
0x0024: v_mul_f32 v0, s20, s20, s0
0x002c: v_mad_f32 v0, s21, s21, v0
0x0034: v_mad_f32 v0, s22, s22, v0
0x003c: v_mad_f32 v0, s23, s23, v0
0x0044: v_cmp_class_f32 v106, v0, s9, s0
0x004c: v_cmp_eq_f32 v4, 0, v0, s0
0x0054: v_add_f32 v1, -1.f, v0
0x0058: v_cmp_le_f32 v6, v1, s8, abs(s0)
0x0060: v_cndmask_b32 v1, 0, 1, vcc
0x0068: s_and_b64 vcc, exec, vcc
0x006c: s_or_b64 vcc, s[4:5], vcc
0x0070: s_or_b64 vcc, s[6:7], vcc
0x0074: s_cbranch_vccz 0x11
0x0078: v_cmp_eq_f32 v4, 0, v0, s0
0x0080: v_cmp_lg_u32 0, v1
0x0084: v_mov_b32 v3, s20
0x0088: v_mov_b32 v2, s21
0x008c: v_mov_b32 v1, s22
0x0090: v_mov_b32 v0, s23
0x0094: s_or_b64 vcc, s[4:5], vcc
0x0098: v_cndmask_b32 v4, v3, 0, -vcc
0x00a0: v_cndmask_b32 v5, v2, 0, -vcc
0x00a8: v_cndmask_b32 v6, v1, 0, -vcc
0x00b0: v_cndmask_b32 v7, v0, 1.f, vcc
0x00b8: s_branch 0x8
0x00bc: v_rsq_f32 v0, v0
0x00c0: v_mul_f32 v4, s20, v0, -s0
0x00c8: v_mul_f32 v5, s21, v0, -s0
0x00d0: v_mul_f32 v6, s22, v0, -s0
0x00d8: v_mul_f32 v7, s23, v0
0x00dc: s_load_dwordx4 s[4:7], s[0:1], 0x18
0x00e0: s_waitcnt 0x7f
0x00e4: v_mul_f32 v0, s6, v5
0x00e8: v_mul_f32 v1, s4, v6
0x00ec: v_mac_f32 v0, s5, -v6, s0
0x00f4: v_mul_f32 v8, s5, v4
0x00f8: v_mac_f32 v0, s7, v4
0x00fc: v_mac_f32 v1, s6, -v4, s0
0x0104: v_mul_f32 v3, s4, v4
0x0108: v_mac_f32 v0, s4, v7
0x010c: v_mac_f32 v1, s7, v5
0x0110: v_mac_f32 v8, s4, -v5, s0
0x0118: v_mul_f32 v9, v0, v0
0x011c: v_mad_f32 v2, s7, v6, v8
0x0124: v_mac_f32 v1, s5, v7
0x0128: v_mac_f32 v3, s5, v5
0x012c: v_mac_f32 v9, v1, v1
0x0130: v_mac_f32 v2, s6, v7
0x0134: v_mac_f32 v3, s6, v6
0x0138: v_mad_f32 v3, -s7, v7, v3
0x0140: v_mac_f32 v9, v2, v2
0x0144: v_mad_f32 v8, v3, v3, v9
0x014c: v_cmp_class_f32 v106, v8, s9, s0
0x0154: v_cmp_eq_f32 v4, 0, v8, s0
0x015c: v_add_f32 v9, -1.f, v8
0x0160: v_cmp_le_f32 v6, v9, s8, abs(s0)
0x0168: v_cndmask_b32 v9, 0, 1, vcc
0x0170: s_and_b64 vcc, exec, vcc
0x0174: s_or_b64 vcc, s[4:5], vcc
0x0178: s_or_b64 vcc, s[6:7], vcc
0x017c: s_cbranch_vccz 0xd
0x0180: v_cmp_eq_f32 v4, 0, v8, s0
0x0188: v_cmp_lg_u32 0, v9
0x018c: s_or_b64 vcc, s[4:5], vcc
0x0190: v_cndmask_b32 v0, v0, 0, vcc
0x0198: v_cndmask_b32 v1, v1, 0, vcc
0x01a0: v_cndmask_b32 v2, v2, 0, vcc
0x01a8: v_cndmask_b32 v3, v3, 1.f, vcc
0x01b0: s_branch 0x5
0x01b4: v_rsq_f32 v8, v8
0x01b8: v_mul_f32 v0, v8, v0
0x01bc: v_mul_f32 v1, v8, v1
0x01c0: v_mul_f32 v2, v8, v2
0x01c4: v_mul_f32 v3, v8, v3
0x01c8: v_mul_f32 v8, v0, v0
0x01cc: v_mac_f32 v8, v1, v1
0x01d0: v_mac_f32 v8, v2, v2
0x01d4: v_mac_f32 v8, v3, v3
0x01d8: v_cmp_class_f32 v106, v8, s9, s0
0x01e0: v_cmp_eq_f32 v4, 0, v8, s0
0x01e8: v_add_f32 v9, -1.f, v8
0x01ec: v_cmp_le_f32 v6, v9, s8, abs(s0)
0x01f4: v_cndmask_b32 v9, 0, 1, vcc
0x01fc: s_and_b64 vcc, exec, vcc
0x0200: s_or_b64 vcc, s[4:5], vcc
0x0204: s_or_b64 vcc, s[6:7], vcc
0x0208: s_cbranch_vccz 0xd
0x020c: v_cmp_eq_f32 v4, 0, v8, s0
0x0214: v_cmp_lg_u32 0, v9
0x0218: s_or_b64 vcc, s[4:5], vcc
0x021c: v_cndmask_b32 v0, v0, 0, vcc
0x0224: v_cndmask_b32 v1, v1, 0, vcc
0x022c: v_cndmask_b32 v2, v2, 0, vcc
0x0234: v_cndmask_b32 v3, v3, 1.f, vcc
0x023c: s_branch 0x5
0x0240: v_rsq_f32 v8, v8
0x0244: v_mul_f32 v0, v8, v0
0x0248: v_mul_f32 v1, v8, v1
0x024c: v_mul_f32 v2, v8, v2
0x0250: v_mul_f32 v3, v8, v3
0x0254: v_mul_f32 v8, v0, v0
0x0258: v_mac_f32 v8, v1, v1
0x025c: v_mac_f32 v8, v2, v2
0x0260: v_mac_f32 v8, v3, v3
0x0264: v_cmp_class_f32 v106, v8, s9, s0
0x026c: v_cmp_eq_f32 v4, 0, v8, s0
0x0274: v_add_f32 v9, -1.f, v8
0x0278: v_cmp_le_f32 v6, v9, s8, abs(s0)
0x0280: v_cndmask_b32 v9, 0, 1, vcc
0x0288: s_and_b64 vcc, exec, vcc
0x028c: s_or_b64 vcc, s[4:5], vcc
0x0290: s_or_b64 vcc, s[6:7], vcc
0x0294: s_cbranch_vccz 0xd
0x0298: v_cmp_eq_f32 v4, 0, v8, s0
0x02a0: v_cmp_lg_u32 0, v9
0x02a4: s_or_b64 vcc, s[4:5], vcc
0x02a8: v_cndmask_b32 v8, v0, 0, -vcc
0x02b0: v_cndmask_b32 v9, v1, 0, -vcc
0x02b8: v_cndmask_b32 v10, v2, 0, -vcc
0x02c0: v_cndmask_b32 v11, v3, 1.f, vcc
0x02c8: s_branch 0x8
0x02cc: v_rsq_f32 v11, v8
0x02d0: v_mul_f32 v8, v11, -v0, s0
0x02d8: v_mul_f32 v9, v11, -v1, s0
0x02e0: v_mul_f32 v10, v11, -v2, s0
0x02e8: v_mul_f32 v11, v11, v3
0x02ec: s_load_dwordx2 s[32:33], s[0:1], 0x6
0x02f0: s_waitcnt 0x7f
0x02f4: s_load_dwordx4 s[24:27], s[32:33], 0xff
0x02fc: s_waitcnt 0x7f
0x0300: v_mul_f32 v12, s25, v10
0x0304: v_mul_f32 v13, s26, v8
0x0308: v_mac_f32 v12, s26, v9, -s0
0x0310: v_mul_f32 v16, s24, v9
0x0314: v_mac_f32 v12, s24, v11
0x0318: v_mac_f32 v13, s24, v10, -s0
0x0320: v_mul_f32 v15, s24, v8
0x0324: v_mac_f32 v12, s27, v8
0x0328: v_mac_f32 v13, s25, v11
0x032c: v_mac_f32 v16, s25, v8, -s0
0x0334: v_mul_f32 v17, v12, v12
0x0338: v_mad_f32 v14, s26, v11, v16
0x0340: v_mac_f32 v13, s27, v9
0x0344: v_mac_f32 v15, s25, v9
0x0348: v_mac_f32 v17, v13, v13
0x034c: v_mac_f32 v14, s27, v10
0x0350: v_mac_f32 v15, s26, v10
0x0354: v_mad_f32 v15, -s27, v11, v15
0x035c: v_mac_f32 v17, v14, v14
0x0360: v_mad_f32 v16, v15, v15, v17
0x0368: v_cmp_class_f32 v106, v16, s9, s0
0x0370: v_cmp_eq_f32 v4, 0, v16, s0
0x0378: v_add_f32 v17, -1.f, v16
0x037c: v_cmp_le_f32 v6, v17, s8, abs(s0)
0x0384: v_cndmask_b32 v17, 0, 1, vcc
0x038c: s_and_b64 vcc, exec, vcc
0x0390: s_or_b64 vcc, s[4:5], vcc
0x0394: s_or_b64 vcc, s[6:7], vcc
0x0398: s_cbranch_vccz 0xd
0x039c: v_cmp_eq_f32 v4, 0, v16, s0
0x03a4: v_cmp_lg_u32 0, v17
0x03a8: s_or_b64 vcc, s[4:5], vcc
0x03ac: v_cndmask_b32 v12, v12, 0, vcc
0x03b4: v_cndmask_b32 v13, v13, 0, vcc
0x03bc: v_cndmask_b32 v14, v14, 0, vcc
0x03c4: v_cndmask_b32 v15, v15, 1.f, vcc
0x03cc: s_branch 0x5
0x03d0: v_rsq_f32 v16, v16
0x03d4: v_mul_f32 v12, v16, v12
0x03d8: v_mul_f32 v13, v16, v13
0x03dc: v_mul_f32 v14, v16, v14
0x03e0: v_mul_f32 v15, v16, v15
0x03e4: v_mul_f32 v16, v12, v12
0x03e8: v_mac_f32 v16, v13, v13
0x03ec: v_mac_f32 v16, v14, v14
0x03f0: v_mac_f32 v16, v15, v15
0x03f4: v_cmp_class_f32 v106, v16, s9, s0
0x03fc: v_cmp_eq_f32 v4, 0, v16, s0
0x0404: v_add_f32 v17, -1.f, v16
0x0408: v_cmp_le_f32 v6, v17, s8, abs(s0)
0x0410: v_cndmask_b32 v17, 0, 1, vcc
0x0418: s_and_b64 vcc, exec, vcc
0x041c: s_or_b64 vcc, s[4:5], vcc
0x0420: s_or_b64 vcc, s[6:7], vcc
0x0424: s_cbranch_vccz 0xd
0x0428: v_cmp_eq_f32 v4, 0, v16, s0
0x0430: v_cmp_lg_u32 0, v17
0x0434: s_or_b64 vcc, s[4:5], vcc
0x0438: v_cndmask_b32 v12, v12, 0, vcc
0x0440: v_cndmask_b32 v13, v13, 0, vcc
0x0448: v_cndmask_b32 v14, v14, 0, vcc
0x0450: v_cndmask_b32 v15, v15, 1.f, vcc
0x0458: s_branch 0x5
0x045c: v_rsq_f32 v16, v16
0x0460: v_mul_f32 v12, v16, v12
0x0464: v_mul_f32 v13, v16, v13
0x0468: v_mul_f32 v14, v16, v14
0x046c: v_mul_f32 v15, v16, v15
0x0470: v_mov_b32 v32, 0x3a83126f
0x0478: s_load_dwordx4 s[28:31], s[2:3], 0x0
0x047c: s_load_dwordx16 s[4:19], s[0:1], 0x8
0x0480: s_load_dwordx4 s[32:35], s[32:33], 0xff
0x0488: v_mov_b32 v57, 0x3a83126f
0x0490: v_mul_f32 v34, v1, v1, -s0
0x0498: v_mac_f32 v34, v0, v0, -s0
0x04a0: s_load_dwordx4 s[0:3], s[0:1], 0x0
0x04a4: v_mad_f32 v34, -2.f, v34, -1.f
0x04ac: s_waitcnt 0x7f
0x04b0: v_rcp_f32 v22, s31
0x04b4: v_mul_f32 v16, s29, v22, -s0
0x04bc: v_mul_f32 v17, s28, v22, -s0
0x04c4: v_rcp_f32 v18, s19
0x04c8: v_mul_f32 v19, s30, v22, -s0
0x04d0: v_mul_f32 v20, s22, v17, -s0
0x04d8: v_mad_f32 v23, s20, v19, v20
0x04e0: v_mul_f32 v20, s21, v19, -s0
0x04e8: v_mac_f32 v20, s22, v16
0x04ec: v_mac_f32 v20, s23, v17
0x04f0: v_mac_f32 v23, s23, v16
0x04f4: v_mul_f32 v21, s21, v20, -s0
0x04fc: v_mac_f32 v21, s20, v23
0x0500: v_mad_f32 v21, -2.f, v21, v19
0x0508: v_mul_f32 v26, s31, v18
0x050c: v_mul_f32 v18, s20, v16, -s0
0x0514: v_mac_f32 v18, s21, v17
0x0518: v_mac_f32 v18, s23, v19
0x051c: v_mul_f32 v19, s22, v23, -s0
0x0524: v_mac_f32 v19, s21, v18
0x0528: v_mad_f32 v19, -2.f, v19, v17
0x0530: v_mul_f32 v17, s20, v18, -s0
0x0538: v_mac_f32 v17, s22, v20
0x053c: v_mad_f32 v20, -2.f, v17, v16
0x0544: v_mul_f32 v17, s16, v6
0x0548: v_mad_f32 v18, s18, -v4, v17
0x0550: v_mul_f32 v17, s18, v5
0x0554: v_mul_f32 v16, s17, v4
0x0558: v_mac_f32 v17, s17, -v6, s0
0x0560: v_mac_f32 v17, s16, v7
0x0564: v_mac_f32 v18, s17, v7
0x0568: v_mac_f32 v16, s16, -v5, s0
0x0570: v_mul_f32 v23, v5, v17
0x0574: v_mul_f32 v24, v6, v18
0x0578: v_mac_f32 v16, s18, v7
0x057c: v_mac_f32 v23, v18, v4, -s0
0x0584: v_mac_f32 v24, v16, v5, -s0
0x058c: v_mad_f32 v23, -2.f, v23, s18
0x0594: v_mad_f32 v18, v22, v23, v21
0x059c: v_mad_f32 v23, -2.f, v24, s16
0x05a4: v_mul_f32 v24, v4, v16
0x05a8: v_mac_f32 v24, v17, v6, -s0
0x05b0: v_mad_f32 v17, -2.f, v24, s17
0x05b8: v_mad_f32 v16, v22, v23, v19
0x05c0: v_mad_f32 v17, v22, v17, v20
0x05c8: v_mul_f32 v23, v16, v26, -s0
0x05d0: v_mul_f32 v25, v18, v26, -s0
0x05d8: v_mul_f32 v24, v17, v26, -s0
0x05e0: v_mul_f32 v28, v2, v23, -s0
0x05e8: v_mul_f32 v27, v0, v24, -s0
0x05f0: v_mad_f32 v29, v0, v25, v28
0x05f8: v_mul_f32 v28, v1, v25, -s0
0x0600: v_mac_f32 v28, v24, v2
0x0604: v_mac_f32 v27, v23, v1
0x0608: v_mac_f32 v28, v23, v3
0x060c: v_mac_f32 v29, v24, v3
0x0610: v_mac_f32 v27, v25, v3
0x0614: v_mul_f32 v30, v1, v28, -s0
0x061c: v_mac_f32 v30, v29, v0
0x0620: v_mul_f32 v29, v2, v29, -s0
0x0628: v_mac_f32 v29, v27, v1
0x062c: v_mul_f32 v27, v0, v27, -s0
0x0634: v_mac_f32 v27, v28, v2
0x0638: v_mac_f32 v24, -2.f, v27
0x063c: v_mac_f32 v23, -2.f, v29
0x0640: v_mul_f32 v27, s26, v23
0x0644: v_mac_f32 v25, -2.f, v30
0x0648: v_mov_b32 v30, s34
0x064c: v_mad_f32 v28, s24, v25, -v27
0x0654: v_mul_f32 v27, s25, v25
0x0658: v_mac_f32 v27, s26, v24, -s0
0x0660: v_mac_f32 v27, s27, v23
0x0664: v_mac_f32 v28, s27, v24
0x0668: v_mul_f32 v29, s25, v27
0x066c: v_mac_f32 v29, s24, -v28, s0
0x0674: v_mul_f32 v28, s26, v28
0x0678: v_mad_f32 v29, -2.f, v29, v25
0x0680: v_mad_f32 v29, s35, v29, v30
0x0688: v_mul_f32 v30, s24, v24
0x068c: v_mac_f32 v30, s25, v23, -s0
0x0694: v_mac_f32 v30, s27, v25
0x0698: v_mac_f32 v28, s25, -v30, s0
0x06a0: v_mul_f32 v30, s24, v30
0x06a4: v_mac_f32 v30, s26, -v27, s0
0x06ac: v_mad_f32 v27, -2.f, v28, v23
0x06b4: v_mad_f32 v28, -2.f, v30, v24
0x06bc: v_mov_b32 v30, s32
0x06c0: v_mad_f32 v27, s35, v27, v30
0x06c8: v_mov_b32 v30, s33
0x06cc: v_mad_f32 v28, s35, v28, v30
0x06d4: v_mul_f32 v30, s35, v26
0x06d8: v_mov_b32 v35, s8
0x06dc: v_sub_f32 v39, s10, v35
0x06e0: v_mov_b32 v45, s13
0x06e4: v_rcp_f32 v39, v39
0x06e8: v_add_f32 v35, s10, v35
0x06ec: v_sub_f32 v45, s15, v45
0x06f0: v_mov_b32 v31, s7
0x06f4: v_mov_b32 v36, s9
0x06f8: v_add_f32 v33, s5, v31
0x06fc: v_sub_f32 v36, s11, v36
0x0700: v_rcp_f32 v45, v45
0x0704: v_mov_b32 v44, s12
0x0708: v_mov_b32 v47, s15
0x070c: v_rcp_f32 v36, v36
0x0710: v_sub_f32 v46, s14, v44
0x0714: v_add_f32 v47, s13, v47
0x0718: v_mov_b32 v38, s11
0x071c: v_add_f32 v38, s9, v38
0x0720: v_rcp_f32 v48, v46
0x0724: v_mul_f32 v47, v45, v47
0x0728: v_mul_f32 v45, 2.f, v45
0x072c: v_mov_b32 v58, v21, s0, -s0
0x0734: v_mul_f32 v38, v36, v38
0x0738: v_mul_f32 v36, 2.f, v36
0x073c: v_add_f32 v44, s14, v44
0x0740: v_mul_f32 v43, 2.f, v22
0x0744: v_mul_f32 v46, v48, v44
0x0748: v_mul_f32 v52, v20, v36
0x074c: v_mul_f32 v54, v20, v45
0x0750: v_mul_f32 v44, v5, v43
0x0754: v_mac_f32 v54, v47, v21
0x0758: buffer_store_dwordx4 v[27:30], v0, s[0:3], offset=0x980, soffset=0x80
0x0760: s_nop 0x0
0x0764: v_mul_f32 v28, v1, v18
0x0768: v_mul_f32 v27, v2, v16
0x076c: v_mac_f32 v28, v17, -v2, s0
0x0774: v_mac_f32 v27, v18, -v0, s0
0x077c: v_mac_f32 v28, v3, -v16, s0
0x0784: v_mul_f32 v41, v1, v28, -s0
0x078c: v_mac_f32 v27, v3, -v17, s0
0x0794: v_mac_f32 v41, v27, v0
0x0798: v_mov_b32 v29, s4
0x079c: v_sub_f32 v37, s6, v29
0x07a0: v_mul_f32 v40, v2, v27, -s0
0x07a8: v_mad_f32 v27, --2.f, v41, v18
0x07b0: v_rcp_f32 v37, v37
0x07b4: v_mov_b32 v30, s5
0x07b8: v_sub_f32 v30, s7, v30
0x07bc: v_add_f32 v29, s6, v29
0x07c0: v_rcp_f32 v30, v30
0x07c4: v_mul_f32 v51, v26, v27
0x07c8: v_mul_f32 v27, v0, v17
0x07cc: v_mac_f32 v27, v16, -v1, s0
0x07d4: v_mac_f32 v27, v3, -v18, s0
0x07dc: v_mac_f32 v40, v27, v1
0x07e0: v_mul_f32 v42, v0, v27, -s0
0x07e8: v_mad_f32 v27, v2, v28, v42
0x07f0: v_mad_f32 v28, --2.f, v40, v16
0x07f8: v_mad_f32 v27, --2.f, v27, v17
0x0800: v_mul_f32 v49, v26, v28
0x0804: v_mul_f32 v28, v37, v29
0x0808: v_mul_f32 v29, v30, v33
0x080c: v_mov_b32 v33, v18, s0, -s0
0x0814: v_mov_b32 v41, 0x3a83126f
0x081c: v_mul_f32 v50, v26, v27
0x0820: v_mul_f32 v27, 2.f, v30
0x0824: v_mul_f32 v31, v17, v27
0x0828: v_mul_f32 v53, v20, v27
0x082c: v_mul_f32 v40, v17, v36
0x0830: v_mad_f32 v56, v21, v29, v53
0x0838: v_mac_f32 v31, v29, v18
0x083c: v_mov_b32 v42, v33
0x0840: v_mac_f32 v40, v38, v18
0x0844: buffer_store_dwordx4 v[23:26], v0, s[0:3], offset=0x940, soffset=0x80
0x084c: s_nop 0x0
0x0850: v_mul_f32 v23, 2.f, v37
0x0854: v_mul_f32 v24, v19, v23
0x0858: v_mul_f32 v30, v16, v23
0x085c: v_mac_f32 v30, v28, v18
0x0860: v_mul_f32 v37, v39, v35
0x0864: v_mad_f32 v55, v21, v28, v24
0x086c: buffer_store_dwordx3 v[49:51], v0, s[0:3], offset=0x900, soffset=0x80
0x0874: s_nop 0x0
0x0878: v_mul_f32 v49, v17, v45
0x087c: v_mov_b32 v51, v33
0x0880: v_mac_f32 v49, v47, v18
0x0884: v_mov_b32 v50, 0x3a83126f
0x088c: buffer_store_dwordx4 v[30:33], v0, s[0:3], offset=0x30, soffset=0x80
0x0894: s_nop 0x0
0x0898: v_mul_f32 v32, 2.f, v39
0x089c: v_mul_f32 v39, v16, v32
0x08a0: v_mul_f32 v31, v6, v43
0x08a4: v_mac_f32 v39, v37, v18
0x08a8: buffer_store_dwordx4 v[39:42], v0, s[0:3], offset=0x330, soffset=0x80
0x08b0: s_nop 0x0
0x08b4: v_mul_f32 v41, 2.f, v48
0x08b8: v_mul_f32 v48, v16, v41
0x08bc: v_mul_f32 v53, v19, v41
0x08c0: v_mad_f32 v40, v5, -v44, v22
0x08c8: v_mul_f32 v42, v4, v31
0x08cc: v_mul_f32 v39, v4, v43
0x08d0: v_mul_f32 v43, v7, v31
0x08d4: v_mac_f32 v48, v46, v18
0x08d8: v_mac_f32 v53, v46, v21
0x08dc: v_mac_f32 v40, v31, v6, -s0
0x08e4: buffer_store_dwordx4 v[48:51], v0, s[0:3], offset=0x630, soffset=0x80
0x08ec: s_nop 0x0
0x08f0: v_mov_b32 v51, 0x3a83126f
0x08f8: v_mad_f32 v50, v21, v38, v52
0x0900: v_mov_b32 v52, v58
0x0904: buffer_store_dwordx4 v[55:58], v0, s[0:3], offset=0x70, soffset=0x80
0x090c: s_nop 0x0
0x0910: v_mov_b32 v55, 0x3a83126f
0x0918: v_mov_b32 v56, v58
0x091c: buffer_store_dwordx4 v[53:56], v0, s[0:3], offset=0x670, soffset=0x80
0x0924: s_nop 0x0
0x0928: v_mov_b32 v54, 0
0x092c: buffer_store_dwordx4 v[19:22], v0, s[0:3], offset=0x960, soffset=0x80
0x0934: s_nop 0x0
0x0938: v_mul_f32 v20, v19, v32
0x093c: v_mul_f32 v19, s19, v22
0x0940: v_mul_f32 v24, 2.f, v19
0x0944: v_mul_f32 v25, v2, v24
0x0948: v_mul_f32 v59, v1, v24
0x094c: v_mul_f32 v30, v0, v25
0x0950: v_mul_f32 v35, v0, v24
0x0954: v_mul_f32 v24, v3, v25
0x0958: v_mad_f32 v26, v1, v35, v24
0x0960: v_mad_f32 v49, v21, v37, v20
0x0968: v_mad_f32 v20, -v1, v35, v24
0x0970: v_mad_f32 v24, v3, v59, -v30
0x0978: v_mul_f32 v21, v27, v26
0x097c: v_mul_f32 v58, v23, v20
0x0980: v_mac_f32 v22, v39, v4, -s0
0x0988: v_mad_f32 v31, v6, -v31, v22
0x0990: buffer_store_dwordx4 v[49:52], v0, s[0:3], offset=0x370, soffset=0x80
0x0998: s_nop 0x0
0x099c: v_mov_b32 v51, v24, s0, -s0
0x09a4: v_mad_f32 v49, v29, v24, v21
0x09ac: v_mov_b32 v50, 0
0x09b0: buffer_store_dwordx4 v[16:19], v0, s[0:3], offset=0x920, soffset=0x80
0x09b8: s_nop 0x0
0x09bc: v_mad_f32 v16, v3, v59, v30
0x09c4: v_mad_f32 v30, v1, -v59, v19
0x09cc: v_mac_f32 v30, v25, v2, -s0
0x09d4: v_mul_f32 v33, v23, v30
0x09d8: v_mad_f32 v48, v28, v24, v33
0x09e0: v_mul_f32 v33, v3, v35
0x09e4: v_mad_f32 v35, v0, -v35, v19
0x09ec: v_mad_f32 v25, v2, -v25, v35
0x09f4: v_mul_f32 v57, v27, v25
0x09f8: v_mad_f32 v21, v2, v59, v33
0x0a00: v_mad_f32 v33, -v2, v59, v33
0x0a08: v_mov_b32 v55, v21, s0, -s0
0x0a10: v_mul_f32 v17, v36, v25
0x0a14: v_mul_f32 v25, v45, v25
0x0a18: v_mad_f32 v53, v29, v21, v57
0x0a20: v_mul_f32 v57, v36, v26
0x0a24: v_mul_f32 v26, v45, v26
0x0a28: v_mac_f32 v57, v24, v38
0x0a2c: v_mad_f32 v52, v28, v21, v58
0x0a34: v_mul_f32 v58, v32, v30
0x0a38: v_mad_f32 v56, v37, v24, v58
0x0a40: v_mov_b32 v58, 0
0x0a44: v_mul_f32 v30, v41, v30
0x0a48: v_mul_f32 v18, v7, v39
0x0a4c: v_mac_f32 v35, v59, v1, -s0
0x0a54: v_mov_b32 v59, v51
0x0a58: buffer_store_dwordx4 v[48:51], v0, s[0:3], offset=0x0, soffset=0x80
0x0a60: s_nop 0x0
0x0a64: v_mad_f32 v49, v47, v24, v26
0x0a6c: v_mad_f32 v48, v46, v24, v30
0x0a74: v_mul_f32 v24, v32, v20
0x0a78: v_mul_f32 v20, v41, v20
0x0a7c: v_mov_b32 v50, 0
0x0a80: v_mul_f32 v26, v0, v2
0x0a84: v_mul_f32 v30, v0, v3
0x0a88: v_mad_f32 v26, -v1, v3, v26, mul:2
0x0a90: v_mad_f32 v30, -v1, v2, -v30, mul:2
0x0a98: buffer_store_dwordx4 v[52:55], v0, s[0:3], offset=0x10, soffset=0x80
0x0aa0: s_nop 0x0
0x0aa4: v_mad_f32 v53, v47, v21, v25
0x0aac: v_mul_f32 v25, v27, v33
0x0ab0: v_mad_f32 v52, v46, v21, v20
0x0ab8: v_mul_f32 v20, v23, v16
0x0abc: v_mov_b32 v54, 0
0x0ac0: buffer_store_dwordx4 v[56:59], v0, s[0:3], offset=0x300, soffset=0x80
0x0ac8: s_nop 0x0
0x0acc: v_mad_f32 v57, v38, v21, v17
0x0ad4: v_mad_f32 v56, v37, v21, v24
0x0adc: v_mul_f32 v24, v45, v33
0x0ae0: v_mov_b32 v59, v55
0x0ae4: v_mul_f32 v17, v32, v16
0x0ae8: v_mov_b32 v58, 0
0x0aec: v_mul_f32 v21, v36, v33
0x0af0: v_mul_f32 v16, v41, v16
0x0af4: buffer_store_dwordx4 v[56:59], v0, s[0:3], offset=0x310, soffset=0x80
0x0afc: s_nop 0x0
0x0b00: v_mad_f32 v56, v28, v35, v20
0x0b08: v_mad_f32 v57, v29, v35, v25
0x0b10: v_mad_f32 v25, v5, v39, v43
0x0b18: v_mov_b32 v59, v35, s0, -s0
0x0b20: v_mul_f32 v33, v27, v25
0x0b24: v_mad_f32 v20, -v5, v39, v43
0x0b2c: v_mad_f32 v39, v6, v44, v18
0x0b34: v_and_b32 v43, 0x80000000, v19
0x0b3c: v_mov_b32 v58, 0
0x0b40: v_mad_f32 v18, -v6, v44, v18
0x0b48: v_xor_b32 v34, v34, v43
0x0b4c: v_xor_b32 v26, v26, v43
0x0b50: v_xor_b32 v30, v30, v43
0x0b54: v_mov_b32 v43, 0
0x0b58: buffer_store_dwordx4 v[48:51], v0, s[0:3], offset=0x600, soffset=0x80
0x0b60: s_nop 0x0
0x0b64: v_mov_b32 v51, 0
0x0b68: v_mad_f32 v49, v37, v35, v17
0x0b70: v_mad_f32 v50, v38, v35, v21
0x0b78: v_mul_f32 v21, v23, v20
0x0b7c: v_mad_f32 v17, v5, -v44, v22
0x0b84: v_mul_f32 v22, v23, v40
0x0b88: buffer_store_dwordx4 v[52:55], v0, s[0:3], offset=0x610, soffset=0x80
0x0b90: s_nop 0x0
0x0b94: v_mov_b32 v55, 0
0x0b98: v_mov_b32 v52, v59
0x0b9c: v_mad_f32 v53, v46, v35, v16
0x0ba4: v_mad_f32 v54, v47, v35, v24
0x0bac: v_mad_f32 v24, v7, v44, -v42
0x0bb4: v_mad_f32 v48, v28, v24, v22
0x0bbc: v_mul_f32 v22, v32, v40
0x0bc0: v_mul_f32 v35, v32, v20
0x0bc4: v_mul_f32 v40, v41, v40
0x0bc8: v_mac_f32 v42, v44, v7
0x0bcc: v_mul_f32 v44, v27, v31
0x0bd0: v_mul_f32 v16, v36, v31
0x0bd4: v_mul_f32 v31, v45, v31
0x0bd8: v_mul_f32 v20, v41, v20
0x0bdc: buffer_store_dwordx4 v[56:59], v0, s[0:3], offset=0x20, soffset=0x80
0x0be4: s_nop 0x0
0x0be8: v_mov_b32 v56, v59
0x0bec: v_mul_f32 v57, v36, v25
0x0bf0: v_mul_f32 v25, v45, v25
0x0bf4: v_mov_b32 v58, 0
0x0bf8: v_mac_f32 v57, v24, v38
0x0bfc: buffer_store_dwordx4 v[49:52], v0, s[0:3], offset=0x320, soffset=0x80
0x0c04: s_nop 0x0
0x0c08: v_mov_b32 v51, v24, s0, -s0
0x0c10: v_mad_f32 v49, v29, v24, v33
0x0c18: v_mov_b32 v59, v51
0x0c1c: v_mov_b32 v50, 0
0x0c20: v_mad_f32 v52, v28, v39, v21
0x0c28: v_mul_f32 v33, v27, v18
0x0c2c: v_mul_f32 v21, v23, v42
0x0c30: buffer_store_dwordx4 v[53:56], v0, s[0:3], offset=0x620, soffset=0x80
0x0c38: s_nop 0x0
0x0c3c: v_mov_b32 v55, v39, s0, -s0
0x0c44: v_mad_f32 v53, v29, v39, v44
0x0c4c: v_mov_b32 v54, 0
0x0c50: v_mad_f32 v56, v37, v24, v22
0x0c58: v_mul_f32 v22, v32, v42
0x0c5c: v_mul_f32 v44, v36, v18
0x0c60: v_mul_f32 v42, v41, v42
0x0c64: v_mul_f32 v18, v45, v18
0x0c68: buffer_store_dwordx4 v[48:51], v0, s[0:3], offset=0x40, soffset=0x80
0x0c70: s_nop 0x0
0x0c74: v_mad_f32 v48, v46, v24, v40
0x0c7c: v_mad_f32 v49, v47, v24, v25
0x0c84: v_mov_b32 v50, 0
0x0c88: v_mov_b32 v40, -1.f
0x0c8c: v_mov_b32 v24, 0
0x0c90: v_mov_b32 v25, 0
0x0c94: buffer_store_dwordx4 v[52:55], v0, s[0:3], offset=0x50, soffset=0x80
0x0c9c: s_nop 0x0
0x0ca0: v_mad_f32 v53, v47, v39, v31
0x0ca8: v_mad_f32 v52, v46, v39, v20
0x0cb0: v_mov_b32 v54, 0
0x0cb4: v_mov_b32 v31, -1.f
0x0cb8: buffer_store_dwordx4 v[56:59], v0, s[0:3], offset=0x340, soffset=0x80
0x0cc0: s_nop 0x0
0x0cc4: v_mov_b32 v59, v55
0x0cc8: v_mad_f32 v57, v38, v39, v16
0x0cd0: v_mad_f32 v56, v37, v39, v35
0x0cd8: v_mul_f32 v35, v19, v34, abs(s0)
0x0ce0: v_mov_b32 v58, 0
0x0ce4: v_mul_f32 v34, v19, v30, abs(s0)
0x0cec: v_mov_b32 v30, 0
0x0cf0: v_mov_b32 v39, 0
0x0cf4: v_mov_b32 v16, 0
0x0cf8: buffer_store_dwordx4 v[56:59], v0, s[0:3], offset=0x350, soffset=0x80
0x0d00: s_nop 0x0
0x0d04: v_mov_b32 v59, v17, s0, -s0
0x0d0c: v_mad_f32 v56, v28, v17, v21
0x0d14: v_mad_f32 v57, v29, v17, v33
0x0d1c: v_mul_f32 v33, v19, v26, abs(s0)
0x0d24: v_mov_b32 v26, 0
0x0d28: v_mov_b32 v58, 0
0x0d2c: v_mov_b32 v19, 0
0x0d30: buffer_store_dwordx4 v[48:51], v0, s[0:3], offset=0x640, soffset=0x80
0x0d38: s_nop 0x0
0x0d3c: v_mad_f32 v48, v37, v17, v22
0x0d44: v_mad_f32 v49, v38, v17, v44
0x0d4c: v_mov_b32 v44, 0
0x0d50: v_mov_b32 v50, 0
0x0d54: v_mov_b32 v51, v59
0x0d58: buffer_store_dwordx4 v[52:55], v0, s[0:3], offset=0x650, soffset=0x80
0x0d60: s_nop 0x0
0x0d64: v_mad_f32 v52, v46, v17, v42
0x0d6c: v_mad_f32 v53, v47, v17, v18
0x0d74: v_mov_b32 v54, 0
0x0d78: v_mov_b32 v55, v59
0x0d7c: v_mov_b32 v42, 0
0x0d80: v_mov_b32 v17, 0
0x0d84: v_mov_b32 v18, 0x3a83126f
0x0d8c: buffer_store_dwordx4 v[56:59], v0, s[0:3], offset=0x60, soffset=0x80
0x0d94: buffer_store_dwordx4 v[48:51], v0, s[0:3], offset=0x360, soffset=0x80
0x0d9c: s_nop 0x0
0x0da0: v_mov_b32 v48, 0
0x0da4: v_mov_b32 v49, -1.f
0x0da8: buffer_store_dwordx4 v[52:55], v0, s[0:3], offset=0x660, soffset=0x80
0x0db0: buffer_store_dwordx3 v[33:35], v0, s[0:3], offset=0x9a4, soffset=0x80
0x0db8: s_nop 0x0
0x0dbc: v_mov_b32 v35, 0
0x0dc0: v_mov_b32 v33, 0
0x0dc4: v_mov_b32 v34, 0
0x0dc8: buffer_store_dwordx4 v[28:31], v0, s[0:3], offset=0xa0, soffset=0x80
0x0dd0: s_nop 0x0
0x0dd4: v_mov_b32 v28, 0
0x0dd8: v_mov_b32 v29, 0
0x0ddc: buffer_store_dwordx4 v[37:40], v0, s[0:3], offset=0x3a0, soffset=0x80
0x0de4: s_nop 0x0
0x0de8: v_mov_b32 v37, 0
0x0dec: v_mov_b32 v38, 0
0x0df0: buffer_store_dwordx4 v[46:49], v0, s[0:3], offset=0x6a0, soffset=0x80
0x0df8: s_nop 0x0
0x0dfc: v_mov_b32 v46, 0
0x0e00: v_mov_b32 v47, 0
0x0e04: buffer_store_dwordx4 v[23:26], v0, s[0:3], offset=0x80, soffset=0x80
0x0e0c: s_nop 0x0
0x0e10: v_mov_b32 v26, 0
0x0e14: buffer_store_dwordx4 v[26:29], v0, s[0:3], offset=0x90, soffset=0x80
0x0e1c: buffer_store_dwordx4 v[32:35], v0, s[0:3], offset=0x380, soffset=0x80
0x0e24: s_nop 0x0
0x0e28: v_mov_b32 v35, 0
0x0e2c: buffer_store_dwordx4 v[35:38], v0, s[0:3], offset=0x390, soffset=0x80
0x0e34: buffer_store_dwordx4 v[41:44], v0, s[0:3], offset=0x680, soffset=0x80
0x0e3c: s_nop 0x0
0x0e40: v_mov_b32 v44, 0
0x0e44: buffer_store_dwordx4 v[44:47], v0, s[0:3], offset=0x690, soffset=0x80
0x0e4c: buffer_store_dwordx4 v[0:3], v0, s[0:3], offset=0x930, soffset=0x80
0x0e54: buffer_store_dwordx4 v[8:11], v0, s[0:3], offset=0x950, soffset=0x80
0x0e5c: buffer_store_dwordx4 v[4:7], v0, s[0:3], offset=0x970, soffset=0x80
0x0e64: buffer_store_dwordx4 v[12:15], v0, s[0:3], offset=0x990, soffset=0x80
0x0e6c: buffer_store_dwordx4 v[8:11], v0, s[0:3], offset=0x9b0, soffset=0x80
0x0e74: buffer_store_dwordx4 v[12:15], v0, s[0:3], offset=0x9c0, soffset=0x80
0x0e7c: buffer_store_dwordx4 v[16:19], v0, s[0:3], offset=0xb0, soffset=0x80
0x0e84: buffer_store_dwordx4 v[16:19], v0, s[0:3], offset=0x3b0, soffset=0x80
0x0e8c: buffer_store_dwordx4 v[16:19], v0, s[0:3], offset=0x6b0, soffset=0x80
0x0e94: v_mov_b32 v20, 0
0x0e98: s_mov_b64 s[6:7], exec
0x0e9c: v_cmpx_gt_u32 exec, s2, v20, s0
0x0ea4: buffer_store_dword v20, v20, s[0:3], idxen, offset=0x9a0, soffset=0x80
0x0eac: s_mov_b64 exec, s[6:7]
0x0eb0: v_cmpx_gt_u32 exec, s2, v20, s0
0x0eb8: buffer_store_dword v20, v20, s[0:3], idxen, offset=0x90c, soffset=0x80
0x0ec0: s_endpgm 0x0