[
    Instruction {
        inner: VOP3(
            VOP3Instruction {
                op: VOP3(
                    v_cubeid_f32,
                ),
                vdst: VectorGPR {
                    register_idx: 5,
                },
                src0: TransformedOperand {
                    operand: VectorGPR(
                        VectorGPR {
                            register_idx: 1,
                        },
                    ),
                    abs: false,
                    neg: false,
                },
                src1: TransformedOperand {
                    operand: Scalar(
                        Destination(
                            ScalarGPR(
                                2,
                            ),
                        ),
                    ),
                    abs: false,
                    neg: false,
                },
                src2: TransformedOperand {
                    operand: Scalar(
                        Destination(
                            ScalarGPR(
                                0,
                            ),
                        ),
                    ),
                    abs: false,
                    neg: false,
                },
                clamp: false,
                output_modifier: None,
            },
        ),
        literal_constant: None,
        program_counter: 0,
    },
]